output.c: In function ‘createBoard’:
output.c:7:3: error: ‘var639’ undeclared (first use in this function)
    7 |   var639 = (int)0;
      |   ^~~~~~
output.c:7:3: note: each undeclared identifier is reported only once for each function it appears in
output.c:8:3: error: ‘var640’ undeclared (first use in this function)
    8 |   var640 = 8 [0];
      |   ^~~~~~
output.c:8:14: error: subscripted value is neither array nor pointer nor vector
    8 |   var640 = 8 [0];
      |              ^
output.c:9:3: error: ‘var641’ undeclared (first use in this function)
    9 |   var641 = var640 * 8;
      |   ^~~~~~
output.c:10:3: error: ‘var642’ undeclared (first use in this function)
   10 |   var642 = sizeof = var641;
      |   ^~~~~~
output.c:10:19: error: expected expression before ‘=’ token
   10 |   var642 = sizeof = var641;
      |                   ^
output.c:11:29: error: ‘var250’ undeclared (first use in this function)
   11 |   int *var4 = (int *)malloc(var250);
      |                             ^~~~~~
output.c:16:5: error: ‘var643’ undeclared (first use in this function); did you mean ‘var6’?
   16 |     var643 = 8 * 8;
      |     ^~~~~~
      |     var6
output.c:17:5: error: ‘var644’ undeclared (first use in this function); did you mean ‘var6’?
   17 |     var644 = var6 < var643; var4 [ 0 ] var6 ) = 2 ;
      |     ^~~~~~
      |     var6
output.c:17:39: error: expected ‘;’ before ‘var6’
   17 |     var644 = var6 < var643; var4 [ 0 ] var6 ) = 2 ;
      |                                       ^~~~~
      |                                       ;
output.c:17:45: error: expected statement before ‘)’ token
   17 |     var644 = var6 < var643; var4 [ 0 ] var6 ) = 2 ;
      |                                             ^
output.c:17:47: error: expected expression before ‘=’ token
   17 |     var644 = var6 < var643; var4 [ 0 ] var6 ) = 2 ;
      |                                               ^
output.c: At top level:
output.c:24:1: warning: data definition has no type or storage class
   24 | var645 = 8 >> 1;
      | ^~~~~~
output.c:24:1: error: type defaults to ‘int’ in declaration of ‘var645’ [-Wimplicit-int]
output.c:25:1: warning: data definition has no type or storage class
   25 | var646 = var645 - 1;
      | ^~~~~~
output.c:25:1: error: type defaults to ‘int’ in declaration of ‘var646’ [-Wimplicit-int]
output.c:25:10: error: initializer element is not constant
   25 | var646 = var645 - 1;
      |          ^~~~~~
output.c:26:1: warning: data definition has no type or storage class
   26 | var647 = int var7 = var646;
      | ^~~~~~
output.c:26:1: error: type defaults to ‘int’ in declaration of ‘var647’ [-Wimplicit-int]
output.c:26:10: error: expected expression before ‘int’
   26 | var647 = int var7 = var646;
      |          ^~~
output.c:27:1: warning: data definition has no type or storage class
   27 | var648 = 8 >> 1;
      | ^~~~~~
output.c:27:1: error: type defaults to ‘int’ in declaration of ‘var648’ [-Wimplicit-int]
output.c:28:1: warning: data definition has no type or storage class
   28 | var649 = var648 - 1;
      | ^~~~~~
output.c:28:1: error: type defaults to ‘int’ in declaration of ‘var649’ [-Wimplicit-int]
output.c:28:10: error: initializer element is not constant
   28 | var649 = var648 - 1;
      |          ^~~~~~
output.c:29:1: warning: data definition has no type or storage class
   29 | var650 = int var8 = var649;
      | ^~~~~~
output.c:29:1: error: type defaults to ‘int’ in declaration of ‘var650’ [-Wimplicit-int]
output.c:29:10: error: expected expression before ‘int’
   29 | var650 = int var8 = var649;
      |          ^~~
output.c:30:1: warning: data definition has no type or storage class
   30 | var651 = var7 * 8;
      | ^~~~~~
output.c:30:1: error: type defaults to ‘int’ in declaration of ‘var651’ [-Wimplicit-int]
output.c:30:10: error: ‘var7’ undeclared here (not in a function); did you mean ‘var647’?
   30 | var651 = var7 * 8;
      |          ^~~~
      |          var647
output.c:31:1: warning: data definition has no type or storage class
   31 | var652 = var651 + var8;
      | ^~~~~~
output.c:31:1: error: type defaults to ‘int’ in declaration of ‘var652’ [-Wimplicit-int]
output.c:31:19: error: ‘var8’ undeclared here (not in a function); did you mean ‘var648’?
   31 | var652 = var651 + var8;
      |                   ^~~~
      |                   var648
output.c:32:1: warning: data definition has no type or storage class
   32 | var653 = var4[0];
      | ^~~~~~
output.c:32:1: error: type defaults to ‘int’ in declaration of ‘var653’ [-Wimplicit-int]
output.c:32:10: error: ‘var4’ undeclared here (not in a function); did you mean ‘var649’?
   32 | var653 = var4[0];
      |          ^~~~
      |          var649
output.c:33:1: warning: data definition has no type or storage class
   33 | var654 = var653 = 1;
      | ^~~~~~
output.c:33:1: error: type defaults to ‘int’ in declaration of ‘var654’ [-Wimplicit-int]
output.c:33:10: error: initializer element is not constant
   33 | var654 = var653 = 1;
      |          ^~~~~~
output.c:34:1: warning: data definition has no type or storage class
   34 | var655 = var7 * 8;
      | ^~~~~~
output.c:34:1: error: type defaults to ‘int’ in declaration of ‘var655’ [-Wimplicit-int]
output.c:35:1: warning: data definition has no type or storage class
   35 | var656 = var655 + var8;
      | ^~~~~~
output.c:35:1: error: type defaults to ‘int’ in declaration of ‘var656’ [-Wimplicit-int]
output.c:36:1: warning: data definition has no type or storage class
   36 | var657 = var656 + 1;
      | ^~~~~~
output.c:36:1: error: type defaults to ‘int’ in declaration of ‘var657’ [-Wimplicit-int]
output.c:36:10: error: initializer element is not constant
   36 | var657 = var656 + 1;
      |          ^~~~~~
output.c:37:1: warning: data definition has no type or storage class
   37 | var658 = var4[0];
      | ^~~~~~
output.c:37:1: error: type defaults to ‘int’ in declaration of ‘var658’ [-Wimplicit-int]
output.c:38:1: warning: data definition has no type or storage class
   38 | var659 = var658 = 0;
      | ^~~~~~
output.c:38:1: error: type defaults to ‘int’ in declaration of ‘var659’ [-Wimplicit-int]
output.c:38:10: error: initializer element is not constant
   38 | var659 = var658 = 0;
      |          ^~~~~~
output.c:39:1: warning: data definition has no type or storage class
   39 | var660 = var7 + 1;
      | ^~~~~~
output.c:39:1: error: type defaults to ‘int’ in declaration of ‘var660’ [-Wimplicit-int]
output.c:40:1: warning: data definition has no type or storage class
   40 | var661 = var660 * 8;
      | ^~~~~~
output.c:40:1: error: type defaults to ‘int’ in declaration of ‘var661’ [-Wimplicit-int]
output.c:40:10: error: initializer element is not constant
   40 | var661 = var660 * 8;
      |          ^~~~~~
output.c:41:1: warning: data definition has no type or storage class
   41 | var662 = var661 + var8;
      | ^~~~~~
output.c:41:1: error: type defaults to ‘int’ in declaration of ‘var662’ [-Wimplicit-int]
output.c:42:1: warning: data definition has no type or storage class
   42 | var663 = var4[0];
      | ^~~~~~
output.c:42:1: error: type defaults to ‘int’ in declaration of ‘var663’ [-Wimplicit-int]
output.c:43:1: warning: data definition has no type or storage class
   43 | var664 = var663 = 0;
      | ^~~~~~
output.c:43:1: error: type defaults to ‘int’ in declaration of ‘var664’ [-Wimplicit-int]
output.c:43:10: error: initializer element is not constant
   43 | var664 = var663 = 0;
      |          ^~~~~~
output.c:44:1: warning: data definition has no type or storage class
   44 | var665 = var7 + 1;
      | ^~~~~~
output.c:44:1: error: type defaults to ‘int’ in declaration of ‘var665’ [-Wimplicit-int]
output.c:45:1: warning: data definition has no type or storage class
   45 | var666 = var665 * 8;
      | ^~~~~~
output.c:45:1: error: type defaults to ‘int’ in declaration of ‘var666’ [-Wimplicit-int]
output.c:45:10: error: initializer element is not constant
   45 | var666 = var665 * 8;
      |          ^~~~~~
output.c:46:1: warning: data definition has no type or storage class
   46 | var667 = var666 + var8;
      | ^~~~~~
output.c:46:1: error: type defaults to ‘int’ in declaration of ‘var667’ [-Wimplicit-int]
output.c:47:1: warning: data definition has no type or storage class
   47 | var668 = var667 + 1;
      | ^~~~~~
output.c:47:1: error: type defaults to ‘int’ in declaration of ‘var668’ [-Wimplicit-int]
output.c:47:10: error: initializer element is not constant
   47 | var668 = var667 + 1;
      |          ^~~~~~
output.c:48:1: warning: data definition has no type or storage class
   48 | var669 = var4[0];
      | ^~~~~~
output.c:48:1: error: type defaults to ‘int’ in declaration of ‘var669’ [-Wimplicit-int]
output.c:49:1: warning: data definition has no type or storage class
   49 | var670 = var669 = 1;
      | ^~~~~~
output.c:49:1: error: type defaults to ‘int’ in declaration of ‘var670’ [-Wimplicit-int]
output.c:49:10: error: initializer element is not constant
   49 | var670 = var669 = 1;
      |          ^~~~~~
output.c:51:1: error: expected identifier or ‘(’ before ‘return’
   51 | return var227;
      | ^~~~~~
output.c:52:1: error: expected identifier or ‘(’ before ‘}’ token
   52 | }
      | ^
output.c: In function ‘printBoard’:
output.c:63:30: error: expected ‘)’ before ‘access’
   63 |           printf("%d ", var10 access(var11));
      |                 ~            ^~~~~~~
      |                              )
output.c: In function ‘printAsciiBoard’:
output.c:85:3: error: ‘var671’ undeclared (first use in this function); did you mean ‘var670’?
   85 |   var671 = 7 * 8;
      |   ^~~~~~
      |   var670
output.c:86:3: error: ‘var672’ undeclared (first use in this function); did you mean ‘var670’?
   86 |   var672 = 8 - 1;
      |   ^~~~~~
      |   var670
output.c:87:3: error: ‘var673’ undeclared (first use in this function); did you mean ‘var670’?
   87 |   var673 = var671 + var672;
      |   ^~~~~~
      |   var670
output.c:88:3: error: ‘var674’ undeclared (first use in this function); did you mean ‘var670’?
   88 |   var674 = int var19 = var673;
      |   ^~~~~~
      |   var670
output.c:88:12: error: expected expression before ‘int’
   88 |   var674 = int var19 = var673;
      |            ^~~
output.c:89:3: error: ‘var675’ undeclared (first use in this function); did you mean ‘var670’?
   89 |   var675 = 4 * 8;
      |   ^~~~~~
      |   var670
output.c:90:3: error: ‘var676’ undeclared (first use in this function); did you mean ‘var670’?
   90 |   var676 = 8 - 1;
      |   ^~~~~~
      |   var670
output.c:91:3: error: ‘var677’ undeclared (first use in this function); did you mean ‘var670’?
   91 |   var677 = var675 + var676;
      |   ^~~~~~
      |   var670
output.c:92:3: error: ‘var678’ undeclared (first use in this function); did you mean ‘var670’?
   92 |   var678 = int var20 = var677;
      |   ^~~~~~
      |   var670
output.c:92:12: error: expected expression before ‘int’
   92 |   var678 = int var20 = var677;
      |            ^~~
output.c:93:3: error: ‘var679’ undeclared (first use in this function); did you mean ‘var670’?
   93 |   var679 = var19 * var20;
      |   ^~~~~~
      |   var670
output.c:93:12: error: ‘var19’ undeclared (first use in this function); did you mean ‘var18’?
   93 |   var679 = var19 * var20;
      |            ^~~~~
      |            var18
output.c:93:20: error: ‘var20’ undeclared (first use in this function)
   93 |   var679 = var19 * var20;
      |                    ^~~~~
output.c:94:3: error: ‘var680’ undeclared (first use in this function); did you mean ‘var670’?
   94 |   var680 = var679 + var20;
      |   ^~~~~~
      |   var670
output.c:95:3: error: ‘var681’ undeclared (first use in this function); did you mean ‘var661’?
   95 |   var681 = int var21 = var680;
      |   ^~~~~~
      |   var661
output.c:95:12: error: expected expression before ‘int’
   95 |   var681 = int var21 = var680;
      |            ^~~
output.c:96:3: error: ‘var682’ undeclared (first use in this function); did you mean ‘var662’?
   96 |   var682 = (char)0;
      |   ^~~~~~
      |   var662
output.c:97:3: error: ‘var683’ undeclared (first use in this function); did you mean ‘var663’?
   97 |   var683 = var21[0];
      |   ^~~~~~
      |   var663
output.c:97:12: error: ‘var21’ undeclared (first use in this function)
   97 |   var683 = var21[0];
      |            ^~~~~
output.c:98:3: error: ‘var684’ undeclared (first use in this function); did you mean ‘var664’?
   98 |   var684 = sizeof = var683;
      |   ^~~~~~
      |   var664
output.c:98:19: error: expected expression before ‘=’ token
   98 |   var684 = sizeof = var683;
      |                   ^
output.c:99:32: error: ‘var254’ undeclared (first use in this function); did you mean ‘var654’?
   99 |   char *var22 = (char *)malloc(var254);
      |                                ^~~~~~
      |                                var654
output.c:104:37: error: expected ‘;’ before ‘var24’
  104 |     if (var24 < var21) { var22 [ 0 ] var24 ) = ' ' ;
      |                                     ^~~~~~
      |                                     ;
output.c:104:44: error: expected statement before ‘)’ token
  104 |     if (var24 < var21) { var22 [ 0 ] var24 ) = ' ' ;
      |                                            ^
output.c:104:46: error: expected expression before ‘=’ token
  104 |     if (var24 < var21) { var22 [ 0 ] var24 ) = ' ' ;
      |                                              ^
output.c:112:3: error: ‘var685’ undeclared (first use in this function); did you mean ‘var665’?
  112 |   var685 = var21 - 1;
      |   ^~~~~~
      |   var665
output.c:113:3: error: ‘var686’ undeclared (first use in this function); did you mean ‘var668’?
  113 |   var686 = var22[0];
      |   ^~~~~~
      |   var668
output.c:114:3: error: ‘var687’ undeclared (first use in this function); did you mean ‘var667’?
  114 |   var687 = var686 = '\0';
      |   ^~~~~~
      |   var667
output.c:119:7: error: ‘var688’ undeclared (first use in this function); did you mean ‘var668’?
  119 |       var688 = var25 * var19;
      |       ^~~~~~
      |       var668
output.c:120:7: error: ‘var689’ undeclared (first use in this function); did you mean ‘var669’?
  120 |       var689 = var688 + var19;
      |       ^~~~~~
      |       var669
output.c:121:7: error: ‘var690’ undeclared (first use in this function); did you mean ‘var670’?
  121 |       var690 = var689 + var25;
      |       ^~~~~~
      |       var670
output.c:122:7: error: ‘var691’ undeclared (first use in this function); did you mean ‘var661’?
  122 |       var691 = var22[0];
      |       ^~~~~~
      |       var661
output.c:123:7: error: ‘var692’ undeclared (first use in this function); did you mean ‘var662’?
  123 |       var692 = var691 = '\n';
      |       ^~~~~~
      |       var662
output.c:139:11: error: ‘var693’ undeclared (first use in this function); did you mean ‘var663’?
  139 |           var693 = var26 * var19;
      |           ^~~~~~
      |           var663
output.c:140:11: error: ‘var694’ undeclared (first use in this function); did you mean ‘var664’?
  140 |           var694 = var693 + var27;
      |           ^~~~~~
      |           var664
output.c:141:11: error: ‘var695’ undeclared (first use in this function); did you mean ‘var665’?
  141 |           var695 = var694 + var26;
      |           ^~~~~~
      |           var665
output.c:142:11: error: ‘var696’ undeclared (first use in this function); did you mean ‘var669’?
  142 |           var696 = var22[0];
      |           ^~~~~~
      |           var669
output.c:143:11: error: ‘var697’ undeclared (first use in this function); did you mean ‘var667’?
  143 |           var697 = var696 = '|';
      |           ^~~~~~
      |           var667
output.c:144:11: error: ‘var698’ undeclared (first use in this function); did you mean ‘var668’?
  144 |           var698 = 7 + 1;
      |           ^~~~~~
      |           var668
output.c:145:11: error: ‘var699’ undeclared (first use in this function); did you mean ‘var669’?
  145 |           var699 = var27 + var698;
      |           ^~~~~~
      |           var669
output.c:146:11: error: ‘var700’ undeclared (first use in this function); did you mean ‘var670’?
  146 |           var700 = var27 = var699;
      |           ^~~~~~
      |           var670
output.c:163:7: error: ‘var701’ undeclared (first use in this function); did you mean ‘var670’?
  163 |       var701 = 4 + 1;
      |       ^~~~~~
      |       var670
output.c:164:7: error: ‘var702’ undeclared (first use in this function); did you mean ‘var22’?
  164 |       var702 = var28 % var701;
      |       ^~~~~~
      |       var22
output.c:165:7: error: ‘var703’ undeclared (first use in this function); did you mean ‘var670’?
  165 |       var703 = var702 == 4;
      |       ^~~~~~
      |       var670
output.c:166:7: error: ‘var704’ undeclared (first use in this function); did you mean ‘var670’?
  166 |       var704 = int var511 = var703;
      |       ^~~~~~
      |       var670
output.c:166:16: error: expected expression before ‘int’
  166 |       var704 = int var511 = var703;
      |                ^~~
output.c:167:11: error: ‘var511’ undeclared (first use in this function); did you mean ‘var18’?
  167 |       if (var511) {
      |           ^~~~~~
      |           var18
output.c:172:13: error: ‘var705’ undeclared (first use in this function); did you mean ‘var670’?
  172 |             var705 = 7 + 1;
      |             ^~~~~~
      |             var670
output.c:173:13: error: ‘var706’ undeclared (first use in this function); did you mean ‘var670’?
  173 |             var706 = var29 % var705;
      |             ^~~~~~
      |             var670
output.c:174:13: error: ‘var707’ undeclared (first use in this function); did you mean ‘var17’?
  174 |             var707 = var706 == 7;
      |             ^~~~~~
      |             var17
output.c:175:13: error: ‘var708’ undeclared (first use in this function); did you mean ‘var28’?
  175 |             var708 = int var512 = var707;
      |             ^~~~~~
      |             var28
output.c:175:22: error: expected expression before ‘int’
  175 |             var708 = int var512 = var707;
      |                      ^~~
output.c:176:17: error: ‘var512’ undeclared (first use in this function); did you mean ‘var22’?
  176 |             if (var512) {
      |                 ^~~~~~
      |                 var22
output.c:177:15: error: ‘var709’ undeclared (first use in this function); did you mean ‘var29’?
  177 |               var709 = var28 * var19;
      |               ^~~~~~
      |               var29
output.c:178:15: error: ‘var710’ undeclared (first use in this function); did you mean ‘var18’?
  178 |               var710 = var709 + var29;
      |               ^~~~~~
      |               var18
output.c:179:15: error: ‘var711’ undeclared (first use in this function); did you mean ‘var18’?
  179 |               var711 = var710 + var28;
      |               ^~~~~~
      |               var18
output.c:180:15: error: ‘var712’ undeclared (first use in this function); did you mean ‘var22’?
  180 |               var712 = var22[0];
      |               ^~~~~~
      |               var22
output.c:181:15: error: ‘var713’ undeclared (first use in this function); did you mean ‘var18’?
  181 |               var713 = var712 = '+';
      |               ^~~~~~
      |               var18
output.c:183:15: error: ‘var714’ undeclared (first use in this function); did you mean ‘var18’?
  183 |               var714 = var28 * var19;
      |               ^~~~~~
      |               var18
output.c:184:15: error: ‘var715’ undeclared (first use in this function); did you mean ‘var18’?
  184 |               var715 = var714 + var29;
      |               ^~~~~~
      |               var18
output.c:185:15: error: ‘var716’ undeclared (first use in this function); did you mean ‘var18’?
  185 |               var716 = var715 + var28;
      |               ^~~~~~
      |               var18
output.c:186:15: error: ‘var717’ undeclared (first use in this function); did you mean ‘var17’?
  186 |               var717 = var22[0];
      |               ^~~~~~
      |               var17
output.c:187:15: error: ‘var718’ undeclared (first use in this function); did you mean ‘var18’?
  187 |               var718 = var717 = '-';
      |               ^~~~~~
      |               var18
output.c:205:3: error: ‘var719’ undeclared (first use in this function); did you mean ‘var18’?
  205 |   var719 = 7 + 1;
      |   ^~~~~~
      |   var18
output.c:206:3: error: ‘var720’ undeclared (first use in this function); did you mean ‘var22’?
  206 |   var720 = char var30[0];
      |   ^~~~~~
      |   var22
output.c:206:12: error: expected expression before ‘char’
  206 |   var720 = char var30[0];
      |            ^~~~
output.c:210:5: error: ‘var721’ undeclared (first use in this function); did you mean ‘var31’?
  210 |     var721 = 7 + 1;
      |     ^~~~~~
      |     var31
output.c:211:5: error: ‘var722’ undeclared (first use in this function); did you mean ‘var22’?
  211 |     var722 = var31 < var721; var30 [ 0 ] var31 ) = ' ' ;
      |     ^~~~~~
      |     var22
output.c:211:30: error: ‘var30’ undeclared (first use in this function); did you mean ‘var31’?
  211 |     var722 = var31 < var721; var30 [ 0 ] var31 ) = ' ' ;
      |                              ^~~~~
      |                              var31
output.c:211:41: error: expected ‘;’ before ‘var31’
  211 |     var722 = var31 < var721; var30 [ 0 ] var31 ) = ' ' ;
      |                                         ^~~~~~
      |                                         ;
output.c:211:48: error: expected statement before ‘)’ token
  211 |     var722 = var31 < var721; var30 [ 0 ] var31 ) = ' ' ;
      |                                                ^
output.c:211:50: error: expected expression before ‘=’ token
  211 |     var722 = var31 < var721; var30 [ 0 ] var31 ) = ' ' ;
      |                                                  ^
output.c: At top level:
output.c:220:1: error: expected identifier or ‘(’ before ‘{’ token
  220 | {
      | ^
output.c:461:1: warning: data definition has no type or storage class
  461 | var765 = var21 - 1;
      | ^~~~~~
output.c:461:1: error: type defaults to ‘int’ in declaration of ‘var765’ [-Wimplicit-int]
output.c:461:10: error: ‘var21’ undeclared here (not in a function)
  461 | var765 = var21 - 1;
      |          ^~~~~
output.c:462:1: warning: data definition has no type or storage class
  462 | var766 = var22[0];
      | ^~~~~~
output.c:462:1: error: type defaults to ‘int’ in declaration of ‘var766’ [-Wimplicit-int]
output.c:462:10: error: ‘var22’ undeclared here (not in a function); did you mean ‘var32’?
  462 | var766 = var22[0];
      |          ^~~~~
      |          var32
output.c:463:1: warning: data definition has no type or storage class
  463 | var767 = var766 = '\0';
      | ^~~~~~
output.c:463:1: error: type defaults to ‘int’ in declaration of ‘var767’ [-Wimplicit-int]
output.c:463:10: error: initializer element is not constant
  463 | var767 = var766 = '\0';
      |          ^~~~~~
output.c:464:8: error: expected declaration specifiers or ‘...’ before string constant
  464 | printf("%s\n", var22);
      |        ^~~~~~
output.c:464:16: error: expected declaration specifiers or ‘...’ before ‘var22’
  464 | printf("%s\n", var22);
      |                ^~~~~
output.c:466:1: warning: data definition has no type or storage class
  466 | free(var22);
      | ^~~~
output.c:466:1: error: type defaults to ‘int’ in declaration of ‘free’ [-Wimplicit-int]
output.c:466:1: error: parameter names (without types) in function declaration [-Wdeclaration-missing-parameter-type]
output.c:466:1: error: conflicting types for ‘free’; have ‘int()’
In file included from output.c:3:
/usr/include/stdlib.h:687:13: note: previous declaration of ‘free’ with type ‘void(void *)’
  687 | extern void free (void *__ptr) __THROW;
      |             ^~~~
output.c:468:1: error: expected identifier or ‘(’ before ‘}’ token
  468 | }
      | ^
output.c: In function ‘getValidMoves’:
output.c:475:5: error: ‘var768’ undeclared (first use in this function); did you mean ‘var767’?
  475 |     var768 = 8 * 8;
      |     ^~~~~~
      |     var767
output.c:476:5: error: ‘var769’ undeclared (first use in this function); did you mean ‘var767’?
  476 |     var769 = var52 < var768; var48 [ 0 ] var52 ) = var53 ;
      |     ^~~~~~
      |     var767
output.c:476:41: error: expected ‘;’ before ‘var52’
  476 |     var769 = var52 < var768; var48 [ 0 ] var52 ) = var53 ;
      |                                         ^~~~~~
      |                                         ;
output.c:476:48: error: expected statement before ‘)’ token
  476 |     var769 = var52 < var768; var48 [ 0 ] var52 ) = var53 ;
      |                                                ^
output.c:476:50: error: expected expression before ‘=’ token
  476 |     var769 = var52 < var768; var48 [ 0 ] var52 ) = var53 ;
      |                                                  ^
output.c:476:52: error: ‘var53’ undeclared (first use in this function); did you mean ‘var52’?
  476 |     var769 = var52 < var768; var48 [ 0 ] var52 ) = var53 ;
      |                                                    ^~~~~
      |                                                    var52
output.c: At top level:
output.c:483:1: error: expected identifier or ‘(’ before ‘{’ token
  483 | {
      | ^
output.c:603:1: error: expected identifier or ‘(’ before ‘else’
  603 | else {
      | ^~~~
output.c:605:10: error: expected ‘=’, ‘,’, ‘;’, ‘asm’ or ‘__attribute__’ before ‘:’ token
  605 | label_42 : var55 = var54 - 1;
      |          ^
output.c:606:1: warning: data definition has no type or storage class
  606 | var56 = 0;
      | ^~~~~
output.c:606:1: error: type defaults to ‘int’ in declaration of ‘var56’ [-Wimplicit-int]
output.c:607:10: error: expected ‘=’, ‘,’, ‘;’, ‘asm’ or ‘__attribute__’ before ‘:’ token
  607 | label_43 : var1350 = var55 < 0;
      |          ^
output.c:608:1: warning: data definition has no type or storage class
  608 | var1452 = 0;
      | ^~~~~~~
output.c:608:1: error: type defaults to ‘int’ in declaration of ‘var1452’ [-Wimplicit-int]
output.c:609:1: error: expected identifier or ‘(’ before ‘if’
  609 | if (var1350) {
      | ^~
output.c:611:3: error: expected identifier or ‘(’ before ‘else’
  611 | } else {
      |   ^~~~
output.c:613:1: warning: data definition has no type or storage class
  613 | var1351 = var1452;
      | ^~~~~~~
output.c:613:1: error: type defaults to ‘int’ in declaration of ‘var1351’ [-Wimplicit-int]
output.c:613:11: error: initializer element is not constant
  613 | var1351 = var1452;
      |           ^~~~~~~
output.c:614:1: warning: data definition has no type or storage class
  614 | var1352 = var797 = var1351;
      | ^~~~~~~
output.c:614:1: error: type defaults to ‘int’ in declaration of ‘var1352’ [-Wimplicit-int]
output.c:614:11: error: ‘var797’ undeclared here (not in a function); did you mean ‘var767’?
  614 | var1352 = var797 = var1351;
      |           ^~~~~~
      |           var767
output.c:615:1: warning: data definition has no type or storage class
  615 | var798 = var55 % 8;
      | ^~~~~~
output.c:615:1: error: type defaults to ‘int’ in declaration of ‘var798’ [-Wimplicit-int]
output.c:615:10: error: ‘var55’ undeclared here (not in a function); did you mean ‘var56’?
  615 | var798 = var55 % 8;
      |          ^~~~~
      |          var56
output.c:616:1: warning: data definition has no type or storage class
  616 | var799 = 8 - 1;
      | ^~~~~~
output.c:616:1: error: type defaults to ‘int’ in declaration of ‘var799’ [-Wimplicit-int]
output.c:617:1: warning: data definition has no type or storage class
  617 | var800 = var798 < var799;
      | ^~~~~~
output.c:617:1: error: type defaults to ‘int’ in declaration of ‘var800’ [-Wimplicit-int]
output.c:617:10: error: initializer element is not constant
  617 | var800 = var798 < var799;
      |          ^~~~~~
output.c:618:1: warning: data definition has no type or storage class
  618 | var1307 = 0;
      | ^~~~~~~
output.c:618:1: error: type defaults to ‘int’ in declaration of ‘var1307’ [-Wimplicit-int]
output.c:619:1: error: expected identifier or ‘(’ before ‘if’
  619 | if (var797) {
      | ^~
output.c:624:3: error: expected identifier or ‘(’ before ‘else’
  624 | } else {
      |   ^~~~
output.c:626:1: warning: data definition has no type or storage class
  626 | var801 = var1307;
      | ^~~~~~
output.c:626:1: error: type defaults to ‘int’ in declaration of ‘var801’ [-Wimplicit-int]
output.c:626:10: error: initializer element is not constant
  626 | var801 = var1307;
      |          ^~~~~~~
output.c:627:1: warning: data definition has no type or storage class
  627 | var802 = var47[0];
      | ^~~~~~
output.c:627:1: error: type defaults to ‘int’ in declaration of ‘var802’ [-Wimplicit-int]
output.c:627:10: error: ‘var47’ undeclared here (not in a function); did you mean ‘var647’?
  627 | var802 = var47[0];
      |          ^~~~~
      |          var647
output.c:628:1: warning: data definition has no type or storage class
  628 | var803 = var802 == 2;
      | ^~~~~~
output.c:628:1: error: type defaults to ‘int’ in declaration of ‘var803’ [-Wimplicit-int]
output.c:628:10: error: initializer element is not constant
  628 | var803 = var802 == 2;
      |          ^~~~~~
output.c:629:1: warning: data definition has no type or storage class
  629 | var1308 = 0;
      | ^~~~~~~
output.c:629:1: error: type defaults to ‘int’ in declaration of ‘var1308’ [-Wimplicit-int]
output.c:630:1: error: expected identifier or ‘(’ before ‘if’
  630 | if (var56) {
      | ^~
output.c:635:3: error: expected identifier or ‘(’ before ‘else’
  635 | } else {
      |   ^~~~
output.c:637:1: warning: data definition has no type or storage class
  637 | var804 = var1308;
      | ^~~~~~
output.c:637:1: error: type defaults to ‘int’ in declaration of ‘var804’ [-Wimplicit-int]
output.c:637:10: error: initializer element is not constant
  637 | var804 = var1308;
      |          ^~~~~~~
output.c:638:1: warning: data definition has no type or storage class
  638 | var805 = int var524 = var804;
      | ^~~~~~
output.c:638:1: error: type defaults to ‘int’ in declaration of ‘var805’ [-Wimplicit-int]
output.c:638:10: error: expected expression before ‘int’
  638 | var805 = int var524 = var804;
      |          ^~~
output.c:639:1: error: expected identifier or ‘(’ before ‘if’
  639 | if (var524) {
      | ^~
output.c:656:3: error: expected identifier or ‘(’ before ‘else’
  656 | } else {
      |   ^~~~
output.c:671:1: warning: data definition has no type or storage class
  671 | var55 = var55 - (1);
      | ^~~~~
output.c:671:1: error: type defaults to ‘int’ in declaration of ‘var55’ [-Wimplicit-int]
output.c:671:9: error: initializer element is not constant
  671 | var55 = var55 - (1);
      |         ^~~~~
output.c:672:1: error: expected identifier or ‘(’ before ‘goto’
  672 | goto label_43;
      | ^~~~
output.c:673:1: error: expected identifier or ‘(’ before ‘}’ token
  673 | }
      | ^
output.c:674:10: error: expected ‘=’, ‘,’, ‘;’, ‘asm’ or ‘__attribute__’ before ‘:’ token
  674 | label_44 : var55 = var54 + 1;
      |          ^
output.c:675:1: warning: data definition has no type or storage class
  675 | var56 = 0;
      | ^~~~~
output.c:675:1: error: type defaults to ‘int’ in declaration of ‘var56’ [-Wimplicit-int]
output.c:675:1: error: redefinition of ‘var56’
output.c:606:1: note: previous definition of ‘var56’ with type ‘int’
  606 | var56 = 0;
      | ^~~~~
output.c:676:10: error: expected ‘=’, ‘,’, ‘;’, ‘asm’ or ‘__attribute__’ before ‘:’ token
  676 | label_45 : var812 = var55 % 8;
      |          ^
output.c:677:1: warning: data definition has no type or storage class
  677 | var813 = var812 > 0;
      | ^~~~~~
output.c:677:1: error: type defaults to ‘int’ in declaration of ‘var813’ [-Wimplicit-int]
output.c:677:10: error: ‘var812’ undeclared here (not in a function); did you mean ‘var813’?
  677 | var813 = var812 > 0;
      |          ^~~~~~
      |          var813
output.c:678:1: warning: data definition has no type or storage class
  678 | var814 = var47[0];
      | ^~~~~~
output.c:678:1: error: type defaults to ‘int’ in declaration of ‘var814’ [-Wimplicit-int]
output.c:679:1: warning: data definition has no type or storage class
  679 | var815 = var814 == 2;
      | ^~~~~~
output.c:679:1: error: type defaults to ‘int’ in declaration of ‘var815’ [-Wimplicit-int]
output.c:679:10: error: initializer element is not constant
  679 | var815 = var814 == 2;
      |          ^~~~~~
output.c:680:1: warning: data definition has no type or storage class
  680 | var1309 = 0;
      | ^~~~~~~
output.c:680:1: error: type defaults to ‘int’ in declaration of ‘var1309’ [-Wimplicit-int]
output.c:681:1: error: expected identifier or ‘(’ before ‘if’
  681 | if (var56) {
      | ^~
output.c:686:3: error: expected identifier or ‘(’ before ‘else’
  686 | } else {
      |   ^~~~
output.c:688:1: warning: data definition has no type or storage class
  688 | var816 = var1309;
      | ^~~~~~
output.c:688:1: error: type defaults to ‘int’ in declaration of ‘var816’ [-Wimplicit-int]
output.c:688:10: error: initializer element is not constant
  688 | var816 = var1309;
      |          ^~~~~~~
output.c:689:1: warning: data definition has no type or storage class
  689 | var817 = int var528 = var816;
      | ^~~~~~
output.c:689:1: error: type defaults to ‘int’ in declaration of ‘var817’ [-Wimplicit-int]
output.c:689:10: error: expected expression before ‘int’
  689 | var817 = int var528 = var816;
      |          ^~~
output.c:690:1: error: expected identifier or ‘(’ before ‘if’
  690 | if (var528) {
      | ^~
output.c:707:3: error: expected identifier or ‘(’ before ‘else’
  707 | } else {
      |   ^~~~
output.c:722:1: warning: data definition has no type or storage class
  722 | var55 = var55 + (1);
      | ^~~~~
output.c:722:1: error: type defaults to ‘int’ in declaration of ‘var55’ [-Wimplicit-int]
output.c:722:1: error: redefinition of ‘var55’
output.c:671:1: note: previous definition of ‘var55’ with type ‘int’
  671 | var55 = var55 - (1);
      | ^~~~~
output.c:722:9: error: initializer element is not constant
  722 | var55 = var55 + (1);
      |         ^~~~~
output.c:723:1: error: expected identifier or ‘(’ before ‘goto’
  723 | goto label_45;
      | ^~~~
output.c:724:1: error: expected identifier or ‘(’ before ‘}’ token
  724 | }
      | ^
output.c:725:10: error: expected ‘=’, ‘,’, ‘;’, ‘asm’ or ‘__attribute__’ before ‘:’ token
  725 | label_46 : var824 = var54 + 1;
      |          ^
output.c:726:1: warning: data definition has no type or storage class
  726 | var825 = var824 - 8;
      | ^~~~~~
output.c:726:1: error: type defaults to ‘int’ in declaration of ‘var825’ [-Wimplicit-int]
output.c:726:10: error: ‘var824’ undeclared here (not in a function); did you mean ‘var825’?
  726 | var825 = var824 - 8;
      |          ^~~~~~
      |          var825
output.c:727:1: warning: data definition has no type or storage class
  727 | var826 = var55 = var825;
      | ^~~~~~
output.c:727:1: error: type defaults to ‘int’ in declaration of ‘var826’ [-Wimplicit-int]
output.c:727:10: error: initializer element is not constant
  727 | var826 = var55 = var825;
      |          ^~~~~
output.c:728:1: warning: data definition has no type or storage class
  728 | var56 = 0;
      | ^~~~~
output.c:728:1: error: type defaults to ‘int’ in declaration of ‘var56’ [-Wimplicit-int]
output.c:728:1: error: redefinition of ‘var56’
output.c:606:1: note: previous definition of ‘var56’ with type ‘int’
  606 | var56 = 0;
      | ^~~~~
output.c:729:10: error: expected ‘=’, ‘,’, ‘;’, ‘asm’ or ‘__attribute__’ before ‘:’ token
  729 | label_47 : var1359 = var55 < 0;
      |          ^
output.c:730:1: warning: data definition has no type or storage class
  730 | var1455 = 0;
      | ^~~~~~~
output.c:730:1: error: type defaults to ‘int’ in declaration of ‘var1455’ [-Wimplicit-int]
output.c:731:1: error: expected identifier or ‘(’ before ‘if’
  731 | if (var1359) {
      | ^~
output.c:733:3: error: expected identifier or ‘(’ before ‘else’
  733 | } else {
      |   ^~~~
output.c:735:1: warning: data definition has no type or storage class
  735 | var1360 = var1455;
      | ^~~~~~~
output.c:735:1: error: type defaults to ‘int’ in declaration of ‘var1360’ [-Wimplicit-int]
output.c:735:11: error: initializer element is not constant
  735 | var1360 = var1455;
      |           ^~~~~~~
output.c:736:1: warning: data definition has no type or storage class
  736 | var1361 = var827 = var1360;
      | ^~~~~~~
output.c:736:1: error: type defaults to ‘int’ in declaration of ‘var1361’ [-Wimplicit-int]
output.c:736:11: error: ‘var827’ undeclared here (not in a function); did you mean ‘var826’?
  736 | var1361 = var827 = var1360;
      |           ^~~~~~
      |           var826
output.c:737:1: warning: data definition has no type or storage class
  737 | var828 = var55 % 8;
      | ^~~~~~
output.c:737:1: error: type defaults to ‘int’ in declaration of ‘var828’ [-Wimplicit-int]
output.c:737:10: error: initializer element is not constant
  737 | var828 = var55 % 8;
      |          ^~~~~
output.c:738:1: warning: data definition has no type or storage class
  738 | var829 = var828 > 0;
      | ^~~~~~
output.c:738:1: error: type defaults to ‘int’ in declaration of ‘var829’ [-Wimplicit-int]
output.c:738:10: error: initializer element is not constant
  738 | var829 = var828 > 0;
      |          ^~~~~~
output.c:739:1: warning: data definition has no type or storage class
  739 | var1310 = 0;
      | ^~~~~~~
output.c:739:1: error: type defaults to ‘int’ in declaration of ‘var1310’ [-Wimplicit-int]
output.c:740:1: error: expected identifier or ‘(’ before ‘if’
  740 | if (var827) {
      | ^~
output.c:745:3: error: expected identifier or ‘(’ before ‘else’
  745 | } else {
      |   ^~~~
output.c:747:1: warning: data definition has no type or storage class
  747 | var830 = var1310;
      | ^~~~~~
output.c:747:1: error: type defaults to ‘int’ in declaration of ‘var830’ [-Wimplicit-int]
output.c:747:10: error: initializer element is not constant
  747 | var830 = var1310;
      |          ^~~~~~~
output.c:748:1: warning: data definition has no type or storage class
  748 | var831 = var47[0];
      | ^~~~~~
output.c:748:1: error: type defaults to ‘int’ in declaration of ‘var831’ [-Wimplicit-int]
output.c:749:1: warning: data definition has no type or storage class
  749 | var832 = var831 == 2;
      | ^~~~~~
output.c:749:1: error: type defaults to ‘int’ in declaration of ‘var832’ [-Wimplicit-int]
output.c:749:10: error: initializer element is not constant
  749 | var832 = var831 == 2;
      |          ^~~~~~
output.c:750:1: warning: data definition has no type or storage class
  750 | var1311 = 0;
      | ^~~~~~~
output.c:750:1: error: type defaults to ‘int’ in declaration of ‘var1311’ [-Wimplicit-int]
output.c:751:1: error: expected identifier or ‘(’ before ‘if’
  751 | if (var56) {
      | ^~
output.c:756:3: error: expected identifier or ‘(’ before ‘else’
  756 | } else {
      |   ^~~~
output.c:758:1: warning: data definition has no type or storage class
  758 | var833 = var1311;
      | ^~~~~~
output.c:758:1: error: type defaults to ‘int’ in declaration of ‘var833’ [-Wimplicit-int]
output.c:758:10: error: initializer element is not constant
  758 | var833 = var1311;
      |          ^~~~~~~
output.c:759:1: warning: data definition has no type or storage class
  759 | var834 = int var532 = var833;
      | ^~~~~~
output.c:759:1: error: type defaults to ‘int’ in declaration of ‘var834’ [-Wimplicit-int]
output.c:759:10: error: expected expression before ‘int’
  759 | var834 = int var532 = var833;
      |          ^~~
output.c:760:1: error: expected identifier or ‘(’ before ‘if’
  760 | if (var532) {
      | ^~
output.c:777:3: error: expected identifier or ‘(’ before ‘else’
  777 | } else {
      |   ^~~~
output.c:792:1: warning: data definition has no type or storage class
  792 | var841 = 1 - 8;
      | ^~~~~~
output.c:792:1: error: type defaults to ‘int’ in declaration of ‘var841’ [-Wimplicit-int]
output.c:793:1: warning: data definition has no type or storage class
  793 | var842 = var55 + var841;
      | ^~~~~~
output.c:793:1: error: type defaults to ‘int’ in declaration of ‘var842’ [-Wimplicit-int]
output.c:793:10: error: initializer element is not constant
  793 | var842 = var55 + var841;
      |          ^~~~~
output.c:794:1: warning: data definition has no type or storage class
  794 | var843 = var55 = var842;
      | ^~~~~~
output.c:794:1: error: type defaults to ‘int’ in declaration of ‘var843’ [-Wimplicit-int]
output.c:794:10: error: initializer element is not constant
  794 | var843 = var55 = var842;
      |          ^~~~~
output.c:795:1: error: expected identifier or ‘(’ before ‘goto’
  795 | goto label_47;
      | ^~~~
output.c:796:1: error: expected identifier or ‘(’ before ‘}’ token
  796 | }
      | ^
output.c:797:10: error: expected ‘=’, ‘,’, ‘;’, ‘asm’ or ‘__attribute__’ before ‘:’ token
  797 | label_48 : var844 = var54 + 1;
      |          ^
output.c:798:1: warning: data definition has no type or storage class
  798 | var845 = var844 + 8;
      | ^~~~~~
output.c:798:1: error: type defaults to ‘int’ in declaration of ‘var845’ [-Wimplicit-int]
output.c:798:10: error: ‘var844’ undeclared here (not in a function); did you mean ‘var845’?
  798 | var845 = var844 + 8;
      |          ^~~~~~
      |          var845
output.c:799:1: warning: data definition has no type or storage class
  799 | var846 = var55 = var845;
      | ^~~~~~
output.c:799:1: error: type defaults to ‘int’ in declaration of ‘var846’ [-Wimplicit-int]
output.c:799:10: error: initializer element is not constant
  799 | var846 = var55 = var845;
      |          ^~~~~
output.c:800:1: warning: data definition has no type or storage class
  800 | var56 = 0;
      | ^~~~~
output.c:800:1: error: type defaults to ‘int’ in declaration of ‘var56’ [-Wimplicit-int]
output.c:800:1: error: redefinition of ‘var56’
output.c:606:1: note: previous definition of ‘var56’ with type ‘int’
  606 | var56 = 0;
      | ^~~~~
output.c:801:10: error: expected ‘=’, ‘,’, ‘;’, ‘asm’ or ‘__attribute__’ before ‘:’ token
  801 | label_49 : var847 = 8 * 8;
      |          ^
output.c:802:1: warning: data definition has no type or storage class
  802 | var848 = var55 < var847;
      | ^~~~~~
output.c:802:1: error: type defaults to ‘int’ in declaration of ‘var848’ [-Wimplicit-int]
output.c:802:18: error: ‘var847’ undeclared here (not in a function); did you mean ‘var848’?
  802 | var848 = var55 < var847;
      |                  ^~~~~~
      |                  var848
output.c:803:1: warning: data definition has no type or storage class
  803 | var849 = var55 % 8;
      | ^~~~~~
output.c:803:1: error: type defaults to ‘int’ in declaration of ‘var849’ [-Wimplicit-int]
output.c:803:10: error: initializer element is not constant
  803 | var849 = var55 % 8;
      |          ^~~~~
output.c:804:1: warning: data definition has no type or storage class
  804 | var850 = var849 > 0;
      | ^~~~~~
output.c:804:1: error: type defaults to ‘int’ in declaration of ‘var850’ [-Wimplicit-int]
output.c:804:10: error: initializer element is not constant
  804 | var850 = var849 > 0;
      |          ^~~~~~
output.c:805:1: warning: data definition has no type or storage class
  805 | var1312 = 0;
      | ^~~~~~~
output.c:805:1: error: type defaults to ‘int’ in declaration of ‘var1312’ [-Wimplicit-int]
output.c:806:1: error: expected identifier or ‘(’ before ‘if’
  806 | if (var848) {
      | ^~
output.c:811:3: error: expected identifier or ‘(’ before ‘else’
  811 | } else {
      |   ^~~~
output.c:813:1: warning: data definition has no type or storage class
  813 | var851 = var1312;
      | ^~~~~~
output.c:813:1: error: type defaults to ‘int’ in declaration of ‘var851’ [-Wimplicit-int]
output.c:813:10: error: initializer element is not constant
  813 | var851 = var1312;
      |          ^~~~~~~
output.c:814:1: warning: data definition has no type or storage class
  814 | var852 = var47[0];
      | ^~~~~~
output.c:814:1: error: type defaults to ‘int’ in declaration of ‘var852’ [-Wimplicit-int]
output.c:815:1: warning: data definition has no type or storage class
  815 | var853 = var852 == 2;
      | ^~~~~~
output.c:815:1: error: type defaults to ‘int’ in declaration of ‘var853’ [-Wimplicit-int]
output.c:815:10: error: initializer element is not constant
  815 | var853 = var852 == 2;
      |          ^~~~~~
output.c:816:1: warning: data definition has no type or storage class
  816 | var1313 = 0;
      | ^~~~~~~
output.c:816:1: error: type defaults to ‘int’ in declaration of ‘var1313’ [-Wimplicit-int]
output.c:817:1: error: expected identifier or ‘(’ before ‘if’
  817 | if (var56) {
      | ^~
output.c:822:3: error: expected identifier or ‘(’ before ‘else’
  822 | } else {
      |   ^~~~
output.c:824:1: warning: data definition has no type or storage class
  824 | var854 = var1313;
      | ^~~~~~
output.c:824:1: error: type defaults to ‘int’ in declaration of ‘var854’ [-Wimplicit-int]
output.c:824:10: error: initializer element is not constant
  824 | var854 = var1313;
      |          ^~~~~~~
output.c:825:1: warning: data definition has no type or storage class
  825 | var855 = int var536 = var854;
      | ^~~~~~
output.c:825:1: error: type defaults to ‘int’ in declaration of ‘var855’ [-Wimplicit-int]
output.c:825:10: error: expected expression before ‘int’
  825 | var855 = int var536 = var854;
      |          ^~~
output.c:826:1: error: expected identifier or ‘(’ before ‘if’
  826 | if (var536) {
      | ^~
output.c:843:3: error: expected identifier or ‘(’ before ‘else’
  843 | } else {
      |   ^~~~
output.c:858:1: warning: data definition has no type or storage class
  858 | var862 = 1 + 8;
      | ^~~~~~
output.c:858:1: error: type defaults to ‘int’ in declaration of ‘var862’ [-Wimplicit-int]
output.c:859:1: warning: data definition has no type or storage class
  859 | var863 = var55 + var862;
      | ^~~~~~
output.c:859:1: error: type defaults to ‘int’ in declaration of ‘var863’ [-Wimplicit-int]
output.c:859:10: error: initializer element is not constant
  859 | var863 = var55 + var862;
      |          ^~~~~
output.c:860:1: warning: data definition has no type or storage class
  860 | var864 = var55 = var863;
      | ^~~~~~
output.c:860:1: error: type defaults to ‘int’ in declaration of ‘var864’ [-Wimplicit-int]
output.c:860:10: error: initializer element is not constant
  860 | var864 = var55 = var863;
      |          ^~~~~
output.c:861:1: error: expected identifier or ‘(’ before ‘goto’
  861 | goto label_49;
      | ^~~~
output.c:862:1: error: expected identifier or ‘(’ before ‘}’ token
  862 | }
      | ^
output.c:863:10: error: expected ‘=’, ‘,’, ‘;’, ‘asm’ or ‘__attribute__’ before ‘:’ token
  863 | label_50 : var865 = var54 - 1;
      |          ^
output.c:864:1: warning: data definition has no type or storage class
  864 | var866 = var865 + 8;
      | ^~~~~~
output.c:864:1: error: type defaults to ‘int’ in declaration of ‘var866’ [-Wimplicit-int]
output.c:864:10: error: ‘var865’ undeclared here (not in a function); did you mean ‘var866’?
  864 | var866 = var865 + 8;
      |          ^~~~~~
      |          var866
output.c:865:1: warning: data definition has no type or storage class
  865 | var867 = var55 = var866;
      | ^~~~~~
output.c:865:1: error: type defaults to ‘int’ in declaration of ‘var867’ [-Wimplicit-int]
output.c:865:10: error: initializer element is not constant
  865 | var867 = var55 = var866;
      |          ^~~~~
output.c:866:1: warning: data definition has no type or storage class
  866 | var56 = 0;
      | ^~~~~
output.c:866:1: error: type defaults to ‘int’ in declaration of ‘var56’ [-Wimplicit-int]
output.c:866:1: error: redefinition of ‘var56’
output.c:606:1: note: previous definition of ‘var56’ with type ‘int’
  606 | var56 = 0;
      | ^~~~~
output.c:867:10: error: expected ‘=’, ‘,’, ‘;’, ‘asm’ or ‘__attribute__’ before ‘:’ token
  867 | label_51 : var868 = 8 * 8;
      |          ^
output.c:868:1: warning: data definition has no type or storage class
  868 | var869 = var55 < var868;
      | ^~~~~~
output.c:868:1: error: type defaults to ‘int’ in declaration of ‘var869’ [-Wimplicit-int]
output.c:868:18: error: ‘var868’ undeclared here (not in a function); did you mean ‘var869’?
  868 | var869 = var55 < var868;
      |                  ^~~~~~
      |                  var869
output.c:869:1: warning: data definition has no type or storage class
  869 | var870 = var55 % 8;
      | ^~~~~~
output.c:869:1: error: type defaults to ‘int’ in declaration of ‘var870’ [-Wimplicit-int]
output.c:869:10: error: initializer element is not constant
  869 | var870 = var55 % 8;
      |          ^~~~~
output.c:870:1: warning: data definition has no type or storage class
  870 | var871 = 8 - 1;
      | ^~~~~~
output.c:870:1: error: type defaults to ‘int’ in declaration of ‘var871’ [-Wimplicit-int]
output.c:871:1: warning: data definition has no type or storage class
  871 | var872 = var870 < var871;
      | ^~~~~~
output.c:871:1: error: type defaults to ‘int’ in declaration of ‘var872’ [-Wimplicit-int]
output.c:871:10: error: initializer element is not constant
  871 | var872 = var870 < var871;
      |          ^~~~~~
output.c:872:1: warning: data definition has no type or storage class
  872 | var1314 = 0;
      | ^~~~~~~
output.c:872:1: error: type defaults to ‘int’ in declaration of ‘var1314’ [-Wimplicit-int]
output.c:873:1: error: expected identifier or ‘(’ before ‘if’
  873 | if (var869) {
      | ^~
output.c:878:3: error: expected identifier or ‘(’ before ‘else’
  878 | } else {
      |   ^~~~
output.c:880:1: warning: data definition has no type or storage class
  880 | var873 = var1314;
      | ^~~~~~
output.c:880:1: error: type defaults to ‘int’ in declaration of ‘var873’ [-Wimplicit-int]
output.c:880:10: error: initializer element is not constant
  880 | var873 = var1314;
      |          ^~~~~~~
output.c:881:1: warning: data definition has no type or storage class
  881 | var874 = var47[0];
      | ^~~~~~
output.c:881:1: error: type defaults to ‘int’ in declaration of ‘var874’ [-Wimplicit-int]
output.c:882:1: warning: data definition has no type or storage class
  882 | var875 = var874 == 2;
      | ^~~~~~
output.c:882:1: error: type defaults to ‘int’ in declaration of ‘var875’ [-Wimplicit-int]
output.c:882:10: error: initializer element is not constant
  882 | var875 = var874 == 2;
      |          ^~~~~~
output.c:883:1: warning: data definition has no type or storage class
  883 | var1315 = 0;
      | ^~~~~~~
output.c:883:1: error: type defaults to ‘int’ in declaration of ‘var1315’ [-Wimplicit-int]
output.c:884:1: error: expected identifier or ‘(’ before ‘if’
  884 | if (var56) {
      | ^~
output.c:889:3: error: expected identifier or ‘(’ before ‘else’
  889 | } else {
      |   ^~~~
output.c:891:1: warning: data definition has no type or storage class
  891 | var876 = var1315;
      | ^~~~~~
output.c:891:1: error: type defaults to ‘int’ in declaration of ‘var876’ [-Wimplicit-int]
output.c:891:10: error: initializer element is not constant
  891 | var876 = var1315;
      |          ^~~~~~~
output.c:892:1: warning: data definition has no type or storage class
  892 | var877 = int var540 = var876;
      | ^~~~~~
output.c:892:1: error: type defaults to ‘int’ in declaration of ‘var877’ [-Wimplicit-int]
output.c:892:10: error: expected expression before ‘int’
  892 | var877 = int var540 = var876;
      |          ^~~
output.c:893:1: error: expected identifier or ‘(’ before ‘if’
  893 | if (var540) {
      | ^~
output.c:910:3: error: expected identifier or ‘(’ before ‘else’
  910 | } else {
      |   ^~~~
output.c:925:1: warning: data definition has no type or storage class
  925 | var884 = 0 - 1;
      | ^~~~~~
output.c:925:1: error: type defaults to ‘int’ in declaration of ‘var884’ [-Wimplicit-int]
output.c:926:1: warning: data definition has no type or storage class
  926 | var885 = var884 + 8;
      | ^~~~~~
output.c:926:1: error: type defaults to ‘int’ in declaration of ‘var885’ [-Wimplicit-int]
output.c:926:10: error: initializer element is not constant
  926 | var885 = var884 + 8;
      |          ^~~~~~
output.c:927:1: warning: data definition has no type or storage class
  927 | var886 = var55 + var885;
      | ^~~~~~
output.c:927:1: error: type defaults to ‘int’ in declaration of ‘var886’ [-Wimplicit-int]
output.c:927:10: error: initializer element is not constant
  927 | var886 = var55 + var885;
      |          ^~~~~
output.c:928:1: warning: data definition has no type or storage class
  928 | var887 = var55 = var886;
      | ^~~~~~
output.c:928:1: error: type defaults to ‘int’ in declaration of ‘var887’ [-Wimplicit-int]
output.c:928:10: error: initializer element is not constant
  928 | var887 = var55 = var886;
      |          ^~~~~
output.c:929:1: error: expected identifier or ‘(’ before ‘goto’
  929 | goto label_51;
      | ^~~~
output.c:930:1: error: expected identifier or ‘(’ before ‘}’ token
  930 | }
      | ^
output.c:931:10: error: expected ‘=’, ‘,’, ‘;’, ‘asm’ or ‘__attribute__’ before ‘:’ token
  931 | label_52 : var888 = var54 - 1;
      |          ^
output.c:932:1: warning: data definition has no type or storage class
  932 | var889 = var888 - 8;
      | ^~~~~~
output.c:932:1: error: type defaults to ‘int’ in declaration of ‘var889’ [-Wimplicit-int]
output.c:932:10: error: ‘var888’ undeclared here (not in a function); did you mean ‘var889’?
  932 | var889 = var888 - 8;
      |          ^~~~~~
      |          var889
output.c:933:1: warning: data definition has no type or storage class
  933 | var890 = var55 = var889;
      | ^~~~~~
output.c:933:1: error: type defaults to ‘int’ in declaration of ‘var890’ [-Wimplicit-int]
output.c:933:10: error: initializer element is not constant
  933 | var890 = var55 = var889;
      |          ^~~~~
output.c:934:1: warning: data definition has no type or storage class
  934 | var56 = 0;
      | ^~~~~
output.c:934:1: error: type defaults to ‘int’ in declaration of ‘var56’ [-Wimplicit-int]
output.c:934:1: error: redefinition of ‘var56’
output.c:606:1: note: previous definition of ‘var56’ with type ‘int’
  606 | var56 = 0;
      | ^~~~~
output.c:935:10: error: expected ‘=’, ‘,’, ‘;’, ‘asm’ or ‘__attribute__’ before ‘:’ token
  935 | label_53 : var1371 = var55 < 0;
      |          ^
output.c:936:1: warning: data definition has no type or storage class
  936 | var1459 = 0;
      | ^~~~~~~
output.c:936:1: error: type defaults to ‘int’ in declaration of ‘var1459’ [-Wimplicit-int]
output.c:937:1: error: expected identifier or ‘(’ before ‘if’
  937 | if (var1371) {
      | ^~
output.c:939:3: error: expected identifier or ‘(’ before ‘else’
  939 | } else {
      |   ^~~~
output.c:941:1: warning: data definition has no type or storage class
  941 | var1372 = var1459;
      | ^~~~~~~
output.c:941:1: error: type defaults to ‘int’ in declaration of ‘var1372’ [-Wimplicit-int]
output.c:941:11: error: initializer element is not constant
  941 | var1372 = var1459;
      |           ^~~~~~~
output.c:942:1: warning: data definition has no type or storage class
  942 | var1373 = var891 = var1372;
      | ^~~~~~~
output.c:942:1: error: type defaults to ‘int’ in declaration of ‘var1373’ [-Wimplicit-int]
output.c:942:11: error: ‘var891’ undeclared here (not in a function); did you mean ‘var890’?
  942 | var1373 = var891 = var1372;
      |           ^~~~~~
      |           var890
output.c:943:1: warning: data definition has no type or storage class
  943 | var892 = var55 % 8;
      | ^~~~~~
output.c:943:1: error: type defaults to ‘int’ in declaration of ‘var892’ [-Wimplicit-int]
output.c:943:10: error: initializer element is not constant
  943 | var892 = var55 % 8;
      |          ^~~~~
output.c:944:1: warning: data definition has no type or storage class
  944 | var893 = 8 - 1;
      | ^~~~~~
output.c:944:1: error: type defaults to ‘int’ in declaration of ‘var893’ [-Wimplicit-int]
output.c:945:1: warning: data definition has no type or storage class
  945 | var894 = var892 < var893;
      | ^~~~~~
output.c:945:1: error: type defaults to ‘int’ in declaration of ‘var894’ [-Wimplicit-int]
output.c:945:10: error: initializer element is not constant
  945 | var894 = var892 < var893;
      |          ^~~~~~
output.c:946:1: warning: data definition has no type or storage class
  946 | var1316 = 0;
      | ^~~~~~~
output.c:946:1: error: type defaults to ‘int’ in declaration of ‘var1316’ [-Wimplicit-int]
output.c:947:1: error: expected identifier or ‘(’ before ‘if’
  947 | if (var891) {
      | ^~
output.c:952:3: error: expected identifier or ‘(’ before ‘else’
  952 | } else {
      |   ^~~~
output.c:954:1: warning: data definition has no type or storage class
  954 | var895 = var1316;
      | ^~~~~~
output.c:954:1: error: type defaults to ‘int’ in declaration of ‘var895’ [-Wimplicit-int]
output.c:954:10: error: initializer element is not constant
  954 | var895 = var1316;
      |          ^~~~~~~
output.c:955:1: warning: data definition has no type or storage class
  955 | var896 = var47[0];
      | ^~~~~~
output.c:955:1: error: type defaults to ‘int’ in declaration of ‘var896’ [-Wimplicit-int]
output.c:956:1: warning: data definition has no type or storage class
  956 | var897 = var896 == 2;
      | ^~~~~~
output.c:956:1: error: type defaults to ‘int’ in declaration of ‘var897’ [-Wimplicit-int]
output.c:956:10: error: initializer element is not constant
  956 | var897 = var896 == 2;
      |          ^~~~~~
output.c:957:1: warning: data definition has no type or storage class
  957 | var1317 = 0;
      | ^~~~~~~
output.c:957:1: error: type defaults to ‘int’ in declaration of ‘var1317’ [-Wimplicit-int]
output.c:958:1: error: expected identifier or ‘(’ before ‘if’
  958 | if (var56) {
      | ^~
output.c:963:3: error: expected identifier or ‘(’ before ‘else’
  963 | } else {
      |   ^~~~
output.c:965:1: warning: data definition has no type or storage class
  965 | var898 = var1317;
      | ^~~~~~
output.c:965:1: error: type defaults to ‘int’ in declaration of ‘var898’ [-Wimplicit-int]
output.c:965:10: error: initializer element is not constant
  965 | var898 = var1317;
      |          ^~~~~~~
output.c:966:1: warning: data definition has no type or storage class
  966 | var899 = int var544 = var898;
      | ^~~~~~
output.c:966:1: error: type defaults to ‘int’ in declaration of ‘var899’ [-Wimplicit-int]
output.c:966:10: error: expected expression before ‘int’
  966 | var899 = int var544 = var898;
      |          ^~~
output.c:967:1: error: expected identifier or ‘(’ before ‘if’
  967 | if (var544) {
      | ^~
output.c:984:3: error: expected identifier or ‘(’ before ‘else’
  984 | } else {
      |   ^~~~
output.c:999:1: warning: data definition has no type or storage class
  999 | var906 = 0 - 1;
      | ^~~~~~
output.c:999:1: error: type defaults to ‘int’ in declaration of ‘var906’ [-Wimplicit-int]
output.c:1000:1: warning: data definition has no type or storage class
 1000 | var907 = var906 - 8;
      | ^~~~~~
output.c:1000:1: error: type defaults to ‘int’ in declaration of ‘var907’ [-Wimplicit-int]
output.c:1000:10: error: initializer element is not constant
 1000 | var907 = var906 - 8;
      |          ^~~~~~
output.c:1001:1: warning: data definition has no type or storage class
 1001 | var908 = var55 + var907;
      | ^~~~~~
output.c:1001:1: error: type defaults to ‘int’ in declaration of ‘var908’ [-Wimplicit-int]
output.c:1001:10: error: initializer element is not constant
 1001 | var908 = var55 + var907;
      |          ^~~~~
output.c:1002:1: warning: data definition has no type or storage class
 1002 | var909 = var55 = var908;
      | ^~~~~~
output.c:1002:1: error: type defaults to ‘int’ in declaration of ‘var909’ [-Wimplicit-int]
output.c:1002:10: error: initializer element is not constant
 1002 | var909 = var55 = var908;
      |          ^~~~~
output.c:1003:1: error: expected identifier or ‘(’ before ‘goto’
 1003 | goto label_53;
      | ^~~~
output.c:1004:1: error: expected identifier or ‘(’ before ‘}’ token
 1004 | }
      | ^
output.c:1005:9: error: expected ‘=’, ‘,’, ‘;’, ‘asm’ or ‘__attribute__’ before ‘:’ token
 1005 | label_54:
      |         ^
output.c:1007:7: error: expected ‘=’, ‘,’, ‘;’, ‘asm’ or ‘__attribute__’ before ‘<’ token
 1007 | var54 < ++0;
      |       ^
output.c:1008:1: error: expected identifier or ‘(’ before ‘goto’
 1008 | goto label_37;
      | ^~~~
output.c:1009:1: error: expected identifier or ‘(’ before ‘}’ token
 1009 | }
      | ^
output.c:1010:9: error: expected ‘=’, ‘,’, ‘;’, ‘asm’ or ‘__attribute__’ before ‘:’ token
 1010 | label_38:
      |         ^
output.c:1012:14: error: ‘var50’ undeclared here (not in a function); did you mean ‘var56’?
 1012 | int var228 = var50;
      |              ^~~~~
      |              var56
output.c:1013:1: error: expected identifier or ‘(’ before ‘return’
 1013 | return var228;
      | ^~~~~~
output.c:1014:1: error: expected identifier or ‘(’ before ‘}’ token
 1014 | }
      | ^
output.c: In function ‘runCommand’:
output.c:1016:3: error: ‘var1461’ undeclared (first use in this function); did you mean ‘var1361’?
 1016 |   var1461 = 0;
      |   ^~~~~~~
      |   var1361
output.c:1031:3: error: ‘else’ without a previous ‘if’
 1031 |   else {
      |   ^~~~
output.c:1032:5: error: ‘var1462’ undeclared (first use in this function); did you mean ‘var1452’?
 1032 |     var1462 = 0;
      |     ^~~~~~~
      |     var1452
output.c:1040:7: error: ‘var0’ undeclared (first use in this function)
 1040 |       var0 = 0;
      |       ^~~~
output.c:1048:3: error: ‘else’ without a previous ‘if’
 1048 |   else {
      |   ^~~~
output.c:1049:5: error: ‘var1463’ undeclared (first use in this function); did you mean ‘var1373’?
 1049 |     var1463 = 0;
      |     ^~~~~~~
      |     var1373
output.c:1065:3: error: ‘else’ without a previous ‘if’
 1065 |   else {
      |   ^~~~
output.c:1066:5: error: ‘var1464’ undeclared (first use in this function); did you mean ‘var1459’?
 1066 |     var1464 = 0;
      |     ^~~~~~~
      |     var1459
output.c:1074:7: error: ‘var1’ undeclared (first use in this function); did you mean ‘var551’?
 1074 |       var1 = 0;
      |       ^~~~
      |       var551
output.c:1082:3: error: ‘else’ without a previous ‘if’
 1082 |   else {
      |   ^~~~
output.c:1083:5: error: ‘var1465’ undeclared (first use in this function); did you mean ‘var1455’?
 1083 |     var1465 = 0;
      |     ^~~~~~~
      |     var1455
output.c:1098:28: error: expected ‘=’, ‘,’, ‘;’, ‘asm’ or ‘__attribute__’ before numeric constant
 1098 |         ; char var66 [ 0 ] 64 ) ;
      |                            ^~
output.c:1098:30: error: expected ‘;’ before ‘)’ token
 1098 |         ; char var66 [ 0 ] 64 ) ;
      |                              ^~
      |                              ;
output.c:1098:31: error: expected statement before ‘)’ token
 1098 |         ; char var66 [ 0 ] 64 ) ;
      |                               ^
output.c:1099:15: error: ‘var66’ undeclared (first use in this function); did you mean ‘var65’?
 1099 |         fgets(var66, 64, var68);
      |               ^~~~~
      |               var65
output.c:1099:26: error: ‘var68’ undeclared (first use in this function); did you mean ‘var65’?
 1099 |         fgets(var66, 64, var68);
      |                          ^~~~~
      |                          var65
output.c:1103:9: error: ‘var1377’ undeclared (first use in this function); did you mean ‘var1317’?
 1103 |         var1377 = var69 > 0;
      |         ^~~~~~~
      |         var1317
output.c:1104:9: error: ‘var1466’ undeclared (first use in this function); did you mean ‘var1316’?
 1104 |         var1466 = 0;
      |         ^~~~~~~
      |         var1316
output.c:1109:9: error: ‘var1378’ undeclared (first use in this function); did you mean ‘var1373’?
 1109 |         var1378 = var1466;
      |         ^~~~~~~
      |         var1373
output.c:1110:9: error: ‘var1379’ undeclared (first use in this function); did you mean ‘var1373’?
 1110 |         var1379 = int var553 = var1378;
      |         ^~~~~~~
      |         var1373
output.c:1110:19: error: expected expression before ‘int’
 1110 |         var1379 = int var553 = var1378;
      |                   ^~~
output.c:1111:13: error: ‘var553’ undeclared (first use in this function); did you mean ‘var552’?
 1111 |         if (var553) {
      |             ^~~~~~
      |             var552
output.c:1129:3: error: ‘else’ without a previous ‘if’
 1129 |   else {
      |   ^~~~
output.c:1130:5: error: ‘var1467’ undeclared (first use in this function); did you mean ‘var1317’?
 1130 |     var1467 = 0;
      |     ^~~~~~~
      |     var1317
output.c:1153:3: error: ‘else’ without a previous ‘if’
 1153 |   else {
      |   ^~~~
output.c:1154:5: error: ‘var1468’ undeclared (first use in this function); did you mean ‘var548’?
 1154 |     var1468 = 0;
      |     ^~~~~~~
      |     var548
output.c:1168:29: error: ‘var2’ undeclared (first use in this function); did you mean ‘var32’?
 1168 |       printf("DEPTH: %d\n", var2);
      |                             ^~~~
      |                             var32
output.c: In function ‘humanPlayer’:
output.c:1179:31: error: expected ‘=’, ‘,’, ‘;’, ‘asm’ or ‘__attribute__’ before numeric constant
 1179 |   int var76; char var77 [ 0 ] 64 ) ;
      |                               ^~
output.c:1179:33: error: expected ‘;’ before ‘)’ token
 1179 |   int var76; char var77 [ 0 ] 64 ) ;
      |                                 ^~
      |                                 ;
output.c:1179:34: error: expected statement before ‘)’ token
 1179 |   int var76; char var77 [ 0 ] 64 ) ;
      |                                  ^
output.c:1184:11: error: ‘var77’ undeclared (first use in this function); did you mean ‘var76’?
 1184 |     fgets(var77, 64, var80);
      |           ^~~~~
      |           var76
output.c:1184:22: error: ‘var80’ undeclared (first use in this function); did you mean ‘var890’?
 1184 |     fgets(var77, 64, var80);
      |                      ^~~~~
      |                      var890
output.c:1185:18: error: expected ‘;’ before numeric constant
 1185 |     ; var77 [ 0 ] 63 ) = '\0' ;
      |                  ^~~
      |                  ;
output.c:1185:22: error: expected statement before ‘)’ token
 1185 |     ; var77 [ 0 ] 63 ) = '\0' ;
      |                      ^
output.c:1185:24: error: expected expression before ‘=’ token
 1185 |     ; var77 [ 0 ] 63 ) = '\0' ;
      |                        ^
output.c:1192:7: error: ‘var1469’ undeclared (first use in this function); did you mean ‘var1459’?
 1192 |       var1469 = 0;
      |       ^~~~~~~
      |       var1459
output.c: In function ‘placePiece’:
output.c:1218:29: error: expected ‘;’ before ‘var85’
 1218 |   int var92 = 0; var84 [ 0 ] var85 ) = var86 ;
      |                             ^~~~~~
      |                             ;
output.c:1218:36: error: expected statement before ‘)’ token
 1218 |   int var92 = 0; var84 [ 0 ] var85 ) = var86 ;
      |                                    ^
output.c:1218:38: error: expected expression before ‘=’ token
 1218 |   int var92 = 0; var84 [ 0 ] var85 ) = var86 ;
      |                                      ^
output.c:1220:3: error: ‘var1380’ undeclared (first use in this function); did you mean ‘var1310’?
 1220 |   var1380 = var90 < 0;
      |   ^~~~~~~
      |   var1310
output.c:1221:3: error: ‘var1470’ undeclared (first use in this function); did you mean ‘var1373’?
 1221 |   var1470 = 0;
      |   ^~~~~~~
      |   var1373
output.c:1226:3: error: ‘var1381’ undeclared (first use in this function); did you mean ‘var1311’?
 1226 |   var1381 = var1470;
      |   ^~~~~~~
      |   var1311
output.c:1227:3: error: ‘var910’ undeclared (first use in this function); did you mean ‘var91’?
 1227 |   var910 = var84[0];
      |   ^~~~~~
      |   var91
output.c:1228:3: error: ‘var911’ undeclared (first use in this function); did you mean ‘var91’?
 1228 |   var911 = var910 == var86;
      |   ^~~~~~
      |   var91
output.c:1229:3: error: ‘var1318’ undeclared (first use in this function); did you mean ‘var1317’?
 1229 |   var1318 = 0;
      |   ^~~~~~~
      |   var1317
output.c:1237:3: error: ‘var912’ undeclared (first use in this function); did you mean ‘var92’?
 1237 |   var912 = var1318;
      |   ^~~~~~
      |   var92
output.c:1238:3: error: ‘var913’ undeclared (first use in this function); did you mean ‘var91’?
 1238 |   var913 = int var558 = var912;
      |   ^~~~~~
      |   var91
output.c:1238:12: error: expected expression before ‘int’
 1238 |   var913 = int var558 = var912;
      |            ^~~
output.c:1239:7: error: ‘var558’ undeclared (first use in this function); did you mean ‘var55’?
 1239 |   if (var558) {
      |       ^~~~~~
      |       var55
output.c:1241:20: error: expected ‘;’ before ‘var91’
 1241 |       { var84 [ 0 ] var91 ) = var86 ;
      |                    ^~~~~~
      |                    ;
output.c:1241:27: error: expected statement before ‘)’ token
 1241 |       { var84 [ 0 ] var91 ) = var86 ;
      |                           ^
output.c:1241:29: error: expected expression before ‘=’ token
 1241 |       { var84 [ 0 ] var91 ) = var86 ;
      |                             ^
output.c:1247:7: error: ‘var914’ undeclared (first use in this function); did you mean ‘var91’?
 1247 |       var914 = var90 - 1;
      |       ^~~~~~
      |       var91
output.c:1248:7: error: ‘var1382’ undeclared (first use in this function); did you mean ‘var1372’?
 1248 |       var1382 = var91 < var914;
      |       ^~~~~~~
      |       var1372
output.c:1249:7: error: ‘var1471’ undeclared (first use in this function); did you mean ‘var1317’?
 1249 |       var1471 = 0;
      |       ^~~~~~~
      |       var1317
output.c:1254:7: error: ‘var1383’ undeclared (first use in this function); did you mean ‘var1373’?
 1254 |       var1383 = var1471;
      |       ^~~~~~~
      |       var1373
output.c:1255:7: error: ‘var1384’ undeclared (first use in this function); did you mean ‘var1314’?
 1255 |       var1384 = var915 = var1383;
      |       ^~~~~~~
      |       var1314
output.c:1255:17: error: ‘var915’ undeclared (first use in this function); did you mean ‘var91’?
 1255 |       var1384 = var915 = var1383;
      |                 ^~~~~~
      |                 var91
output.c:1256:5: error: "(" is not a valid filename
 1256 | # 83(var91);
      |     ^
output.c:1257:7: error: expected expression before ‘=’ token
 1257 |       = var86;
      |       ^
output.c:1258:15: error: expected expression before ‘=’ token
 1258 |       var91 = = 8;
      |               ^
output.c:1259:15: error: expected expression before ‘;’ token
 1259 |       var87 + ;
      |               ^
output.c:1265:3: error: label ‘label_60’ used but not defined
 1265 |   goto label_60;
      |   ^~~~
output.c: At top level:
output.c:1267:1: error: expected identifier or ‘(’ before ‘else’
 1267 | else {
      | ^~~~
output.c:1277:1: warning: data definition has no type or storage class
 1277 | var90 = var90 - (8);
      | ^~~~~
output.c:1277:1: error: type defaults to ‘int’ in declaration of ‘var90’ [-Wimplicit-int]
output.c:1277:9: error: initializer element is not constant
 1277 | var90 = var90 - (8);
      |         ^~~~~
output.c:1278:1: error: expected identifier or ‘(’ before ‘goto’
 1278 | goto label_59;
      | ^~~~
output.c:1279:1: error: expected identifier or ‘(’ before ‘}’ token
 1279 | }
      | ^
output.c:1280:10: error: expected ‘=’, ‘,’, ‘;’, ‘asm’ or ‘__attribute__’ before ‘:’ token
 1280 | label_60 : var90 = var89 + 8;
      |          ^
output.c:1281:1: warning: data definition has no type or storage class
 1281 | var91 = var90;
      | ^~~~~
output.c:1281:1: error: type defaults to ‘int’ in declaration of ‘var91’ [-Wimplicit-int]
output.c:1281:9: error: initializer element is not constant
 1281 | var91 = var90;
      |         ^~~~~
output.c:1282:1: warning: data definition has no type or storage class
 1282 | var92 = 0;
      | ^~~~~
output.c:1282:1: error: type defaults to ‘int’ in declaration of ‘var92’ [-Wimplicit-int]
output.c:1283:10: error: expected ‘=’, ‘,’, ‘;’, ‘asm’ or ‘__attribute__’ before ‘:’ token
 1283 | label_63 : var919 = 8 * 8;
      |          ^
output.c:1284:1: warning: data definition has no type or storage class
 1284 | var920 = var90 < var919;
      | ^~~~~~
output.c:1284:1: error: type defaults to ‘int’ in declaration of ‘var920’ [-Wimplicit-int]
output.c:1284:18: error: ‘var919’ undeclared here (not in a function); did you mean ‘var91’?
 1284 | var920 = var90 < var919;
      |                  ^~~~~~
      |                  var91
output.c:1285:1: warning: data definition has no type or storage class
 1285 | var921 = var84[0];
      | ^~~~~~
output.c:1285:1: error: type defaults to ‘int’ in declaration of ‘var921’ [-Wimplicit-int]
output.c:1285:10: error: ‘var84’ undeclared here (not in a function); did you mean ‘var894’?
 1285 | var921 = var84[0];
      |          ^~~~~
      |          var894
output.c:1286:1: warning: data definition has no type or storage class
 1286 | var922 = var921 == var86;
      | ^~~~~~
output.c:1286:1: error: type defaults to ‘int’ in declaration of ‘var922’ [-Wimplicit-int]
output.c:1286:20: error: ‘var86’ undeclared here (not in a function); did you mean ‘var896’?
 1286 | var922 = var921 == var86;
      |                    ^~~~~
      |                    var896
output.c:1287:1: warning: data definition has no type or storage class
 1287 | var1319 = 0;
      | ^~~~~~~
output.c:1287:1: error: type defaults to ‘int’ in declaration of ‘var1319’ [-Wimplicit-int]
output.c:1288:1: error: expected identifier or ‘(’ before ‘if’
 1288 | if (var92) {
      | ^~
output.c:1293:3: error: expected identifier or ‘(’ before ‘else’
 1293 | } else {
      |   ^~~~
output.c:1295:1: warning: data definition has no type or storage class
 1295 | var923 = var1319;
      | ^~~~~~
output.c:1295:1: error: type defaults to ‘int’ in declaration of ‘var923’ [-Wimplicit-int]
output.c:1295:10: error: initializer element is not constant
 1295 | var923 = var1319;
      |          ^~~~~~~
output.c:1296:1: warning: data definition has no type or storage class
 1296 | var924 = int var560 = var923;
      | ^~~~~~
output.c:1296:1: error: type defaults to ‘int’ in declaration of ‘var924’ [-Wimplicit-int]
output.c:1296:10: error: expected expression before ‘int’
 1296 | var924 = int var560 = var923;
      |          ^~~
output.c:1297:1: error: expected identifier or ‘(’ before ‘if’
 1297 | if (var560) {
      | ^~
output.c:1312:5: error: "(" is not a valid filename
 1312 | # 83(var91);
      |     ^
output.c:1322:1: error: expected identifier or ‘(’ before ‘goto’
 1322 | goto label_64;
      | ^~~~
output.c:1323:1: error: expected identifier or ‘(’ before ‘}’ token
 1323 | }
      | ^
output.c:1324:1: error: expected identifier or ‘(’ before ‘else’
 1324 | else {
      | ^~~~
output.c:1334:1: warning: data definition has no type or storage class
 1334 | var90 = var90 + (8);
      | ^~~~~
output.c:1334:1: error: type defaults to ‘int’ in declaration of ‘var90’ [-Wimplicit-int]
output.c:1334:1: error: redefinition of ‘var90’
output.c:1277:1: note: previous definition of ‘var90’ with type ‘int’
 1277 | var90 = var90 - (8);
      | ^~~~~
output.c:1334:9: error: initializer element is not constant
 1334 | var90 = var90 + (8);
      |         ^~~~~
output.c:1335:1: error: expected identifier or ‘(’ before ‘goto’
 1335 | goto label_63;
      | ^~~~
output.c:1336:1: error: expected identifier or ‘(’ before ‘}’ token
 1336 | }
      | ^
output.c:1337:10: error: expected ‘=’, ‘,’, ‘;’, ‘asm’ or ‘__attribute__’ before ‘:’ token
 1337 | label_64 : var90 = var89 - 1;
      |          ^
output.c:1338:1: warning: data definition has no type or storage class
 1338 | var91 = var90;
      | ^~~~~
output.c:1338:1: error: type defaults to ‘int’ in declaration of ‘var91’ [-Wimplicit-int]
output.c:1338:1: error: redefinition of ‘var91’
output.c:1281:1: note: previous definition of ‘var91’ with type ‘int’
 1281 | var91 = var90;
      | ^~~~~
output.c:1338:9: error: initializer element is not constant
 1338 | var91 = var90;
      |         ^~~~~
output.c:1339:1: warning: data definition has no type or storage class
 1339 | var92 = 0;
      | ^~~~~
output.c:1339:1: error: type defaults to ‘int’ in declaration of ‘var92’ [-Wimplicit-int]
output.c:1339:1: error: redefinition of ‘var92’
output.c:1282:1: note: previous definition of ‘var92’ with type ‘int’
 1282 | var92 = 0;
      | ^~~~~
output.c:1340:10: error: expected ‘=’, ‘,’, ‘;’, ‘asm’ or ‘__attribute__’ before ‘:’ token
 1340 | label_67 : var1387 = var90 < 0;
      |          ^
output.c:1341:1: warning: data definition has no type or storage class
 1341 | var1473 = 0;
      | ^~~~~~~
output.c:1341:1: error: type defaults to ‘int’ in declaration of ‘var1473’ [-Wimplicit-int]
output.c:1342:1: error: expected identifier or ‘(’ before ‘if’
 1342 | if (var1387) {
      | ^~
output.c:1344:3: error: expected identifier or ‘(’ before ‘else’
 1344 | } else {
      |   ^~~~
output.c:1346:1: warning: data definition has no type or storage class
 1346 | var1388 = var1473;
      | ^~~~~~~
output.c:1346:1: error: type defaults to ‘int’ in declaration of ‘var1388’ [-Wimplicit-int]
output.c:1346:11: error: initializer element is not constant
 1346 | var1388 = var1473;
      |           ^~~~~~~
output.c:1347:1: warning: data definition has no type or storage class
 1347 | var1389 = var928 = var1388;
      | ^~~~~~~
output.c:1347:1: error: type defaults to ‘int’ in declaration of ‘var1389’ [-Wimplicit-int]
output.c:1347:11: error: ‘var928’ undeclared here (not in a function); did you mean ‘var92’?
 1347 | var1389 = var928 = var1388;
      |           ^~~~~~
      |           var92
output.c:1348:1: warning: data definition has no type or storage class
 1348 | var929 = var90 % 8;
      | ^~~~~~
output.c:1348:1: error: type defaults to ‘int’ in declaration of ‘var929’ [-Wimplicit-int]
output.c:1348:10: error: initializer element is not constant
 1348 | var929 = var90 % 8;
      |          ^~~~~
output.c:1349:1: warning: data definition has no type or storage class
 1349 | var930 = 8 - 1;
      | ^~~~~~
output.c:1349:1: error: type defaults to ‘int’ in declaration of ‘var930’ [-Wimplicit-int]
output.c:1350:1: warning: data definition has no type or storage class
 1350 | var931 = var929 < var930;
      | ^~~~~~
output.c:1350:1: error: type defaults to ‘int’ in declaration of ‘var931’ [-Wimplicit-int]
output.c:1350:10: error: initializer element is not constant
 1350 | var931 = var929 < var930;
      |          ^~~~~~
output.c:1351:1: warning: data definition has no type or storage class
 1351 | var1320 = 0;
      | ^~~~~~~
output.c:1351:1: error: type defaults to ‘int’ in declaration of ‘var1320’ [-Wimplicit-int]
output.c:1352:1: error: expected identifier or ‘(’ before ‘if’
 1352 | if (var928) {
      | ^~
output.c:1357:3: error: expected identifier or ‘(’ before ‘else’
 1357 | } else {
      |   ^~~~
output.c:1359:1: warning: data definition has no type or storage class
 1359 | var932 = var1320;
      | ^~~~~~
output.c:1359:1: error: type defaults to ‘int’ in declaration of ‘var932’ [-Wimplicit-int]
output.c:1359:10: error: initializer element is not constant
 1359 | var932 = var1320;
      |          ^~~~~~~
output.c:1360:1: warning: data definition has no type or storage class
 1360 | var933 = var84[0];
      | ^~~~~~
output.c:1360:1: error: type defaults to ‘int’ in declaration of ‘var933’ [-Wimplicit-int]
output.c:1361:1: warning: data definition has no type or storage class
 1361 | var934 = var933 == var86;
      | ^~~~~~
output.c:1361:1: error: type defaults to ‘int’ in declaration of ‘var934’ [-Wimplicit-int]
output.c:1362:1: warning: data definition has no type or storage class
 1362 | var1321 = 0;
      | ^~~~~~~
output.c:1362:1: error: type defaults to ‘int’ in declaration of ‘var1321’ [-Wimplicit-int]
output.c:1363:1: error: expected identifier or ‘(’ before ‘if’
 1363 | if (var92) {
      | ^~
output.c:1368:3: error: expected identifier or ‘(’ before ‘else’
 1368 | } else {
      |   ^~~~
output.c:1370:1: warning: data definition has no type or storage class
 1370 | var935 = var1321;
      | ^~~~~~
output.c:1370:1: error: type defaults to ‘int’ in declaration of ‘var935’ [-Wimplicit-int]
output.c:1370:10: error: initializer element is not constant
 1370 | var935 = var1321;
      |          ^~~~~~~
output.c:1371:1: warning: data definition has no type or storage class
 1371 | var936 = int var562 = var935;
      | ^~~~~~
output.c:1371:1: error: type defaults to ‘int’ in declaration of ‘var936’ [-Wimplicit-int]
output.c:1371:10: error: expected expression before ‘int’
 1371 | var936 = int var562 = var935;
      |          ^~~
output.c:1372:1: error: expected identifier or ‘(’ before ‘if’
 1372 | if (var562) {
      | ^~
output.c:1387:5: error: "(" is not a valid filename
 1387 | # 83(var91);
      |     ^
output.c:1397:1: error: expected identifier or ‘(’ before ‘goto’
 1397 | goto label_68;
      | ^~~~
output.c:1398:1: error: expected identifier or ‘(’ before ‘}’ token
 1398 | }
      | ^
output.c:1399:1: error: expected identifier or ‘(’ before ‘else’
 1399 | else {
      | ^~~~
output.c:1409:1: warning: data definition has no type or storage class
 1409 | var90 = var90 - (1);
      | ^~~~~
output.c:1409:1: error: type defaults to ‘int’ in declaration of ‘var90’ [-Wimplicit-int]
output.c:1409:1: error: redefinition of ‘var90’
output.c:1277:1: note: previous definition of ‘var90’ with type ‘int’
 1277 | var90 = var90 - (8);
      | ^~~~~
output.c:1409:9: error: initializer element is not constant
 1409 | var90 = var90 - (1);
      |         ^~~~~
output.c:1410:1: error: expected identifier or ‘(’ before ‘goto’
 1410 | goto label_67;
      | ^~~~
output.c:1411:1: error: expected identifier or ‘(’ before ‘}’ token
 1411 | }
      | ^
output.c:1412:10: error: expected ‘=’, ‘,’, ‘;’, ‘asm’ or ‘__attribute__’ before ‘:’ token
 1412 | label_68 : var90 = var89 + 1;
      |          ^
output.c:1413:1: warning: data definition has no type or storage class
 1413 | var91 = var90;
      | ^~~~~
output.c:1413:1: error: type defaults to ‘int’ in declaration of ‘var91’ [-Wimplicit-int]
output.c:1413:1: error: redefinition of ‘var91’
output.c:1281:1: note: previous definition of ‘var91’ with type ‘int’
 1281 | var91 = var90;
      | ^~~~~
output.c:1413:9: error: initializer element is not constant
 1413 | var91 = var90;
      |         ^~~~~
output.c:1414:1: warning: data definition has no type or storage class
 1414 | var92 = 0;
      | ^~~~~
output.c:1414:1: error: type defaults to ‘int’ in declaration of ‘var92’ [-Wimplicit-int]
output.c:1414:1: error: redefinition of ‘var92’
output.c:1282:1: note: previous definition of ‘var92’ with type ‘int’
 1282 | var92 = 0;
      | ^~~~~
output.c:1415:10: error: expected ‘=’, ‘,’, ‘;’, ‘asm’ or ‘__attribute__’ before ‘:’ token
 1415 | label_71 : var940 = var90 % 8;
      |          ^
output.c:1416:1: warning: data definition has no type or storage class
 1416 | var941 = var940 > 0;
      | ^~~~~~
output.c:1416:1: error: type defaults to ‘int’ in declaration of ‘var941’ [-Wimplicit-int]
output.c:1416:10: error: ‘var940’ undeclared here (not in a function); did you mean ‘var941’?
 1416 | var941 = var940 > 0;
      |          ^~~~~~
      |          var941
output.c:1417:1: warning: data definition has no type or storage class
 1417 | var942 = var84[0];
      | ^~~~~~
output.c:1417:1: error: type defaults to ‘int’ in declaration of ‘var942’ [-Wimplicit-int]
output.c:1418:1: warning: data definition has no type or storage class
 1418 | var943 = var942 == var86;
      | ^~~~~~
output.c:1418:1: error: type defaults to ‘int’ in declaration of ‘var943’ [-Wimplicit-int]
output.c:1419:1: warning: data definition has no type or storage class
 1419 | var1322 = 0;
      | ^~~~~~~
output.c:1419:1: error: type defaults to ‘int’ in declaration of ‘var1322’ [-Wimplicit-int]
output.c:1420:1: error: expected identifier or ‘(’ before ‘if’
 1420 | if (var92) {
      | ^~
output.c:1425:3: error: expected identifier or ‘(’ before ‘else’
 1425 | } else {
      |   ^~~~
output.c:1427:1: warning: data definition has no type or storage class
 1427 | var944 = var1322;
      | ^~~~~~
output.c:1427:1: error: type defaults to ‘int’ in declaration of ‘var944’ [-Wimplicit-int]
output.c:1427:10: error: initializer element is not constant
 1427 | var944 = var1322;
      |          ^~~~~~~
output.c:1428:1: warning: data definition has no type or storage class
 1428 | var945 = int var564 = var944;
      | ^~~~~~
output.c:1428:1: error: type defaults to ‘int’ in declaration of ‘var945’ [-Wimplicit-int]
output.c:1428:10: error: expected expression before ‘int’
 1428 | var945 = int var564 = var944;
      |          ^~~
output.c:1429:1: error: expected identifier or ‘(’ before ‘if’
 1429 | if (var564) {
      | ^~
output.c:1444:5: error: "(" is not a valid filename
 1444 | # 83(var91);
      |     ^
output.c:1454:1: error: expected identifier or ‘(’ before ‘goto’
 1454 | goto label_72;
      | ^~~~
output.c:1455:1: error: expected identifier or ‘(’ before ‘}’ token
 1455 | }
      | ^
output.c:1456:1: error: expected identifier or ‘(’ before ‘else’
 1456 | else {
      | ^~~~
output.c:1466:1: warning: data definition has no type or storage class
 1466 | var90 = var90 + (1);
      | ^~~~~
output.c:1466:1: error: type defaults to ‘int’ in declaration of ‘var90’ [-Wimplicit-int]
output.c:1466:1: error: redefinition of ‘var90’
output.c:1277:1: note: previous definition of ‘var90’ with type ‘int’
 1277 | var90 = var90 - (8);
      | ^~~~~
output.c:1466:9: error: initializer element is not constant
 1466 | var90 = var90 + (1);
      |         ^~~~~
output.c:1467:1: error: expected identifier or ‘(’ before ‘goto’
 1467 | goto label_71;
      | ^~~~
output.c:1468:1: error: expected identifier or ‘(’ before ‘}’ token
 1468 | }
      | ^
output.c:1469:10: error: expected ‘=’, ‘,’, ‘;’, ‘asm’ or ‘__attribute__’ before ‘:’ token
 1469 | label_72 : var949 = var89 + 1;
      |          ^
output.c:1470:1: warning: data definition has no type or storage class
 1470 | var950 = var949 - 8;
      | ^~~~~~
output.c:1470:1: error: type defaults to ‘int’ in declaration of ‘var950’ [-Wimplicit-int]
output.c:1470:10: error: ‘var949’ undeclared here (not in a function); did you mean ‘var945’?
 1470 | var950 = var949 - 8;
      |          ^~~~~~
      |          var945
output.c:1471:1: warning: data definition has no type or storage class
 1471 | var951 = var90 = var950;
      | ^~~~~~
output.c:1471:1: error: type defaults to ‘int’ in declaration of ‘var951’ [-Wimplicit-int]
output.c:1471:10: error: initializer element is not constant
 1471 | var951 = var90 = var950;
      |          ^~~~~
output.c:1472:1: warning: data definition has no type or storage class
 1472 | var91 = var90;
      | ^~~~~
output.c:1472:1: error: type defaults to ‘int’ in declaration of ‘var91’ [-Wimplicit-int]
output.c:1472:1: error: redefinition of ‘var91’
output.c:1281:1: note: previous definition of ‘var91’ with type ‘int’
 1281 | var91 = var90;
      | ^~~~~
output.c:1472:9: error: initializer element is not constant
 1472 | var91 = var90;
      |         ^~~~~
output.c:1473:1: warning: data definition has no type or storage class
 1473 | var92 = 0;
      | ^~~~~
output.c:1473:1: error: type defaults to ‘int’ in declaration of ‘var92’ [-Wimplicit-int]
output.c:1473:1: error: redefinition of ‘var92’
output.c:1282:1: note: previous definition of ‘var92’ with type ‘int’
 1282 | var92 = 0;
      | ^~~~~
output.c:1474:10: error: expected ‘=’, ‘,’, ‘;’, ‘asm’ or ‘__attribute__’ before ‘:’ token
 1474 | label_75 : var1394 = var90 < 0;
      |          ^
output.c:1475:1: warning: data definition has no type or storage class
 1475 | var1476 = 0;
      | ^~~~~~~
output.c:1475:1: error: type defaults to ‘int’ in declaration of ‘var1476’ [-Wimplicit-int]
output.c:1476:1: error: expected identifier or ‘(’ before ‘if’
 1476 | if (var1394) {
      | ^~
output.c:1478:3: error: expected identifier or ‘(’ before ‘else’
 1478 | } else {
      |   ^~~~
output.c:1480:1: warning: data definition has no type or storage class
 1480 | var1395 = var1476;
      | ^~~~~~~
output.c:1480:1: error: type defaults to ‘int’ in declaration of ‘var1395’ [-Wimplicit-int]
output.c:1480:11: error: initializer element is not constant
 1480 | var1395 = var1476;
      |           ^~~~~~~
output.c:1481:1: warning: data definition has no type or storage class
 1481 | var1396 = var952 = var1395;
      | ^~~~~~~
output.c:1481:1: error: type defaults to ‘int’ in declaration of ‘var1396’ [-Wimplicit-int]
output.c:1481:11: error: ‘var952’ undeclared here (not in a function); did you mean ‘var92’?
 1481 | var1396 = var952 = var1395;
      |           ^~~~~~
      |           var92
output.c:1482:1: warning: data definition has no type or storage class
 1482 | var953 = var90 % 8;
      | ^~~~~~
output.c:1482:1: error: type defaults to ‘int’ in declaration of ‘var953’ [-Wimplicit-int]
output.c:1482:10: error: initializer element is not constant
 1482 | var953 = var90 % 8;
      |          ^~~~~
output.c:1483:1: warning: data definition has no type or storage class
 1483 | var954 = var953 > 0;
      | ^~~~~~
output.c:1483:1: error: type defaults to ‘int’ in declaration of ‘var954’ [-Wimplicit-int]
output.c:1483:10: error: initializer element is not constant
 1483 | var954 = var953 > 0;
      |          ^~~~~~
output.c:1484:1: warning: data definition has no type or storage class
 1484 | var1323 = 0;
      | ^~~~~~~
output.c:1484:1: error: type defaults to ‘int’ in declaration of ‘var1323’ [-Wimplicit-int]
output.c:1485:1: error: expected identifier or ‘(’ before ‘if’
 1485 | if (var952) {
      | ^~
output.c:1490:3: error: expected identifier or ‘(’ before ‘else’
 1490 | } else {
      |   ^~~~
output.c:1492:1: warning: data definition has no type or storage class
 1492 | var955 = var1323;
      | ^~~~~~
output.c:1492:1: error: type defaults to ‘int’ in declaration of ‘var955’ [-Wimplicit-int]
output.c:1492:10: error: initializer element is not constant
 1492 | var955 = var1323;
      |          ^~~~~~~
output.c:1493:1: warning: data definition has no type or storage class
 1493 | var956 = var84[0];
      | ^~~~~~
output.c:1493:1: error: type defaults to ‘int’ in declaration of ‘var956’ [-Wimplicit-int]
output.c:1494:1: warning: data definition has no type or storage class
 1494 | var957 = var956 == var86;
      | ^~~~~~
output.c:1494:1: error: type defaults to ‘int’ in declaration of ‘var957’ [-Wimplicit-int]
output.c:1495:1: warning: data definition has no type or storage class
 1495 | var1324 = 0;
      | ^~~~~~~
output.c:1495:1: error: type defaults to ‘int’ in declaration of ‘var1324’ [-Wimplicit-int]
output.c:1496:1: error: expected identifier or ‘(’ before ‘if’
 1496 | if (var92) {
      | ^~
output.c:1501:3: error: expected identifier or ‘(’ before ‘else’
 1501 | } else {
      |   ^~~~
output.c:1503:1: warning: data definition has no type or storage class
 1503 | var958 = var1324;
      | ^~~~~~
output.c:1503:1: error: type defaults to ‘int’ in declaration of ‘var958’ [-Wimplicit-int]
output.c:1503:10: error: initializer element is not constant
 1503 | var958 = var1324;
      |          ^~~~~~~
output.c:1504:1: warning: data definition has no type or storage class
 1504 | var959 = int var566 = var958;
      | ^~~~~~
output.c:1504:1: error: type defaults to ‘int’ in declaration of ‘var959’ [-Wimplicit-int]
output.c:1504:10: error: expected expression before ‘int’
 1504 | var959 = int var566 = var958;
      |          ^~~
output.c:1505:1: error: expected identifier or ‘(’ before ‘if’
 1505 | if (var566) {
      | ^~
output.c:1522:5: error: "(" is not a valid filename
 1522 | # 83(var91);
      |     ^
output.c:1532:1: error: expected identifier or ‘(’ before ‘goto’
 1532 | goto label_76;
      | ^~~~
output.c:1533:1: error: expected identifier or ‘(’ before ‘}’ token
 1533 | }
      | ^
output.c:1534:1: error: expected identifier or ‘(’ before ‘else’
 1534 | else {
      | ^~~~
output.c:1544:1: warning: data definition has no type or storage class
 1544 | var966 = 1 - 8;
      | ^~~~~~
output.c:1544:1: error: type defaults to ‘int’ in declaration of ‘var966’ [-Wimplicit-int]
output.c:1545:1: warning: data definition has no type or storage class
 1545 | var967 = var90 + var966;
      | ^~~~~~
output.c:1545:1: error: type defaults to ‘int’ in declaration of ‘var967’ [-Wimplicit-int]
output.c:1545:10: error: initializer element is not constant
 1545 | var967 = var90 + var966;
      |          ^~~~~
output.c:1546:1: warning: data definition has no type or storage class
 1546 | var968 = var90 = var967;
      | ^~~~~~
output.c:1546:1: error: type defaults to ‘int’ in declaration of ‘var968’ [-Wimplicit-int]
output.c:1546:10: error: initializer element is not constant
 1546 | var968 = var90 = var967;
      |          ^~~~~
output.c:1547:1: error: expected identifier or ‘(’ before ‘goto’
 1547 | goto label_75;
      | ^~~~
output.c:1548:1: error: expected identifier or ‘(’ before ‘}’ token
 1548 | }
      | ^
output.c:1549:10: error: expected ‘=’, ‘,’, ‘;’, ‘asm’ or ‘__attribute__’ before ‘:’ token
 1549 | label_76 : var969 = var89 + 1;
      |          ^
output.c:1550:1: warning: data definition has no type or storage class
 1550 | var970 = var969 + 8;
      | ^~~~~~
output.c:1550:1: error: type defaults to ‘int’ in declaration of ‘var970’ [-Wimplicit-int]
output.c:1550:10: error: ‘var969’ undeclared here (not in a function); did you mean ‘var968’?
 1550 | var970 = var969 + 8;
      |          ^~~~~~
      |          var968
output.c:1551:1: warning: data definition has no type or storage class
 1551 | var971 = var90 = var970;
      | ^~~~~~
output.c:1551:1: error: type defaults to ‘int’ in declaration of ‘var971’ [-Wimplicit-int]
output.c:1551:10: error: initializer element is not constant
 1551 | var971 = var90 = var970;
      |          ^~~~~
output.c:1552:1: warning: data definition has no type or storage class
 1552 | var91 = var90;
      | ^~~~~
output.c:1552:1: error: type defaults to ‘int’ in declaration of ‘var91’ [-Wimplicit-int]
output.c:1552:1: error: redefinition of ‘var91’
output.c:1281:1: note: previous definition of ‘var91’ with type ‘int’
 1281 | var91 = var90;
      | ^~~~~
output.c:1552:9: error: initializer element is not constant
 1552 | var91 = var90;
      |         ^~~~~
output.c:1553:1: warning: data definition has no type or storage class
 1553 | var92 = 0;
      | ^~~~~
output.c:1553:1: error: type defaults to ‘int’ in declaration of ‘var92’ [-Wimplicit-int]
output.c:1553:1: error: redefinition of ‘var92’
output.c:1282:1: note: previous definition of ‘var92’ with type ‘int’
 1282 | var92 = 0;
      | ^~~~~
output.c:1554:10: error: expected ‘=’, ‘,’, ‘;’, ‘asm’ or ‘__attribute__’ before ‘:’ token
 1554 | label_79 : var972 = 8 * 8;
      |          ^
output.c:1555:1: warning: data definition has no type or storage class
 1555 | var973 = var90 < var972;
      | ^~~~~~
output.c:1555:1: error: type defaults to ‘int’ in declaration of ‘var973’ [-Wimplicit-int]
output.c:1555:18: error: ‘var972’ undeclared here (not in a function); did you mean ‘var973’?
 1555 | var973 = var90 < var972;
      |                  ^~~~~~
      |                  var973
output.c:1556:1: warning: data definition has no type or storage class
 1556 | var974 = var90 % 8;
      | ^~~~~~
output.c:1556:1: error: type defaults to ‘int’ in declaration of ‘var974’ [-Wimplicit-int]
output.c:1556:10: error: initializer element is not constant
 1556 | var974 = var90 % 8;
      |          ^~~~~
output.c:1557:1: warning: data definition has no type or storage class
 1557 | var975 = var974 > 0;
      | ^~~~~~
output.c:1557:1: error: type defaults to ‘int’ in declaration of ‘var975’ [-Wimplicit-int]
output.c:1557:10: error: initializer element is not constant
 1557 | var975 = var974 > 0;
      |          ^~~~~~
output.c:1558:1: warning: data definition has no type or storage class
 1558 | var1325 = 0;
      | ^~~~~~~
output.c:1558:1: error: type defaults to ‘int’ in declaration of ‘var1325’ [-Wimplicit-int]
output.c:1559:1: error: expected identifier or ‘(’ before ‘if’
 1559 | if (var973) {
      | ^~
output.c:1564:3: error: expected identifier or ‘(’ before ‘else’
 1564 | } else {
      |   ^~~~
output.c:1566:1: warning: data definition has no type or storage class
 1566 | var976 = var1325;
      | ^~~~~~
output.c:1566:1: error: type defaults to ‘int’ in declaration of ‘var976’ [-Wimplicit-int]
output.c:1566:10: error: initializer element is not constant
 1566 | var976 = var1325;
      |          ^~~~~~~
output.c:1567:1: warning: data definition has no type or storage class
 1567 | var977 = var84[0];
      | ^~~~~~
output.c:1567:1: error: type defaults to ‘int’ in declaration of ‘var977’ [-Wimplicit-int]
output.c:1568:1: warning: data definition has no type or storage class
 1568 | var978 = var977 == var86;
      | ^~~~~~
output.c:1568:1: error: type defaults to ‘int’ in declaration of ‘var978’ [-Wimplicit-int]
output.c:1569:1: warning: data definition has no type or storage class
 1569 | var1326 = 0;
      | ^~~~~~~
output.c:1569:1: error: type defaults to ‘int’ in declaration of ‘var1326’ [-Wimplicit-int]
output.c:1570:1: error: expected identifier or ‘(’ before ‘if’
 1570 | if (var92) {
      | ^~
output.c:1575:3: error: expected identifier or ‘(’ before ‘else’
 1575 | } else {
      |   ^~~~
output.c:1577:1: warning: data definition has no type or storage class
 1577 | var979 = var1326;
      | ^~~~~~
output.c:1577:1: error: type defaults to ‘int’ in declaration of ‘var979’ [-Wimplicit-int]
output.c:1577:10: error: initializer element is not constant
 1577 | var979 = var1326;
      |          ^~~~~~~
output.c:1578:1: warning: data definition has no type or storage class
 1578 | var980 = int var568 = var979;
      | ^~~~~~
output.c:1578:1: error: type defaults to ‘int’ in declaration of ‘var980’ [-Wimplicit-int]
output.c:1578:10: error: expected expression before ‘int’
 1578 | var980 = int var568 = var979;
      |          ^~~
output.c:1579:1: error: expected identifier or ‘(’ before ‘if’
 1579 | if (var568) {
      | ^~
output.c:1596:5: error: "(" is not a valid filename
 1596 | # 83(var91);
      |     ^
output.c:1606:1: error: expected identifier or ‘(’ before ‘goto’
 1606 | goto label_80;
      | ^~~~
output.c:1607:1: error: expected identifier or ‘(’ before ‘}’ token
 1607 | }
      | ^
output.c:1608:1: error: expected identifier or ‘(’ before ‘else’
 1608 | else {
      | ^~~~
output.c:1618:1: warning: data definition has no type or storage class
 1618 | var987 = 1 + 8;
      | ^~~~~~
output.c:1618:1: error: type defaults to ‘int’ in declaration of ‘var987’ [-Wimplicit-int]
output.c:1619:1: warning: data definition has no type or storage class
 1619 | var988 = var90 + var987;
      | ^~~~~~
output.c:1619:1: error: type defaults to ‘int’ in declaration of ‘var988’ [-Wimplicit-int]
output.c:1619:10: error: initializer element is not constant
 1619 | var988 = var90 + var987;
      |          ^~~~~
output.c:1620:1: warning: data definition has no type or storage class
 1620 | var989 = var90 = var988;
      | ^~~~~~
output.c:1620:1: error: type defaults to ‘int’ in declaration of ‘var989’ [-Wimplicit-int]
output.c:1620:10: error: initializer element is not constant
 1620 | var989 = var90 = var988;
      |          ^~~~~
output.c:1621:1: error: expected identifier or ‘(’ before ‘goto’
 1621 | goto label_79;
      | ^~~~
output.c:1622:1: error: expected identifier or ‘(’ before ‘}’ token
 1622 | }
      | ^
output.c:1623:10: error: expected ‘=’, ‘,’, ‘;’, ‘asm’ or ‘__attribute__’ before ‘:’ token
 1623 | label_80 : var990 = var89 - 1;
      |          ^
output.c:1624:1: warning: data definition has no type or storage class
 1624 | var991 = var990 + 8;
      | ^~~~~~
output.c:1624:1: error: type defaults to ‘int’ in declaration of ‘var991’ [-Wimplicit-int]
output.c:1624:10: error: ‘var990’ undeclared here (not in a function); did you mean ‘var991’?
 1624 | var991 = var990 + 8;
      |          ^~~~~~
      |          var991
output.c:1625:1: warning: data definition has no type or storage class
 1625 | var992 = var90 = var991;
      | ^~~~~~
output.c:1625:1: error: type defaults to ‘int’ in declaration of ‘var992’ [-Wimplicit-int]
output.c:1625:10: error: initializer element is not constant
 1625 | var992 = var90 = var991;
      |          ^~~~~
output.c:1626:1: warning: data definition has no type or storage class
 1626 | var91 = var90;
      | ^~~~~
output.c:1626:1: error: type defaults to ‘int’ in declaration of ‘var91’ [-Wimplicit-int]
output.c:1626:1: error: redefinition of ‘var91’
output.c:1281:1: note: previous definition of ‘var91’ with type ‘int’
 1281 | var91 = var90;
      | ^~~~~
output.c:1626:9: error: initializer element is not constant
 1626 | var91 = var90;
      |         ^~~~~
output.c:1627:1: warning: data definition has no type or storage class
 1627 | var92 = 0;
      | ^~~~~
output.c:1627:1: error: type defaults to ‘int’ in declaration of ‘var92’ [-Wimplicit-int]
output.c:1627:1: error: redefinition of ‘var92’
output.c:1282:1: note: previous definition of ‘var92’ with type ‘int’
 1282 | var92 = 0;
      | ^~~~~
output.c:1628:10: error: expected ‘=’, ‘,’, ‘;’, ‘asm’ or ‘__attribute__’ before ‘:’ token
 1628 | label_83 : var993 = 8 * 8;
      |          ^
output.c:1629:1: warning: data definition has no type or storage class
 1629 | var994 = var90 < var993;
      | ^~~~~~
output.c:1629:1: error: type defaults to ‘int’ in declaration of ‘var994’ [-Wimplicit-int]
output.c:1629:18: error: ‘var993’ undeclared here (not in a function); did you mean ‘var994’?
 1629 | var994 = var90 < var993;
      |                  ^~~~~~
      |                  var994
output.c:1630:1: warning: data definition has no type or storage class
 1630 | var995 = var90 % 8;
      | ^~~~~~
output.c:1630:1: error: type defaults to ‘int’ in declaration of ‘var995’ [-Wimplicit-int]
output.c:1630:10: error: initializer element is not constant
 1630 | var995 = var90 % 8;
      |          ^~~~~
output.c:1631:1: warning: data definition has no type or storage class
 1631 | var996 = 8 - 1;
      | ^~~~~~
output.c:1631:1: error: type defaults to ‘int’ in declaration of ‘var996’ [-Wimplicit-int]
output.c:1632:1: warning: data definition has no type or storage class
 1632 | var997 = var995 < var996;
      | ^~~~~~
output.c:1632:1: error: type defaults to ‘int’ in declaration of ‘var997’ [-Wimplicit-int]
output.c:1632:10: error: initializer element is not constant
 1632 | var997 = var995 < var996;
      |          ^~~~~~
output.c:1633:1: warning: data definition has no type or storage class
 1633 | var1327 = 0;
      | ^~~~~~~
output.c:1633:1: error: type defaults to ‘int’ in declaration of ‘var1327’ [-Wimplicit-int]
output.c:1634:1: error: expected identifier or ‘(’ before ‘if’
 1634 | if (var994) {
      | ^~
output.c:1639:3: error: expected identifier or ‘(’ before ‘else’
 1639 | } else {
      |   ^~~~
output.c:1641:1: warning: data definition has no type or storage class
 1641 | var998 = var1327;
      | ^~~~~~
output.c:1641:1: error: type defaults to ‘int’ in declaration of ‘var998’ [-Wimplicit-int]
output.c:1641:10: error: initializer element is not constant
 1641 | var998 = var1327;
      |          ^~~~~~~
output.c:1642:1: warning: data definition has no type or storage class
 1642 | var999 = var84[0];
      | ^~~~~~
output.c:1642:1: error: type defaults to ‘int’ in declaration of ‘var999’ [-Wimplicit-int]
output.c:1643:1: warning: data definition has no type or storage class
 1643 | var1000 = var999 == var86;
      | ^~~~~~~
output.c:1643:1: error: type defaults to ‘int’ in declaration of ‘var1000’ [-Wimplicit-int]
output.c:1644:1: warning: data definition has no type or storage class
 1644 | var1328 = 0;
      | ^~~~~~~
output.c:1644:1: error: type defaults to ‘int’ in declaration of ‘var1328’ [-Wimplicit-int]
output.c:1645:1: error: expected identifier or ‘(’ before ‘if’
 1645 | if (var92) {
      | ^~
output.c:1650:3: error: expected identifier or ‘(’ before ‘else’
 1650 | } else {
      |   ^~~~
output.c:1652:1: warning: data definition has no type or storage class
 1652 | var1001 = var1328;
      | ^~~~~~~
output.c:1652:1: error: type defaults to ‘int’ in declaration of ‘var1001’ [-Wimplicit-int]
output.c:1652:11: error: initializer element is not constant
 1652 | var1001 = var1328;
      |           ^~~~~~~
output.c:1653:1: warning: data definition has no type or storage class
 1653 | var1002 = int var570 = var1001;
      | ^~~~~~~
output.c:1653:1: error: type defaults to ‘int’ in declaration of ‘var1002’ [-Wimplicit-int]
output.c:1653:11: error: expected expression before ‘int’
 1653 | var1002 = int var570 = var1001;
      |           ^~~
output.c:1654:1: error: expected identifier or ‘(’ before ‘if’
 1654 | if (var570) {
      | ^~
output.c:1671:5: error: "(" is not a valid filename
 1671 | # 83(var91);
      |     ^
output.c:1681:1: error: expected identifier or ‘(’ before ‘goto’
 1681 | goto label_84;
      | ^~~~
output.c:1682:1: error: expected identifier or ‘(’ before ‘}’ token
 1682 | }
      | ^
output.c:1683:1: error: expected identifier or ‘(’ before ‘else’
 1683 | else {
      | ^~~~
output.c:1693:1: warning: data definition has no type or storage class
 1693 | var1009 = 0 - 1;
      | ^~~~~~~
output.c:1693:1: error: type defaults to ‘int’ in declaration of ‘var1009’ [-Wimplicit-int]
output.c:1694:1: warning: data definition has no type or storage class
 1694 | var1010 = var1009 + 8;
      | ^~~~~~~
output.c:1694:1: error: type defaults to ‘int’ in declaration of ‘var1010’ [-Wimplicit-int]
output.c:1694:11: error: initializer element is not constant
 1694 | var1010 = var1009 + 8;
      |           ^~~~~~~
output.c:1695:1: warning: data definition has no type or storage class
 1695 | var1011 = var90 + var1010;
      | ^~~~~~~
output.c:1695:1: error: type defaults to ‘int’ in declaration of ‘var1011’ [-Wimplicit-int]
output.c:1695:11: error: initializer element is not constant
 1695 | var1011 = var90 + var1010;
      |           ^~~~~
output.c:1696:1: warning: data definition has no type or storage class
 1696 | var1012 = var90 = var1011;
      | ^~~~~~~
output.c:1696:1: error: type defaults to ‘int’ in declaration of ‘var1012’ [-Wimplicit-int]
output.c:1696:11: error: initializer element is not constant
 1696 | var1012 = var90 = var1011;
      |           ^~~~~
output.c:1697:1: error: expected identifier or ‘(’ before ‘goto’
 1697 | goto label_83;
      | ^~~~
output.c:1698:1: error: expected identifier or ‘(’ before ‘}’ token
 1698 | }
      | ^
output.c:1699:10: error: expected ‘=’, ‘,’, ‘;’, ‘asm’ or ‘__attribute__’ before ‘:’ token
 1699 | label_84 : var1013 = var89 - 1;
      |          ^
output.c:1700:1: warning: data definition has no type or storage class
 1700 | var1014 = var1013 - 8;
      | ^~~~~~~
output.c:1700:1: error: type defaults to ‘int’ in declaration of ‘var1014’ [-Wimplicit-int]
output.c:1700:11: error: ‘var1013’ undeclared here (not in a function); did you mean ‘var1014’?
 1700 | var1014 = var1013 - 8;
      |           ^~~~~~~
      |           var1014
output.c:1701:1: warning: data definition has no type or storage class
 1701 | var1015 = var90 = var1014;
      | ^~~~~~~
output.c:1701:1: error: type defaults to ‘int’ in declaration of ‘var1015’ [-Wimplicit-int]
output.c:1701:11: error: initializer element is not constant
 1701 | var1015 = var90 = var1014;
      |           ^~~~~
output.c:1702:1: warning: data definition has no type or storage class
 1702 | var91 = var90;
      | ^~~~~
output.c:1702:1: error: type defaults to ‘int’ in declaration of ‘var91’ [-Wimplicit-int]
output.c:1702:1: error: redefinition of ‘var91’
output.c:1281:1: note: previous definition of ‘var91’ with type ‘int’
 1281 | var91 = var90;
      | ^~~~~
output.c:1702:9: error: initializer element is not constant
 1702 | var91 = var90;
      |         ^~~~~
output.c:1703:1: warning: data definition has no type or storage class
 1703 | var92 = 0;
      | ^~~~~
output.c:1703:1: error: type defaults to ‘int’ in declaration of ‘var92’ [-Wimplicit-int]
output.c:1703:1: error: redefinition of ‘var92’
output.c:1282:1: note: previous definition of ‘var92’ with type ‘int’
 1282 | var92 = 0;
      | ^~~~~
output.c:1704:10: error: expected ‘=’, ‘,’, ‘;’, ‘asm’ or ‘__attribute__’ before ‘:’ token
 1704 | label_87 : var1403 = var90 < 0;
      |          ^
output.c:1705:1: warning: data definition has no type or storage class
 1705 | var1480 = 0;
      | ^~~~~~~
output.c:1705:1: error: type defaults to ‘int’ in declaration of ‘var1480’ [-Wimplicit-int]
output.c:1706:1: error: expected identifier or ‘(’ before ‘if’
 1706 | if (var1403) {
      | ^~
output.c:1708:3: error: expected identifier or ‘(’ before ‘else’
 1708 | } else {
      |   ^~~~
output.c:1710:1: warning: data definition has no type or storage class
 1710 | var1404 = var1480;
      | ^~~~~~~
output.c:1710:1: error: type defaults to ‘int’ in declaration of ‘var1404’ [-Wimplicit-int]
output.c:1710:11: error: initializer element is not constant
 1710 | var1404 = var1480;
      |           ^~~~~~~
output.c:1711:1: warning: data definition has no type or storage class
 1711 | var1405 = var1016 = var1404;
      | ^~~~~~~
output.c:1711:1: error: type defaults to ‘int’ in declaration of ‘var1405’ [-Wimplicit-int]
output.c:1711:11: error: ‘var1016’ undeclared here (not in a function); did you mean ‘var1015’?
 1711 | var1405 = var1016 = var1404;
      |           ^~~~~~~
      |           var1015
output.c:1712:1: warning: data definition has no type or storage class
 1712 | var1017 = var90 % 8;
      | ^~~~~~~
output.c:1712:1: error: type defaults to ‘int’ in declaration of ‘var1017’ [-Wimplicit-int]
output.c:1712:11: error: initializer element is not constant
 1712 | var1017 = var90 % 8;
      |           ^~~~~
output.c:1713:1: warning: data definition has no type or storage class
 1713 | var1018 = 8 - 1;
      | ^~~~~~~
output.c:1713:1: error: type defaults to ‘int’ in declaration of ‘var1018’ [-Wimplicit-int]
output.c:1714:1: warning: data definition has no type or storage class
 1714 | var1019 = var1017 < var1018;
      | ^~~~~~~
output.c:1714:1: error: type defaults to ‘int’ in declaration of ‘var1019’ [-Wimplicit-int]
output.c:1714:11: error: initializer element is not constant
 1714 | var1019 = var1017 < var1018;
      |           ^~~~~~~
output.c:1715:1: warning: data definition has no type or storage class
 1715 | var1329 = 0;
      | ^~~~~~~
output.c:1715:1: error: type defaults to ‘int’ in declaration of ‘var1329’ [-Wimplicit-int]
output.c:1716:1: error: expected identifier or ‘(’ before ‘if’
 1716 | if (var1016) {
      | ^~
output.c:1721:3: error: expected identifier or ‘(’ before ‘else’
 1721 | } else {
      |   ^~~~
output.c:1723:1: warning: data definition has no type or storage class
 1723 | var1020 = var1329;
      | ^~~~~~~
output.c:1723:1: error: type defaults to ‘int’ in declaration of ‘var1020’ [-Wimplicit-int]
output.c:1723:11: error: initializer element is not constant
 1723 | var1020 = var1329;
      |           ^~~~~~~
output.c:1724:1: warning: data definition has no type or storage class
 1724 | var1021 = var84[0];
      | ^~~~~~~
output.c:1724:1: error: type defaults to ‘int’ in declaration of ‘var1021’ [-Wimplicit-int]
output.c:1725:1: warning: data definition has no type or storage class
 1725 | var1022 = var1021 == var86;
      | ^~~~~~~
output.c:1725:1: error: type defaults to ‘int’ in declaration of ‘var1022’ [-Wimplicit-int]
output.c:1726:1: warning: data definition has no type or storage class
 1726 | var1330 = 0;
      | ^~~~~~~
output.c:1726:1: error: type defaults to ‘int’ in declaration of ‘var1330’ [-Wimplicit-int]
output.c:1727:1: error: expected identifier or ‘(’ before ‘if’
 1727 | if (var92) {
      | ^~
output.c:1732:3: error: expected identifier or ‘(’ before ‘else’
 1732 | } else {
      |   ^~~~
output.c:1734:1: warning: data definition has no type or storage class
 1734 | var1023 = var1330;
      | ^~~~~~~
output.c:1734:1: error: type defaults to ‘int’ in declaration of ‘var1023’ [-Wimplicit-int]
output.c:1734:11: error: initializer element is not constant
 1734 | var1023 = var1330;
      |           ^~~~~~~
output.c:1735:1: warning: data definition has no type or storage class
 1735 | var1024 = int var572 = var1023;
      | ^~~~~~~
output.c:1735:1: error: type defaults to ‘int’ in declaration of ‘var1024’ [-Wimplicit-int]
output.c:1735:11: error: expected expression before ‘int’
 1735 | var1024 = int var572 = var1023;
      |           ^~~
output.c:1736:1: error: expected identifier or ‘(’ before ‘if’
 1736 | if (var572) {
      | ^~
output.c:1753:5: error: "(" is not a valid filename
 1753 | # 83(var91);
      |     ^
output.c:1763:1: error: expected identifier or ‘(’ before ‘goto’
 1763 | goto label_88;
      | ^~~~
output.c:1764:1: error: expected identifier or ‘(’ before ‘}’ token
 1764 | }
      | ^
output.c:1765:1: error: expected identifier or ‘(’ before ‘else’
 1765 | else {
      | ^~~~
output.c:1775:1: warning: data definition has no type or storage class
 1775 | var1031 = 0 - 1;
      | ^~~~~~~
output.c:1775:1: error: type defaults to ‘int’ in declaration of ‘var1031’ [-Wimplicit-int]
output.c:1776:1: warning: data definition has no type or storage class
 1776 | var1032 = var1031 - 8;
      | ^~~~~~~
output.c:1776:1: error: type defaults to ‘int’ in declaration of ‘var1032’ [-Wimplicit-int]
output.c:1776:11: error: initializer element is not constant
 1776 | var1032 = var1031 - 8;
      |           ^~~~~~~
output.c:1777:1: warning: data definition has no type or storage class
 1777 | var1033 = var90 + var1032;
      | ^~~~~~~
output.c:1777:1: error: type defaults to ‘int’ in declaration of ‘var1033’ [-Wimplicit-int]
output.c:1777:11: error: initializer element is not constant
 1777 | var1033 = var90 + var1032;
      |           ^~~~~
output.c:1778:1: warning: data definition has no type or storage class
 1778 | var1034 = var90 = var1033;
      | ^~~~~~~
output.c:1778:1: error: type defaults to ‘int’ in declaration of ‘var1034’ [-Wimplicit-int]
output.c:1778:11: error: initializer element is not constant
 1778 | var1034 = var90 = var1033;
      |           ^~~~~
output.c:1779:1: error: expected identifier or ‘(’ before ‘goto’
 1779 | goto label_87;
      | ^~~~
output.c:1780:1: error: expected identifier or ‘(’ before ‘}’ token
 1780 | }
      | ^
output.c:1781:10: error: expected ‘=’, ‘,’, ‘;’, ‘asm’ or ‘__attribute__’ before ‘:’ token
 1781 | label_88 : int var238 = var87;
      |          ^
output.c:1782:1: error: expected identifier or ‘(’ before ‘return’
 1782 | return var238;
      | ^~~~~~
output.c:1783:1: error: expected identifier or ‘(’ before ‘}’ token
 1783 | }
      | ^
output.c: In function ‘getHeuristicValue’:
output.c:1789:5: error: ‘var1035’ undeclared (first use in this function); did you mean ‘var1034’?
 1789 |     var1035 = 8 * 8;
      |     ^~~~~~~
      |     var1034
output.c:1790:5: error: ‘var1036’ undeclared (first use in this function); did you mean ‘var1034’?
 1790 |     var1036 = var97 < var1035;
      |     ^~~~~~~
      |     var1034
output.c:1791:5: error: ‘var1037’ undeclared (first use in this function); did you mean ‘var1034’?
 1791 |     var1037 = var95[0];
      |     ^~~~~~~
      |     var1034
output.c:1792:5: error: ‘var1038’ undeclared (first use in this function); did you mean ‘var1034’?
 1792 |     var1038 = var1037 == var94;
      |     ^~~~~~~
      |     var1034
output.c:1793:5: error: ‘var1039’ undeclared (first use in this function); did you mean ‘var1034’?
 1793 |     var1039 = int var574 = var1038;
      |     ^~~~~~~
      |     var1034
output.c:1793:15: error: expected expression before ‘int’
 1793 |     var1039 = int var574 = var1038;
      |               ^~~
output.c:1794:9: error: ‘var574’ undeclared (first use in this function); did you mean ‘var974’?
 1794 |     if (var574) {
      |         ^~~~~~
      |         var974
output.c:1798:7: error: ‘var1040’ undeclared (first use in this function); did you mean ‘var1020’?
 1798 |       var1040 = var95[0];
      |       ^~~~~~~
      |       var1020
output.c:1799:7: error: ‘var1408’ undeclared (first use in this function); did you mean ‘var1405’?
 1799 |       var1408 = var1040 == 2;
      |       ^~~~~~~
      |       var1405
output.c:1800:7: error: ‘var1482’ undeclared (first use in this function); did you mean ‘var1480’?
 1800 |       var1482 = 0;
      |       ^~~~~~~
      |       var1480
output.c:1805:7: error: ‘var1409’ undeclared (first use in this function); did you mean ‘var1405’?
 1805 |       var1409 = var1482;
      |       ^~~~~~~
      |       var1405
output.c:1806:7: error: ‘var1410’ undeclared (first use in this function); did you mean ‘var1480’?
 1806 |       var1410 = var1041 = var1409;
      |       ^~~~~~~
      |       var1480
output.c:1806:17: error: ‘var1041’ undeclared (first use in this function); did you mean ‘var1031’?
 1806 |       var1410 = var1041 = var1409;
      |                 ^~~~~~~
      |                 var1031
output.c:1807:7: error: ‘var1042’ undeclared (first use in this function); did you mean ‘var1032’?
 1807 |       var1042 = int var575 = var1041;
      |       ^~~~~~~
      |       var1032
output.c:1807:17: error: expected expression before ‘int’
 1807 |       var1042 = int var575 = var1041;
      |                 ^~~
output.c:1808:11: error: ‘var575’ undeclared (first use in this function); did you mean ‘var975’?
 1808 |       if (var575) {
      |           ^~~~~~
      |           var975
output.c: At top level:
output.c:1820:14: error: ‘var96’ undeclared here (not in a function); did you mean ‘var92’?
 1820 | int var239 = var96;
      |              ^~~~~
      |              var92
output.c:1821:1: error: expected identifier or ‘(’ before ‘return’
 1821 | return var239;
      | ^~~~~~
output.c:1822:1: error: expected identifier or ‘(’ before ‘}’ token
 1822 | }
      | ^
output.c: In function ‘findBestChild’:
output.c:1826:16: error: ‘var0’ undeclared (first use in this function); did you mean ‘var90’?
 1826 |   int var576 = var0;
      |                ^~~~
      |                var90
output.c:1836:22: error: expected ‘)’ before ‘access’
 1836 |     printBoard(var102 access(var105));
      |               ~      ^~~~~~~
      |                      )
output.c:1836:16: error: passing argument 1 of ‘printBoard’ from incompatible pointer type [-Wincompatible-pointer-types]
 1836 |     printBoard(var102 access(var105));
      |                ^~~~~~
      |                |
      |                int **
output.c:53:22: note: expected ‘int *’ but argument is of type ‘int **’
   53 | void printBoard(int *var10) {
      |                 ~~~~~^~~~~
output.c:1838:5: error: ‘var1043’ undeclared (first use in this function); did you mean ‘var104’?
 1838 |     var1043 = 1 == 1;
      |     ^~~~~~~
      |     var104
output.c:1839:5: error: ‘var1044’ undeclared (first use in this function); did you mean ‘var104’?
 1839 |     var1044 = var105 & var1043;
      |     ^~~~~~~
      |     var104
output.c:1840:5: error: ‘var1045’ undeclared (first use in this function); did you mean ‘var105’?
 1840 |     var1045 = int var578 = var1044;
      |     ^~~~~~~
      |     var105
output.c:1840:15: error: expected expression before ‘int’
 1840 |     var1045 = int var578 = var1044;
      |               ^~~
output.c:1841:9: error: ‘var578’ undeclared (first use in this function); did you mean ‘var577’?
 1841 |     if (var578) {
      |         ^~~~~~
      |         var577
output.c:1850:7: error: ‘var1046’ undeclared (first use in this function); did you mean ‘var106’?
 1850 |       var1046 = var105 - 1;
      |       ^~~~~~~
      |       var106
output.c:1851:7: error: ‘var1047’ undeclared (first use in this function); did you mean ‘var107’?
 1851 |       var1047 = var101[0];
      |       ^~~~~~~
      |       var107
output.c:1852:7: error: ‘var1048’ undeclared (first use in this function); did you mean ‘var108’?
 1852 |       var1048 = printf("Parent scanning progress: %d/%d\n", var1047, 8 * 8);
      |       ^~~~~~~
      |       var108
output.c:1858:3: error: ‘var1049’ undeclared (first use in this function); did you mean ‘var104’?
 1858 |   var1049 = var104 - 1;
      |   ^~~~~~~
      |   var104
output.c:1859:3: error: ‘var1050’ undeclared (first use in this function); did you mean ‘var105’?
 1859 |   var1050 = var105 == var1049;
      |   ^~~~~~~
      |   var105
output.c:1860:3: error: ‘var1051’ undeclared (first use in this function); did you mean ‘var105’?
 1860 |   var1051 = int var580 = var1050;
      |   ^~~~~~~
      |   var105
output.c:1860:13: error: expected expression before ‘int’
 1860 |   var1051 = int var580 = var1050;
      |             ^~~
output.c:1861:7: error: ‘var580’ undeclared (first use in this function); did you mean ‘var980’?
 1861 |   if (var580) {
      |       ^~~~~~
      |       var980
output.c:1862:49: error: expected ‘)’ before ‘access’
 1862 |     int var114 = getHeuristicValue(var99, var102 access(var105));
      |                                   ~             ^~~~~~~
      |                                                 )
output.c:1862:43: error: passing argument 2 of ‘getHeuristicValue’ from incompatible pointer type [-Wincompatible-pointer-types]
 1862 |     int var114 = getHeuristicValue(var99, var102 access(var105));
      |                                           ^~~~~~
      |                                           |
      |                                           int **
output.c:1784:39: note: expected ‘int *’ but argument is of type ‘int **’
 1784 | int getHeuristicValue(int var94, int *var95) {
      |                                  ~~~~~^~~~~
output.c:1870:5: error: ‘var1052’ undeclared (first use in this function); did you mean ‘var105’?
 1870 |     var1052 = var106[0];
      |     ^~~~~~~
      |     var105
output.c:1871:5: error: ‘var1053’ undeclared (first use in this function); did you mean ‘var105’?
 1871 |     var1053 = var1052;
      |     ^~~~~~~
      |     var105
output.c:1878:27: error: expected ‘)’ before ‘access’
 1878 |       getValidMoves(var102 access(var105), var103 access(var105), var100);
      |                    ~      ^~~~~~~
      |                           )
output.c:1878:21: error: passing argument 1 of ‘getValidMoves’ from incompatible pointer type [-Wincompatible-pointer-types]
 1878 |       getValidMoves(var102 access(var105), var103 access(var105), var100);
      |                     ^~~~~~
      |                     |
      |                     int **
output.c:469:24: note: expected ‘int *’ but argument is of type ‘int **’
  469 | int getValidMoves(int *var47, int *var48, int var49) {
      |                   ~~~~~^~~~~
output.c:1878:7: error: too few arguments to function ‘getValidMoves’
 1878 |       getValidMoves(var102 access(var105), var103 access(var105), var100);
      |       ^~~~~~~~~~~~~
output.c:469:5: note: declared here
  469 | int getValidMoves(int *var47, int *var48, int var49) {
      |     ^~~~~~~~~~~~~
output.c:1885:17: error: expected ‘;’ before ‘var105’
 1885 |   } var101 [ 0 ] var105 ) = 0 ;
      |                 ^~~~~~~
      |                 ;
output.c:1885:25: error: expected statement before ‘)’ token
 1885 |   } var101 [ 0 ] var105 ) = 0 ;
      |                         ^
output.c:1885:27: error: expected expression before ‘=’ token
 1885 |   } var101 [ 0 ] var105 ) = 0 ;
      |                           ^
output.c:1888:5: error: ‘var1054’ undeclared (first use in this function); did you mean ‘var105’?
 1888 |     var1054 = var105 + 1;
      |     ^~~~~~~
      |     var105
output.c:1889:5: error: ‘var1055’ undeclared (first use in this function); did you mean ‘var105’?
 1889 |     var1055 = var102[0];
      |     ^~~~~~~
      |     var105
output.c:1890:5: error: ‘var1056’ undeclared (first use in this function); did you mean ‘var106’?
 1890 |     var1056 = var1057 = 8 * 8;
      |     ^~~~~~~
      |     var106
output.c:1890:15: error: ‘var1057’ undeclared (first use in this function); did you mean ‘var107’?
 1890 |     var1056 = var1057 = 8 * 8;
      |               ^~~~~~~
      |               var107
output.c:1891:5: error: ‘var1058’ undeclared (first use in this function); did you mean ‘var108’?
 1891 |     var1058 = sizeof cast #TYPE;
      |     ^~~~~~~
      |     var108
output.c:1891:27: error: stray ‘#’ in program
 1891 |     var1058 = sizeof cast #TYPE;
      |                           ^
output.c:1891:22: error: ‘cast’ undeclared (first use in this function)
 1891 |     var1058 = sizeof cast #TYPE;
      |                      ^~~~
output.c:1891:26: error: expected ‘;’ before ‘TYPE’
 1891 |     var1058 = sizeof cast #TYPE;
      |                          ^ ~~~~
      |                          ;
output.c:1892:5: error: ‘var1059’ undeclared (first use in this function); did you mean ‘var105’?
 1892 |     var1059 = var1057 * var1058;
      |     ^~~~~~~
      |     var105
output.c:1893:5: error: ‘var1060’ undeclared (first use in this function); did you mean ‘var106’?
 1893 |     var1060 = memcpy(var1055, var102 access(var105), var1059);
      |     ^~~~~~~
      |     var106
output.c:1893:37: error: expected ‘)’ before ‘access’
 1893 |     var1060 = memcpy(var1055, var102 access(var105), var1059);
      |                     ~               ^~~~~~~
      |                                     )
output.c:1893:15: error: too few arguments to function ‘memcpy’
 1893 |     var1060 = memcpy(var1055, var102 access(var105), var1059);
      |               ^~~~~~
In file included from output.c:4:
/usr/include/string.h:43:14: note: declared here
   43 | extern void *memcpy (void *__restrict __dest, const void *__restrict __src,
      |              ^~~~~~
output.c:1895:5: error: ‘var1061’ undeclared (first use in this function); did you mean ‘var106’?
 1895 |     var1061 = var105 + 1;
      |     ^~~~~~~
      |     var106
output.c:1896:5: error: ‘var1062’ undeclared (first use in this function); did you mean ‘var106’?
 1896 |     var1062 = var108[0];
      |     ^~~~~~~
      |     var106
output.c:1897:5: error: ‘var1063’ undeclared (first use in this function); did you mean ‘var106’?
 1897 |     var1063 = var1062 = var119;
      |     ^~~~~~~
      |     var106
output.c:1897:25: error: ‘var119’ undeclared (first use in this function); did you mean ‘var116’?
 1897 |     var1063 = var1062 = var119;
      |                         ^~~~~~
      |                         var116
output.c:1901:5: error: ‘var1064’ undeclared (first use in this function); did you mean ‘var106’?
 1901 |     var1064 = var105 - 1;
      |     ^~~~~~~
      |     var106
output.c:1902:5: error: ‘var1065’ undeclared (first use in this function); did you mean ‘var106’?
 1902 |     var1065 = var103[0];
      |     ^~~~~~~
      |     var106
output.c:1903:5: error: ‘var1066’ undeclared (first use in this function); did you mean ‘var106’?
 1903 |     var1066 = var105 - 1;
      |     ^~~~~~~
      |     var106
output.c:1904:5: error: ‘var1067’ undeclared (first use in this function); did you mean ‘var107’?
 1904 |     var1067 = var101[0];
      |     ^~~~~~~
      |     var107
output.c:1905:5: error: ‘var1068’ undeclared (first use in this function); did you mean ‘var108’?
 1905 |     var1068 = var1065[0];
      |     ^~~~~~~
      |     var108
output.c:1906:5: error: ‘var1069’ undeclared (first use in this function); did you mean ‘var106’?
 1906 |     var1069 = var1068 = var120;
      |     ^~~~~~~
      |     var106
output.c:1911:3: error: ‘var1070’ undeclared (first use in this function); did you mean ‘var107’?
 1911 |   var1070 = var105 % 2;
      |   ^~~~~~~
      |   var107
output.c:1912:3: error: ‘var1071’ undeclared (first use in this function); did you mean ‘var107’?
 1912 |   var1071 = var1070 == 0;
      |   ^~~~~~~
      |   var107
output.c:1913:3: error: ‘var1072’ undeclared (first use in this function); did you mean ‘var107’?
 1913 |   var1072 = int var121 = var1071;
      |   ^~~~~~~
      |   var107
output.c:1913:13: error: expected expression before ‘int’
 1913 |   var1072 = int var121 = var1071;
      |             ^~~
output.c:1914:16: error: ‘var123’ undeclared (first use in this function); did you mean ‘var122’?
 1914 |   int var122 = var123;
      |                ^~~~~~
      |                var122
output.c:1916:3: error: ‘var1073’ undeclared (first use in this function); did you mean ‘var107’?
 1916 |   var1073 = var101[0];
      |   ^~~~~~~
      |   var107
output.c:1917:3: error: ‘var1074’ undeclared (first use in this function); did you mean ‘var107’?
 1917 |   var1074 = 8 * 8;
      |   ^~~~~~~
      |   var107
output.c:1918:3: error: ‘var1075’ undeclared (first use in this function); did you mean ‘var107’?
 1918 |   var1075 = var1073 < var1074;
      |   ^~~~~~~
      |   var107
output.c:1919:3: error: ‘var1076’ undeclared (first use in this function); did you mean ‘var107’?
 1919 |   var1076 = var103[0];
      |   ^~~~~~~
      |   var107
output.c:1920:3: error: ‘var1077’ undeclared (first use in this function); did you mean ‘var107’?
 1920 |   var1077 = var101[0];
      |   ^~~~~~~
      |   var107
output.c:1921:3: error: ‘var1078’ undeclared (first use in this function); did you mean ‘var108’?
 1921 |   var1078 = var1076[0];
      |   ^~~~~~~
      |   var108
output.c:1922:3: error: ‘var1079’ undeclared (first use in this function); did you mean ‘var107’?
 1922 |   var1079 = var1078 == 1;
      |   ^~~~~~~
      |   var107
output.c:1923:3: error: ‘var1080’ undeclared (first use in this function); did you mean ‘var108’?
 1923 |   var1080 = int var584 = var1079;
      |   ^~~~~~~
      |   var108
output.c:1923:13: error: expected expression before ‘int’
 1923 |   var1080 = int var584 = var1079;
      |             ^~~
output.c:1924:7: error: ‘var584’ undeclared (first use in this function); did you mean ‘var583’?
 1924 |   if (var584) {
      |       ^~~~~~
      |       var583
output.c:1925:5: error: ‘var1081’ undeclared (first use in this function); did you mean ‘var108’?
 1925 |     var1081 = var105 + 1;
      |     ^~~~~~~
      |     var108
output.c:1926:5: error: ‘var1082’ undeclared (first use in this function); did you mean ‘var108’?
 1926 |     var1082 = var108[0];
      |     ^~~~~~~
      |     var108
output.c:1927:5: error: ‘var1083’ undeclared (first use in this function); did you mean ‘var108’?
 1927 |     var1083 = var1082 = var123;
      |     ^~~~~~~
      |     var108
output.c:1928:5: error: ‘var1084’ undeclared (first use in this function); did you mean ‘var108’?
 1928 |     var1084 = var105 + 1;
      |     ^~~~~~~
      |     var108
output.c:1929:5: error: ‘var1085’ undeclared (first use in this function); did you mean ‘var108’?
 1929 |     var1085 = var102[0];
      |     ^~~~~~~
      |     var108
output.c:1930:5: error: ‘var1086’ undeclared (first use in this function); did you mean ‘var108’?
 1930 |     var1086 = var1087 = 8 * 8;
      |     ^~~~~~~
      |     var108
output.c:1930:15: error: ‘var1087’ undeclared (first use in this function); did you mean ‘var108’?
 1930 |     var1086 = var1087 = 8 * 8;
      |               ^~~~~~~
      |               var108
output.c:1931:5: error: ‘var1088’ undeclared (first use in this function); did you mean ‘var108’?
 1931 |     var1088 = sizeof cast #TYPE;
      |     ^~~~~~~
      |     var108
output.c:1931:27: error: stray ‘#’ in program
 1931 |     var1088 = sizeof cast #TYPE;
      |                           ^
output.c:1931:26: error: expected ‘;’ before ‘TYPE’
 1931 |     var1088 = sizeof cast #TYPE;
      |                          ^ ~~~~
      |                          ;
output.c:1932:5: error: ‘var1089’ undeclared (first use in this function); did you mean ‘var108’?
 1932 |     var1089 = var1087 * var1088;
      |     ^~~~~~~
      |     var108
output.c:1933:5: error: ‘var1090’ undeclared (first use in this function); did you mean ‘var100’?
 1933 |     var1090 = memcpy(var1085, var102 access(var105), var1089);
      |     ^~~~~~~
      |     var100
output.c:1933:37: error: expected ‘)’ before ‘access’
 1933 |     var1090 = memcpy(var1085, var102 access(var105), var1089);
      |                     ~               ^~~~~~~
      |                                     )
output.c:1933:15: error: too few arguments to function ‘memcpy’
 1933 |     var1090 = memcpy(var1085, var102 access(var105), var1089);
      |               ^~~~~~
/usr/include/string.h:43:14: note: declared here
   43 | extern void *memcpy (void *__restrict __dest, const void *__restrict __src,
      |              ^~~~~~
output.c:1935:5: error: ‘var1091’ undeclared (first use in this function); did you mean ‘var101’?
 1935 |     var1091 = var105 + 1;
      |     ^~~~~~~
      |     var101
output.c:1936:5: error: ‘var1092’ undeclared (first use in this function); did you mean ‘var102’?
 1936 |     var1092 = var102[0];
      |     ^~~~~~~
      |     var102
output.c:1937:5: error: ‘var1093’ undeclared (first use in this function); did you mean ‘var103’?
 1937 |     var1093 = placePiece(var1092, var101 access(var105), var100);
      |     ^~~~~~~
      |     var103
output.c:1937:41: error: expected ‘)’ before ‘access’
 1937 |     var1093 = placePiece(var1092, var101 access(var105), var100);
      |                         ~               ^~~~~~~
      |                                         )
output.c:1937:35: error: passing argument 2 of ‘placePiece’ makes integer from pointer without a cast [-Wint-conversion]
 1937 |     var1093 = placePiece(var1092, var101 access(var105), var100);
      |                                   ^~~~~~
      |                                   |
      |                                   int *
output.c:1212:32: note: expected ‘int’ but argument is of type ‘int *’
 1212 | int placePiece(int *var84, int var85, int var86) {
      |                            ~~~~^~~~~
output.c:1937:15: error: too few arguments to function ‘placePiece’
 1937 |     var1093 = placePiece(var1092, var101 access(var105), var100);
      |               ^~~~~~~~~~
output.c:1212:5: note: declared here
 1212 | int placePiece(int *var84, int var85, int var86) {
      |     ^~~~~~~~~~
output.c:1939:5: error: ‘var1094’ undeclared (first use in this function); did you mean ‘var104’?
 1939 |     var1094 = var107[0];
      |     ^~~~~~~
      |     var104
output.c:1940:5: error: ‘var1095’ undeclared (first use in this function); did you mean ‘var105’?
 1940 |     var1095 = var1094;
      |     ^~~~~~~
      |     var105
output.c:1949:7: error: ‘var1096’ undeclared (first use in this function); did you mean ‘var106’?
 1949 |       var1096 = var125 > var122;
      |       ^~~~~~~
      |       var106
output.c:1950:7: error: ‘var1331’ undeclared (first use in this function); did you mean ‘var1031’?
 1950 |       var1331 = 0;
      |       ^~~~~~~
      |       var1031
output.c:1951:11: error: ‘var121’ undeclared (first use in this function); did you mean ‘var125’?
 1951 |       if (var121) {
      |           ^~~~~~
      |           var125
output.c:1958:7: error: ‘var1097’ undeclared (first use in this function); did you mean ‘var107’?
 1958 |       var1097 = var1331;
      |       ^~~~~~~
      |       var107
output.c:1959:7: error: ‘var1098’ undeclared (first use in this function); did you mean ‘var108’?
 1959 |       var1098 = int var586 = var1097;
      |       ^~~~~~~
      |       var108
output.c:1959:17: error: expected expression before ‘int’
 1959 |       var1098 = int var586 = var1097;
      |                 ^~~
output.c:1960:11: error: ‘var586’ undeclared (first use in this function); did you mean ‘var585’?
 1960 |       if (var586) {
      |           ^~~~~~
      |           var585
output.c:1963:9: error: ‘var1483’ undeclared (first use in this function); did you mean ‘var1480’?
 1963 |         var1483 = 0;
      |         ^~~~~~~
      |         var1480
output.c:1968:9: error: ‘var1099’ undeclared (first use in this function); did you mean ‘var1019’?
 1968 |         var1099 = var1483;
      |         ^~~~~~~
      |         var1019
output.c:1969:9: error: ‘var1100’ undeclared (first use in this function); did you mean ‘var100’?
 1969 |         var1100 = var125 < var122;
      |         ^~~~~~~
      |         var100
output.c:1970:9: error: ‘var1332’ undeclared (first use in this function); did you mean ‘var1032’?
 1970 |         var1332 = 0;
      |         ^~~~~~~
      |         var1032
output.c:1978:9: error: ‘var1101’ undeclared (first use in this function); did you mean ‘var101’?
 1978 |         var1101 = var1332;
      |         ^~~~~~~
      |         var101
output.c:1979:9: error: ‘var1102’ undeclared (first use in this function); did you mean ‘var102’?
 1979 |         var1102 = int var587 = var1101;
      |         ^~~~~~~
      |         var102
output.c:1979:19: error: expected expression before ‘int’
 1979 |         var1102 = int var587 = var1101;
      |                   ^~~
output.c:1980:13: error: ‘var587’ undeclared (first use in this function); did you mean ‘var585’?
 1980 |         if (var587) {
      |             ^~~~~~
      |             var585
output.c:1986:5: error: ‘var1103’ undeclared (first use in this function); did you mean ‘var103’?
 1986 |     var1103 = var103[0];
      |     ^~~~~~~
      |     var103
output.c:1987:5: error: ‘var1104’ undeclared (first use in this function); did you mean ‘var104’?
 1987 |     var1104 = var101[0];
      |     ^~~~~~~
      |     var104
output.c:1988:5: error: ‘var1105’ undeclared (first use in this function); did you mean ‘var105’?
 1988 |     var1105 = var1103[0];
      |     ^~~~~~~
      |     var105
output.c:1989:5: error: ‘var1106’ undeclared (first use in this function); did you mean ‘var116’?
 1989 |     var1106 = var1105 = var125;
      |     ^~~~~~~
      |     var116
output.c:1990:18: error: ‘var1’ undeclared (first use in this function); did you mean ‘var91’?
 1990 |     int var588 = var1;
      |                  ^~~~
      |                  var91
output.c:1994:9: error: ‘var1107’ undeclared (first use in this function); did you mean ‘var107’?
 1994 |         var1107 = var105 - 1;
      |         ^~~~~~~
      |         var107
output.c:1995:9: error: ‘var1108’ undeclared (first use in this function); did you mean ‘var108’?
 1995 |         var1108 = var108[0];
      |         ^~~~~~~
      |         var108
output.c:1996:9: error: ‘var1411’ undeclared (first use in this function); did you mean ‘var1011’?
 1996 |         var1411 = var1108 == var123;
      |         ^~~~~~~
      |         var1011
output.c:1997:9: error: ‘var1484’ undeclared (first use in this function); did you mean ‘var1404’?
 1997 |         var1484 = 0;
      |         ^~~~~~~
      |         var1404
output.c:2002:9: error: ‘var1412’ undeclared (first use in this function); did you mean ‘var1012’?
 2002 |         var1412 = var1484;
      |         ^~~~~~~
      |         var1012
output.c:2003:9: error: ‘var1413’ undeclared (first use in this function); did you mean ‘var1473’?
 2003 |         var1413 = var1109 = var1412;
      |         ^~~~~~~
      |         var1473
output.c:2003:19: error: ‘var1109’ undeclared (first use in this function); did you mean ‘var1019’?
 2003 |         var1413 = var1109 = var1412;
      |                   ^~~~~~~
      |                   var1019
output.c:2004:9: error: ‘var1110’ undeclared (first use in this function); did you mean ‘var1010’?
 2004 |         var1110 = int var590 = var1109;
      |         ^~~~~~~
      |         var1010
output.c:2004:19: error: expected expression before ‘int’
 2004 |         var1110 = int var590 = var1109;
      |                   ^~~
output.c:2005:13: error: ‘var590’ undeclared (first use in this function); did you mean ‘var950’?
 2005 |         if (var590) {
      |             ^~~~~~
      |             var950
output.c:2008:13: error: ‘var1111’ undeclared (first use in this function); did you mean ‘var1011’?
 2008 |             var1111 = var105 - 1;
      |             ^~~~~~~
      |             var1011
output.c:2009:13: error: ‘var1112’ undeclared (first use in this function); did you mean ‘var1012’?
 2009 |             var1112 = var108[0];
      |             ^~~~~~~
      |             var1012
output.c:2010:13: error: ‘var1414’ undeclared (first use in this function); did you mean ‘var1404’?
 2010 |             var1414 = var122 < var1112;
      |             ^~~~~~~
      |             var1404
output.c:2011:13: error: ‘var1485’ undeclared (first use in this function); did you mean ‘var1405’?
 2011 |             var1485 = 0;
      |             ^~~~~~~
      |             var1405
output.c:2016:13: error: ‘var1415’ undeclared (first use in this function); did you mean ‘var1405’?
 2016 |             var1415 = var1485;
      |             ^~~~~~~
      |             var1405
output.c:2017:13: error: ‘var1416’ undeclared (first use in this function); did you mean ‘var116’?
 2017 |             var1416 = var1113 = var1415;
      |             ^~~~~~~
      |             var116
output.c:2017:23: error: ‘var1113’ undeclared (first use in this function); did you mean ‘var1313’?
 2017 |             var1416 = var1113 = var1415;
      |                       ^~~~~~~
      |                       var1313
output.c:2018:13: error: ‘var1114’ undeclared (first use in this function); did you mean ‘var1014’?
 2018 |             var1114 = int var592 = var1113;
      |             ^~~~~~~
      |             var1014
output.c:2018:23: error: expected expression before ‘int’
 2018 |             var1114 = int var592 = var1113;
      |                       ^~~
output.c:2019:17: error: ‘var592’ undeclared (first use in this function); did you mean ‘var591’?
 2019 |             if (var592) {
      |                 ^~~~~~
      |                 var591
output.c:2024:17: error: ‘var1115’ undeclared (first use in this function); did you mean ‘var1015’?
 2024 |                 var1115 = var105 - 1;
      |                 ^~~~~~~
      |                 var1015
output.c:2025:17: error: ‘var1116’ undeclared (first use in this function); did you mean ‘var116’?
 2025 |                 var1116 = var108[0];
      |                 ^~~~~~~
      |                 var116
output.c:2026:17: error: ‘var1117’ undeclared (first use in this function); did you mean ‘var1017’?
 2026 |                 var1117 =
      |                 ^~~~~~~
      |                 var1017
output.c:2037:13: error: ‘var1118’ undeclared (first use in this function); did you mean ‘var1018’?
 2037 |             var1118 = var105 - 1;
      |             ^~~~~~~
      |             var1018
output.c:2038:13: error: ‘var1119’ undeclared (first use in this function); did you mean ‘var1019’?
 2038 |             var1119 = var108[0];
      |             ^~~~~~~
      |             var1019
output.c:2039:13: error: ‘var1417’ undeclared (first use in this function); did you mean ‘var1017’?
 2039 |             var1417 = var122 > var1119;
      |             ^~~~~~~
      |             var1017
output.c:2040:13: error: ‘var1486’ undeclared (first use in this function); did you mean ‘var1480’?
 2040 |             var1486 = 0;
      |             ^~~~~~~
      |             var1480
output.c:2045:13: error: ‘var1418’ undeclared (first use in this function); did you mean ‘var1018’?
 2045 |             var1418 = var1486;
      |             ^~~~~~~
      |             var1018
output.c:2046:13: error: ‘var1419’ undeclared (first use in this function); did you mean ‘var1019’?
 2046 |             var1419 = var1120 = var1418;
      |             ^~~~~~~
      |             var1019
output.c:2046:23: error: ‘var1120’ undeclared (first use in this function); did you mean ‘var1020’?
 2046 |             var1419 = var1120 = var1418;
      |                       ^~~~~~~
      |                       var1020
output.c:2047:13: error: ‘var1121’ undeclared (first use in this function); did you mean ‘var1021’?
 2047 |             var1121 = int var594 = var1120;
      |             ^~~~~~~
      |             var1021
output.c:2047:23: error: expected expression before ‘int’
 2047 |             var1121 = int var594 = var1120;
      |                       ^~~
output.c:2048:17: error: ‘var594’ undeclared (first use in this function); did you mean ‘var591’?
 2048 |             if (var594) {
      |                 ^~~~~~
      |                 var591
output.c:2053:17: error: ‘var1122’ undeclared (first use in this function); did you mean ‘var122’?
 2053 |                 var1122 = var105 - 1;
      |                 ^~~~~~~
      |                 var122
output.c:2054:17: error: ‘var1123’ undeclared (first use in this function); did you mean ‘var1023’?
 2054 |                 var1123 = var108[0];
      |                 ^~~~~~~
      |                 var1023
output.c:2055:17: error: ‘var1124’ undeclared (first use in this function); did you mean ‘var1024’?
 2055 |                 var1124 =
      |                 ^~~~~~~
      |                 var1024
output.c:2074:3: error: ‘var1125’ undeclared (first use in this function); did you mean ‘var1325’?
 2074 |   var1125 = var101[0];
      |   ^~~~~~~
      |   var1325
output.c:2075:3: error: ‘var1126’ undeclared (first use in this function); did you mean ‘var116’?
 2075 |   var1126 = var1125;
      |   ^~~~~~~
      |   var116
output.c: At top level:
output.c:2079:10: error: expected ‘=’, ‘,’, ‘;’, ‘asm’ or ‘__attribute__’ before ‘:’ token
 2079 | label_94 : var1487 = 0;
      |          ^
output.c:2080:1: error: expected identifier or ‘(’ before ‘if’
 2080 | if (var121) {
      | ^~
output.c:2082:3: error: expected identifier or ‘(’ before ‘else’
 2082 | } else {
      |   ^~~~
output.c:2084:14: error: ‘var1487’ undeclared here (not in a function); did you mean ‘var1480’?
 2084 | int var596 = var1487;
      |              ^~~~~~~
      |              var1480
output.c:2085:1: error: expected identifier or ‘(’ before ‘if’
 2085 | if (var596) {
      | ^~
output.c:2128:3: error: expected identifier or ‘(’ before ‘else’
 2128 | } else {
      |   ^~~~
output.c:2130:1: warning: data definition has no type or storage class
 2130 | var1140 = var105 > 0;
      | ^~~~~~~
output.c:2130:1: error: type defaults to ‘int’ in declaration of ‘var1140’ [-Wimplicit-int]
output.c:2130:11: error: ‘var105’ undeclared here (not in a function); did you mean ‘var1405’?
 2130 | var1140 = var105 > 0;
      |           ^~~~~~
      |           var1405
output.c:2131:1: warning: data definition has no type or storage class
 2131 | var1334 = 0;
      | ^~~~~~~
output.c:2131:1: error: type defaults to ‘int’ in declaration of ‘var1334’ [-Wimplicit-int]
output.c:2132:1: error: expected identifier or ‘(’ before ‘if’
 2132 | if (var1) {
      | ^~
output.c:2137:3: error: expected identifier or ‘(’ before ‘else’
 2137 | } else {
      |   ^~~~
output.c:2139:1: warning: data definition has no type or storage class
 2139 | var1141 = var1334;
      | ^~~~~~~
output.c:2139:1: error: type defaults to ‘int’ in declaration of ‘var1141’ [-Wimplicit-int]
output.c:2139:11: error: initializer element is not constant
 2139 | var1141 = var1334;
      |           ^~~~~~~
output.c:2140:1: warning: data definition has no type or storage class
 2140 | var1142 = int var598 = var1141;
      | ^~~~~~~
output.c:2140:1: error: type defaults to ‘int’ in declaration of ‘var1142’ [-Wimplicit-int]
output.c:2140:11: error: expected expression before ‘int’
 2140 | var1142 = int var598 = var1141;
      |           ^~~
output.c:2141:1: error: expected identifier or ‘(’ before ‘if’
 2141 | if (var598) {
      | ^~
output.c:2189:3: error: expected identifier or ‘(’ before ‘else’
 2189 | } else {
      |   ^~~~
output.c:2191:14: error: ‘var0’ undeclared here (not in a function); did you mean ‘var90’?
 2191 | int var601 = var0;
      |              ^~~~
      |              var90
output.c:2192:1: error: expected identifier or ‘(’ before ‘if’
 2192 | if (var601) {
      | ^~
output.c:2199:3: error: expected identifier or ‘(’ before ‘else’
 2199 | } else {
      |   ^~~~
output.c:2201:14: error: ‘var128’ undeclared here (not in a function); did you mean ‘var1328’?
 2201 | int var244 = var128;
      |              ^~~~~~
      |              var1328
output.c:2202:1: error: expected identifier or ‘(’ before ‘return’
 2202 | return var244;
      | ^~~~~~
output.c:2203:1: error: expected identifier or ‘(’ before ‘}’ token
 2203 | }
      | ^
output.c:2204:1: error: expected identifier or ‘(’ before ‘else’
 2204 | else {
      | ^~~~
output.c:2248:1: warning: data definition has no type or storage class
 2248 | var1167 = var105 > 0;
      | ^~~~~~~
output.c:2248:1: error: type defaults to ‘int’ in declaration of ‘var1167’ [-Wimplicit-int]
output.c:2249:1: warning: data definition has no type or storage class
 2249 | var1337 = 0;
      | ^~~~~~~
output.c:2249:1: error: type defaults to ‘int’ in declaration of ‘var1337’ [-Wimplicit-int]
output.c:2250:1: error: expected identifier or ‘(’ before ‘if’
 2250 | if (var1) {
      | ^~
output.c:2255:3: error: expected identifier or ‘(’ before ‘else’
 2255 | } else {
      |   ^~~~
output.c:2257:1: warning: data definition has no type or storage class
 2257 | var1168 = var1337;
      | ^~~~~~~
output.c:2257:1: error: type defaults to ‘int’ in declaration of ‘var1168’ [-Wimplicit-int]
output.c:2257:11: error: initializer element is not constant
 2257 | var1168 = var1337;
      |           ^~~~~~~
output.c:2258:1: warning: data definition has no type or storage class
 2258 | var1169 = int var603 = var1168;
      | ^~~~~~~
output.c:2258:1: error: type defaults to ‘int’ in declaration of ‘var1169’ [-Wimplicit-int]
output.c:2258:11: error: expected expression before ‘int’
 2258 | var1169 = int var603 = var1168;
      |           ^~~
output.c:2259:1: error: expected identifier or ‘(’ before ‘if’
 2259 | if (var603) {
      | ^~
output.c:2307:3: error: expected identifier or ‘(’ before ‘else’
 2307 | } else {
      |   ^~~~
output.c:2310:1: error: expected identifier or ‘(’ before ‘if’
 2310 | if (var606) {
      | ^~
output.c:2317:3: error: expected identifier or ‘(’ before ‘else’
 2317 | } else {
      |   ^~~~
output.c:2319:14: error: ‘var134’ undeclared here (not in a function); did you mean ‘var1334’?
 2319 | int var245 = var134;
      |              ^~~~~~
      |              var1334
output.c:2320:1: error: expected identifier or ‘(’ before ‘return’
 2320 | return var245;
      | ^~~~~~
output.c:2321:1: error: expected identifier or ‘(’ before ‘}’ token
 2321 | }
      | ^
output.c:2322:1: error: expected identifier or ‘(’ before ‘}’ token
 2322 | }
      | ^
output.c: In function ‘cpuMove’:
output.c:2324:3: error: ‘var142’ undeclared (first use in this function); did you mean ‘var141’?
 2324 |   var142;
      |   ^~~~~~
      |   var141
output.c:2327:16: error: ‘var2’ undeclared (first use in this function); did you mean ‘var92’?
 2327 |   int var147 = var2 + 1;
      |                ^~~~
      |                var92
output.c:2328:3: error: ‘var1181’ undeclared (first use in this function); did you mean ‘var1141’?
 2328 |   var1181 = (int)0;
      |   ^~~~~~~
      |   var1141
output.c:2329:3: error: ‘var1182’ undeclared (first use in this function); did you mean ‘var1142’?
 2329 |   var1182 = var147[0];
      |   ^~~~~~~
      |   var1142
output.c:2329:19: error: subscripted value is neither array nor pointer nor vector
 2329 |   var1182 = var147[0];
      |                   ^
output.c:2330:3: error: ‘var1183’ undeclared (first use in this function); did you mean ‘var1169’?
 2330 |   var1183 = sizeof = var1182;
      |   ^~~~~~~
      |   var1169
output.c:2330:20: error: expected expression before ‘=’ token
 2330 |   var1183 = sizeof = var1182;
      |                    ^
output.c:2331:31: error: ‘var391’ undeclared (first use in this function); did you mean ‘var91’?
 2331 |   int *var148 = (int *)malloc(var391);
      |                               ^~~~~~
      |                               var91
output.c:2333:3: error: ‘var1184’ undeclared (first use in this function); did you mean ‘var148’?
 2333 |   var1184 = (int *)0;
      |   ^~~~~~~
      |   var148
output.c:2334:3: error: ‘var1185’ undeclared (first use in this function); did you mean ‘var148’?
 2334 |   var1185 = var147[0];
      |   ^~~~~~~
      |   var148
output.c:2334:19: error: subscripted value is neither array nor pointer nor vector
 2334 |   var1185 = var147[0];
      |                   ^
output.c:2335:3: error: ‘var1186’ undeclared (first use in this function); did you mean ‘var1168’?
 2335 |   var1186 = sizeof = var1185;
      |   ^~~~~~~
      |   var1168
output.c:2335:20: error: expected expression before ‘=’ token
 2335 |   var1186 = sizeof = var1185;
      |                    ^
output.c:2336:33: error: ‘var392’ undeclared (first use in this function); did you mean ‘var92’?
 2336 |   int **var150 = (int **)malloc(var392);
      |                                 ^~~~~~
      |                                 var92
output.c:2338:3: error: ‘var1187’ undeclared (first use in this function); did you mean ‘var1167’?
 2338 |   var1187 = (int *)0;
      |   ^~~~~~~
      |   var1167
output.c:2339:3: error: ‘var1188’ undeclared (first use in this function); did you mean ‘var1168’?
 2339 |   var1188 = var147[0];
      |   ^~~~~~~
      |   var1168
output.c:2339:19: error: subscripted value is neither array nor pointer nor vector
 2339 |   var1188 = var147[0];
      |                   ^
output.c:2340:3: error: ‘var1189’ undeclared (first use in this function); did you mean ‘var1169’?
 2340 |   var1189 = sizeof = var1188;
      |   ^~~~~~~
      |   var1169
output.c:2340:20: error: expected expression before ‘=’ token
 2340 |   var1189 = sizeof = var1188;
      |                    ^
output.c:2341:33: error: ‘var393’ undeclared (first use in this function); did you mean ‘var933’?
 2341 |   int **var151 = (int **)malloc(var393);
      |                                 ^~~~~~
      |                                 var933
output.c:2343:3: error: ‘var1190’ undeclared (first use in this function); did you mean ‘var1140’?
 2343 |   var1190 = (int)0;
      |   ^~~~~~~
      |   var1140
output.c:2344:3: error: ‘var1191’ undeclared (first use in this function); did you mean ‘var1141’?
 2344 |   var1191 = var147[0];
      |   ^~~~~~~
      |   var1141
output.c:2344:19: error: subscripted value is neither array nor pointer nor vector
 2344 |   var1191 = var147[0];
      |                   ^
output.c:2345:3: error: ‘var1192’ undeclared (first use in this function); did you mean ‘var1142’?
 2345 |   var1192 = sizeof = var1191;
      |   ^~~~~~~
      |   var1142
output.c:2345:20: error: expected expression before ‘=’ token
 2345 |   var1192 = sizeof = var1191;
      |                    ^
output.c:2346:31: error: ‘var394’ undeclared (first use in this function); did you mean ‘var994’?
 2346 |   int *var152 = (int *)malloc(var394);
      |                               ^~~~~~
      |                               var994
output.c:2351:40: error: expected ‘;’ before ‘var153’
 2351 |     if (var153 < var147) { var148 [ 0 ] var153 ) = 0 ; var152 [ 0 ] var153 ) = var154 ; var150 [ 0 ] var153 ) = #3H ( ) ; var151 [ 0 ] var153 ) = #3H ( ) ;
      |                                        ^~~~~~~
      |                                        ;
output.c:2351:48: error: expected statement before ‘)’ token
 2351 |     if (var153 < var147) { var148 [ 0 ] var153 ) = 0 ; var152 [ 0 ] var153 ) = var154 ; var150 [ 0 ] var153 ) = #3H ( ) ; var151 [ 0 ] var153 ) = #3H ( ) ;
      |                                                ^
output.c:2351:50: error: expected expression before ‘=’ token
 2351 |     if (var153 < var147) { var148 [ 0 ] var153 ) = 0 ; var152 [ 0 ] var153 ) = var154 ; var150 [ 0 ] var153 ) = #3H ( ) ; var151 [ 0 ] var153 ) = #3H ( ) ;
      |                                                  ^
output.c:2351:68: error: expected ‘;’ before ‘var153’
 2351 |     if (var153 < var147) { var148 [ 0 ] var153 ) = 0 ; var152 [ 0 ] var153 ) = var154 ; var150 [ 0 ] var153 ) = #3H ( ) ; var151 [ 0 ] var153 ) = #3H ( ) ;
      |                                                                    ^~~~~~~
      |                                                                    ;
output.c:2351:76: error: expected statement before ‘)’ token
 2351 |     if (var153 < var147) { var148 [ 0 ] var153 ) = 0 ; var152 [ 0 ] var153 ) = var154 ; var150 [ 0 ] var153 ) = #3H ( ) ; var151 [ 0 ] var153 ) = #3H ( ) ;
      |                                                                            ^
output.c:2351:78: error: expected expression before ‘=’ token
 2351 |     if (var153 < var147) { var148 [ 0 ] var153 ) = 0 ; var152 [ 0 ] var153 ) = var154 ; var150 [ 0 ] var153 ) = #3H ( ) ; var151 [ 0 ] var153 ) = #3H ( ) ;
      |                                                                              ^
output.c:2351:80: error: ‘var154’ undeclared (first use in this function); did you mean ‘var153’?
 2351 |     if (var153 < var147) { var148 [ 0 ] var153 ) = 0 ; var152 [ 0 ] var153 ) = var154 ; var150 [ 0 ] var153 ) = #3H ( ) ; var151 [ 0 ] var153 ) = #3H ( ) ;
      |                                                                                ^~~~~~
      |                                                                                var153
output.c:2351:101: error: expected ‘;’ before ‘var153’
 2351 |     if (var153 < var147) { var148 [ 0 ] var153 ) = 0 ; var152 [ 0 ] var153 ) = var154 ; var150 [ 0 ] var153 ) = #3H ( ) ; var151 [ 0 ] var153 ) = #3H ( ) ;
      |                                                                                                     ^~~~~~~
      |                                                                                                     ;
output.c:2351:109: error: expected statement before ‘)’ token
 2351 |     if (var153 < var147) { var148 [ 0 ] var153 ) = 0 ; var152 [ 0 ] var153 ) = var154 ; var150 [ 0 ] var153 ) = #3H ( ) ; var151 [ 0 ] var153 ) = #3H ( ) ;
      |                                                                                                             ^
output.c:2351:111: error: expected expression before ‘=’ token
 2351 |     if (var153 < var147) { var148 [ 0 ] var153 ) = 0 ; var152 [ 0 ] var153 ) = var154 ; var150 [ 0 ] var153 ) = #3H ( ) ; var151 [ 0 ] var153 ) = #3H ( ) ;
      |                                                                                                               ^
output.c:2351:113: error: stray ‘#’ in program
 2351 |     if (var153 < var147) { var148 [ 0 ] var153 ) = 0 ; var152 [ 0 ] var153 ) = var154 ; var150 [ 0 ] var153 ) = #3H ( ) ; var151 [ 0 ] var153 ) = #3H ( ) ;
      |                                                                                                                 ^
output.c:2351:114: error: invalid suffix "H" on integer constant
 2351 |     if (var153 < var147) { var148 [ 0 ] var153 ) = 0 ; var152 [ 0 ] var153 ) = var154 ; var150 [ 0 ] var153 ) = #3H ( ) ; var151 [ 0 ] var153 ) = #3H ( ) ;
      |                                                                                                                  ^~
output.c:2351:135: error: expected ‘;’ before ‘var153’
 2351 |     if (var153 < var147) { var148 [ 0 ] var153 ) = 0 ; var152 [ 0 ] var153 ) = var154 ; var150 [ 0 ] var153 ) = #3H ( ) ; var151 [ 0 ] var153 ) = #3H ( ) ;
      |                                                                                                                                       ^~~~~~~
      |                                                                                                                                       ;
output.c:2351:143: error: expected statement before ‘)’ token
 2351 |     if (var153 < var147) { var148 [ 0 ] var153 ) = 0 ; var152 [ 0 ] var153 ) = var154 ; var150 [ 0 ] var153 ) = #3H ( ) ; var151 [ 0 ] var153 ) = #3H ( ) ;
      |                                                                                                                                               ^
output.c:2351:145: error: expected expression before ‘=’ token
 2351 |     if (var153 < var147) { var148 [ 0 ] var153 ) = 0 ; var152 [ 0 ] var153 ) = var154 ; var150 [ 0 ] var153 ) = #3H ( ) ; var151 [ 0 ] var153 ) = #3H ( ) ;
      |                                                                                                                                                 ^
output.c:2351:147: error: stray ‘#’ in program
 2351 |     if (var153 < var147) { var148 [ 0 ] var153 ) = 0 ; var152 [ 0 ] var153 ) = var154 ; var150 [ 0 ] var153 ) = #3H ( ) ; var151 [ 0 ] var153 ) = #3H ( ) ;
      |                                                                                                                                                   ^
output.c:2351:148: error: invalid suffix "H" on integer constant
 2351 |     if (var153 < var147) { var148 [ 0 ] var153 ) = 0 ; var152 [ 0 ] var153 ) = var154 ; var150 [ 0 ] var153 ) = #3H ( ) ; var151 [ 0 ] var153 ) = #3H ( ) ;
      |                                                                                                                                                    ^~
output.c:2359:3: error: ‘var1193’ undeclared (first use in this function); did you mean ‘var1169’?
 2359 |   var1193 = 8 * 8;
      |   ^~~~~~~
      |   var1169
output.c:2360:3: error: ‘var1194’ undeclared (first use in this function); did you mean ‘var1169’?
 2360 |   var1194 = sizeof cast #TYPE;
      |   ^~~~~~~
      |   var1169
output.c:2360:25: error: stray ‘#’ in program
 2360 |   var1194 = sizeof cast #TYPE;
      |                         ^
output.c:2360:20: error: ‘cast’ undeclared (first use in this function)
 2360 |   var1194 = sizeof cast #TYPE;
      |                    ^~~~
output.c:2360:24: error: expected ‘;’ before ‘TYPE’
 2360 |   var1194 = sizeof cast #TYPE;
      |                        ^ ~~~~
      |                        ;
output.c:2361:3: error: ‘var1195’ undeclared (first use in this function); did you mean ‘var1395’?
 2361 |   var1195 = var1193 * var1194;
      |   ^~~~~~~
      |   var1395
output.c:2362:3: error: ‘var1196’ undeclared (first use in this function); did you mean ‘var1169’?
 2362 |   var1196 = memcpy(var150 access(0), var141, var1195);
      |   ^~~~~~~
      |   var1169
output.c:2362:26: error: expected ‘)’ before ‘access’
 2362 |   var1196 = memcpy(var150 access(0), var141, var1195);
      |                   ~      ^~~~~~~
      |                          )
output.c:2362:13: error: too few arguments to function ‘memcpy’
 2362 |   var1196 = memcpy(var150 access(0), var141, var1195);
      |             ^~~~~~
/usr/include/string.h:43:14: note: declared here
   43 | extern void *memcpy (void *__restrict __dest, const void *__restrict __src,
      |              ^~~~~~
output.c:2364:69: error: expected ‘)’ before ‘ref’
 2364 |   findBestChild(var140, var140, var148, var150, var151, var147, 0, 0 ref var145,
      |                ~                                                    ^~~~
      |                                                                     )
output.c:2364:3: error: too few arguments to function ‘findBestChild’
 2364 |   findBestChild(var140, var140, var148, var150, var151, var147, 0, 0 ref var145,
      |   ^~~~~~~~~~~~~
output.c:1823:5: note: declared here
 1823 | int findBestChild(int var99, int var100, int *var101, int **var102,
      |     ^~~~~~~~~~~~~
output.c:2368:16: error: ‘var158’ undeclared (first use in this function); did you mean ‘var157’?
 2368 |   int var157 = var158;
      |                ^~~~~~
      |                var157
output.c:2372:5: error: ‘var1197’ undeclared (first use in this function); did you mean ‘var1167’?
 2372 |     var1197 = 8 * 8;
      |     ^~~~~~~
      |     var1167
output.c:2373:5: error: ‘var1198’ undeclared (first use in this function); did you mean ‘var1168’?
 2373 |     var1198 = var159 < var1197;
      |     ^~~~~~~
      |     var1168
output.c:2374:5: error: ‘var1199’ undeclared (first use in this function); did you mean ‘var1169’?
 2374 |     var1199 = var151[0];
      |     ^~~~~~~
      |     var1169
output.c:2375:5: error: ‘var1200’ undeclared (first use in this function); did you mean ‘var1020’?
 2375 |     var1200 = var1199[0];
      |     ^~~~~~~
      |     var1020
output.c:2376:5: error: ‘var1201’ undeclared (first use in this function); did you mean ‘var1021’?
 2376 |     var1201 = var1200 > var157;
      |     ^~~~~~~
      |     var1021
output.c:2377:5: error: ‘var1202’ undeclared (first use in this function); did you mean ‘var1022’?
 2377 |     var1202 = int var607 = var1201;
      |     ^~~~~~~
      |     var1022
output.c:2377:15: error: expected expression before ‘int’
 2377 |     var1202 = int var607 = var1201;
      |               ^~~
output.c:2378:9: error: ‘var607’ undeclared (first use in this function); did you mean ‘var606’?
 2378 |     if (var607) {
      |         ^~~~~~
      |         var606
output.c:2380:7: error: ‘var1203’ undeclared (first use in this function); did you mean ‘var1023’?
 2380 |       var1203 = var151[0];
      |       ^~~~~~~
      |       var1023
output.c:2381:7: error: ‘var1204’ undeclared (first use in this function); did you mean ‘var1024’?
 2381 |       var1204 = var1203[0];
      |       ^~~~~~~
      |       var1024
output.c:2382:7: error: ‘var1205’ undeclared (first use in this function); did you mean ‘var1405’?
 2382 |       var1205 = var157 = var1204;
      |       ^~~~~~~
      |       var1405
output.c: At top level:
output.c:2392:1: error: expected identifier or ‘(’ before ‘if’
 2392 | if (var608) {
      | ^~
output.c:2397:3: error: expected identifier or ‘(’ before ‘else’
 2397 | } else {
      |   ^~~~
output.c:2399:8: error: expected declaration specifiers or ‘...’ before string constant
 2399 | printf("Computer search depth = %d\n", var2);
      |        ^~~~~~~~~~~~~~~~~~~~~~~~~~~~~~
output.c:2399:40: error: unknown type name ‘var2’
 2399 | printf("Computer search depth = %d\n", var2);
      |                                        ^~~~
output.c:2401:8: error: expected declaration specifiers or ‘...’ before string constant
 2401 | printf("Best move value = %d\n", var157);
      |        ^~~~~~~~~~~~~~~~~~~~~~~~
output.c:2401:34: error: unknown type name ‘var157’
 2401 | printf("Best move value = %d\n", var157);
      |                                  ^~~~~~
output.c:2403:8: error: expected declaration specifiers or ‘...’ before string constant
 2403 | printf("Computer thinks the best move is %d\n", var156 + 1);
      |        ^~~~~~~~~~~~~~~~~~~~~~~~~~~~~~~~~~~~~~~
output.c:2403:49: error: unknown type name ‘var156’
 2403 | printf("Computer thinks the best move is %d\n", var156 + 1);
      |                                                 ^~~~~~
output.c:2405:1: warning: data definition has no type or storage class
 2405 | var1206 = 0 - 1;
      | ^~~~~~~
output.c:2405:1: error: type defaults to ‘int’ in declaration of ‘var1206’ [-Wimplicit-int]
output.c:2406:1: warning: data definition has no type or storage class
 2406 | var1207 = var156 == var1206;
      | ^~~~~~~
output.c:2406:1: error: type defaults to ‘int’ in declaration of ‘var1207’ [-Wimplicit-int]
output.c:2406:11: error: ‘var156’ undeclared here (not in a function); did you mean ‘var956’?
 2406 | var1207 = var156 == var1206;
      |           ^~~~~~
      |           var956
output.c:2407:1: warning: data definition has no type or storage class
 2407 | var1208 = int var609 = var1207;
      | ^~~~~~~
output.c:2407:1: error: type defaults to ‘int’ in declaration of ‘var1208’ [-Wimplicit-int]
output.c:2407:11: error: expected expression before ‘int’
 2407 | var1208 = int var609 = var1207;
      |           ^~~
output.c:2408:1: error: expected identifier or ‘(’ before ‘if’
 2408 | if (var609) {
      | ^~
output.c:2415:17: error: stray ‘#’ in program
 2415 |   int *var162 = #3H();
      |                 ^
output.c:2415:18: error: invalid suffix "H" on integer constant
 2415 |   int *var162 = #3H();
      |                  ^~
output.c:2443:3: error: expected identifier or ‘(’ before ‘else’
 2443 | } else {
      |   ^~~~
output.c:2445:1: error: expected identifier or ‘(’ before ‘}’ token
 2445 | }
      | ^
output.c:2446:1: warning: data definition has no type or storage class
 2446 | var142;
      | ^~~~~~
output.c:2446:1: error: type defaults to ‘int’ in declaration of ‘var142’ [-Wimplicit-int]
output.c:2447:1: warning: data definition has no type or storage class
 2447 | var1214 = clock() - clock();
      | ^~~~~~~
output.c:2447:1: error: type defaults to ‘int’ in declaration of ‘var1214’ [-Wimplicit-int]
output.c:2447:11: error: initializer element is not constant
 2447 | var1214 = clock() - clock();
      |           ^~~~~
output.c:2448:1: warning: data definition has no type or storage class
 2448 | var1215 = (double)var1214;
      | ^~~~~~~
output.c:2448:1: error: type defaults to ‘int’ in declaration of ‘var1215’ [-Wimplicit-int]
output.c:2448:11: error: initializer element is not constant
 2448 | var1215 = (double)var1214;
      |           ^
output.c:2449:1: warning: data definition has no type or storage class
 2449 | var1216 = var1215 / var166;
      | ^~~~~~~
output.c:2449:1: error: type defaults to ‘int’ in declaration of ‘var1216’ [-Wimplicit-int]
output.c:2449:21: error: ‘var166’ undeclared here (not in a function); did you mean ‘var966’?
 2449 | var1216 = var1215 / var166;
      |                     ^~~~~~
      |                     var966
output.c:2450:1: warning: data definition has no type or storage class
 2450 | var1217 = double var165 = var1216;
      | ^~~~~~~
output.c:2450:1: error: type defaults to ‘int’ in declaration of ‘var1217’ [-Wimplicit-int]
output.c:2450:11: error: expected expression before ‘double’
 2450 | var1217 = double var165 = var1216;
      |           ^~~~~~
output.c:2451:8: error: expected declaration specifiers or ‘...’ before string constant
 2451 | printf("Computer examined %zu states (%zu nodes)!\n", var145, var146);
      |        ^~~~~~~~~~~~~~~~~~~~~~~~~~~~~~~~~~~~~~~~~~~~~
output.c:2451:55: error: unknown type name ‘var145’
 2451 | printf("Computer examined %zu states (%zu nodes)!\n", var145, var146);
      |                                                       ^~~~~~
output.c:2451:63: error: unknown type name ‘var146’
 2451 | printf("Computer examined %zu states (%zu nodes)!\n", var145, var146);
      |                                                               ^~~~~~
output.c:2453:8: error: expected declaration specifiers or ‘...’ before string constant
 2453 | printf("Computer took %.2f seconds to decide!\n", var165);
      |        ^~~~~~~~~~~~~~~~~~~~~~~~~~~~~~~~~~~~~~~~~
output.c:2453:51: error: unknown type name ‘var165’
 2453 | printf("Computer took %.2f seconds to decide!\n", var165);
      |                                                   ^~~~~~
output.c:2455:1: warning: data definition has no type or storage class
 2455 | free(var148);
      | ^~~~
output.c:2455:1: error: type defaults to ‘int’ in declaration of ‘free’ [-Wimplicit-int]
output.c:2455:1: error: parameter names (without types) in function declaration [-Wdeclaration-missing-parameter-type]
output.c:2455:1: error: conflicting types for ‘free’; have ‘int()’
/usr/include/stdlib.h:687:13: note: previous declaration of ‘free’ with type ‘void(void *)’
  687 | extern void free (void *__ptr) __THROW;
      |             ^~~~
output.c:2457:1: error: expected identifier or ‘(’ before ‘{’ token
 2457 | {
      | ^
output.c:2472:1: warning: data definition has no type or storage class
 2472 | free(var150);
      | ^~~~
output.c:2472:1: error: type defaults to ‘int’ in declaration of ‘free’ [-Wimplicit-int]
output.c:2472:1: error: parameter names (without types) in function declaration [-Wdeclaration-missing-parameter-type]
output.c:2472:1: error: conflicting types for ‘free’; have ‘int()’
/usr/include/stdlib.h:687:13: note: previous declaration of ‘free’ with type ‘void(void *)’
  687 | extern void free (void *__ptr) __THROW;
      |             ^~~~
output.c:2474:1: warning: data definition has no type or storage class
 2474 | free(var151);
      | ^~~~
output.c:2474:1: error: type defaults to ‘int’ in declaration of ‘free’ [-Wimplicit-int]
output.c:2474:1: error: parameter names (without types) in function declaration [-Wdeclaration-missing-parameter-type]
output.c:2474:1: error: conflicting types for ‘free’; have ‘int()’
/usr/include/stdlib.h:687:13: note: previous declaration of ‘free’ with type ‘void(void *)’
  687 | extern void free (void *__ptr) __THROW;
      |             ^~~~
output.c:2477:1: error: expected identifier or ‘(’ before ‘return’
 2477 | return var246;
      | ^~~~~~
output.c:2478:1: error: expected identifier or ‘(’ before ‘}’ token
 2478 | }
      | ^
output.c: In function ‘printScore’:
output.c:2492:5: error: ‘var1218’ undeclared (first use in this function); did you mean ‘var1217’?
 2492 |     var1218 = 8 * 8;
      |     ^~~~~~~
      |     var1217
output.c:2493:5: error: ‘var1219’ undeclared (first use in this function); did you mean ‘var1217’?
 2493 |     var1219 = var177 < var1218;
      |     ^~~~~~~
      |     var1217
output.c:2494:5: error: ‘var1220’ undeclared (first use in this function); did you mean ‘var1020’?
 2494 |     var1220 = var174[0];
      |     ^~~~~~~
      |     var1020
output.c:2495:5: error: ‘var1221’ undeclared (first use in this function); did you mean ‘var1021’?
 2495 |     var1221 = var1220 == 0;
      |     ^~~~~~~
      |     var1021
output.c:2496:5: error: ‘var1222’ undeclared (first use in this function); did you mean ‘var1022’?
 2496 |     var1222 = int var613 = var1221;
      |     ^~~~~~~
      |     var1022
output.c:2496:15: error: expected expression before ‘int’
 2496 |     var1222 = int var613 = var1221;
      |               ^~~
output.c:2497:9: error: ‘var613’ undeclared (first use in this function); did you mean ‘var813’?
 2497 |     if (var613) {
      |         ^~~~~~
      |         var813
output.c:2501:7: error: ‘var1223’ undeclared (first use in this function); did you mean ‘var1023’?
 2501 |       var1223 = var174[0];
      |       ^~~~~~~
      |       var1023
output.c:2502:7: error: ‘var1224’ undeclared (first use in this function); did you mean ‘var1214’?
 2502 |       var1224 = var1223 == 1;
      |       ^~~~~~~
      |       var1214
output.c:2503:7: error: ‘var1225’ undeclared (first use in this function); did you mean ‘var1215’?
 2503 |       var1225 = int var614 = var1224;
      |       ^~~~~~~
      |       var1215
output.c:2503:17: error: expected expression before ‘int’
 2503 |       var1225 = int var614 = var1224;
      |                 ^~~
output.c:2504:11: error: ‘var614’ undeclared (first use in this function); did you mean ‘var814’?
 2504 |       if (var614) {
      |           ^~~~~~
      |           var814
output.c: At top level:
output.c:2516:8: error: expected declaration specifiers or ‘...’ before string constant
 2516 | printf("Score:\n");
      |        ^~~~~~~~~~
output.c:2518:8: error: expected declaration specifiers or ‘...’ before string constant
 2518 | printf("BLACK: %d\tWHITE: %d\n", var175, var176);
      |        ^~~~~~~~~~~~~~~~~~~~~~~~
output.c:2518:34: error: unknown type name ‘var175’
 2518 | printf("BLACK: %d\tWHITE: %d\n", var175, var176);
      |                                  ^~~~~~
output.c:2518:42: error: unknown type name ‘var176’
 2518 | printf("BLACK: %d\tWHITE: %d\n", var175, var176);
      |                                          ^~~~~~
output.c:2521:1: error: expected identifier or ‘(’ before ‘return’
 2521 | return var248;
      | ^~~~~~
output.c:2522:1: error: expected identifier or ‘(’ before ‘}’ token
 2522 | }
      | ^
output.c: In function ‘main’:
output.c:2526:17: error: stray ‘#’ in program
 2526 |   int *var183 = #3H();
      |                 ^
output.c:2526:18: error: invalid suffix "H" on integer constant
 2526 |   int *var183 = #3H();
      |                  ^~
output.c:2527:17: error: stray ‘#’ in program
 2527 |   int *var184 = #3H();
      |                 ^
output.c:2527:18: error: invalid suffix "H" on integer constant
 2527 |   int *var184 = #3H();
      |                  ^~
output.c:2528:27: error: ‘var185’ undeclared (first use in this function); did you mean ‘var184’?
 2528 |   printAsciiBoard(var183, var185);
      |                           ^~~~~~
      |                           var184
output.c:2530:37: error: expected ‘=’, ‘,’, ‘;’, ‘asm’ or ‘__attribute__’ before numeric constant
 2530 |   int var186 = 1; char var187 [ 0 ] 5 ) ;
      |                                     ^
output.c:2530:38: error: expected ‘;’ before ‘)’ token
 2530 |   int var186 = 1; char var187 [ 0 ] 5 ) ;
      |                                      ^~
      |                                      ;
output.c:2530:39: error: expected statement before ‘)’ token
 2530 |   int var186 = 1; char var187 [ 0 ] 5 ) ;
      |                                       ^
output.c:2536:11: error: ‘var187’ undeclared (first use in this function); did you mean ‘var188’?
 2536 |     fgets(var187, 5, var190);
      |           ^~~~~~
      |           var188
output.c:2536:22: error: ‘var190’ undeclared (first use in this function); did you mean ‘var180’?
 2536 |     fgets(var187, 5, var190);
      |                      ^~~~~~
      |                      var180
output.c:2537:19: error: expected ‘;’ before numeric constant
 2537 |     ; var187 [ 0 ] 4 ) = '\0' ;
      |                   ^~
      |                   ;
output.c:2537:22: error: expected statement before ‘)’ token
 2537 |     ; var187 [ 0 ] 4 ) = '\0' ;
      |                      ^
output.c:2537:24: error: expected expression before ‘=’ token
 2537 |     ; var187 [ 0 ] 4 ) = '\0' ;
      |                        ^
output.c:2540:5: error: ‘var1496’ undeclared (first use in this function); did you mean ‘var1396’?
 2540 |     var1496 = 0;
      |     ^~~~~~~
      |     var1396
output.c:2549:7: error: ‘var1226’ undeclared (first use in this function); did you mean ‘var1216’?
 2549 |       var1226 = var188 < 0;
      |       ^~~~~~~
      |       var1216
output.c:2550:7: error: ‘var1227’ undeclared (first use in this function); did you mean ‘var1217’?
 2550 |       var1227 = var188 > 2;
      |       ^~~~~~~
      |       var1217
output.c:2551:7: error: ‘var1497’ undeclared (first use in this function); did you mean ‘var1217’?
 2551 |       var1497 = 0;
      |       ^~~~~~~
      |       var1217
output.c:2556:7: error: ‘var1286’ undeclared (first use in this function); did you mean ‘var186’?
 2556 |       var1286 = var1497;
      |       ^~~~~~~
      |       var186
output.c:2557:7: error: ‘var1498’ undeclared (first use in this function); did you mean ‘var188’?
 2557 |       var1498 = 0;
      |       ^~~~~~~
      |       var188
output.c:2562:7: error: ‘var1287’ undeclared (first use in this function); did you mean ‘var1217’?
 2562 |       var1287 = var1498;
      |       ^~~~~~~
      |       var1217
output.c:2563:7: error: ‘var1339’ undeclared (first use in this function); did you mean ‘var1337’?
 2563 |       var1339 = 0;
      |       ^~~~~~~
      |       var1337
output.c:2571:7: error: ‘var1288’ undeclared (first use in this function); did you mean ‘var188’?
 2571 |       var1288 = var1339;
      |       ^~~~~~~
      |       var188
output.c:2572:7: error: ‘var1499’ undeclared (first use in this function); did you mean ‘var1459’?
 2572 |       var1499 = 0;
      |       ^~~~~~~
      |       var1459
output.c:2577:7: error: ‘var1289’ undeclared (first use in this function); did you mean ‘var1389’?
 2577 |       var1289 = var1499;
      |       ^~~~~~~
      |       var1389
output.c:2578:7: error: ‘var1290’ undeclared (first use in this function); did you mean ‘var180’?
 2578 |       var1290 = var1228 = var1289;
      |       ^~~~~~~
      |       var180
output.c:2578:17: error: ‘var1228’ undeclared (first use in this function); did you mean ‘var1208’?
 2578 |       var1290 = var1228 = var1289;
      |                 ^~~~~~~
      |                 var1208
output.c:2579:7: error: ‘var1229’ undeclared (first use in this function); did you mean ‘var1329’?
 2579 |       var1229 = int var616 = var1228;
      |       ^~~~~~~
      |       var1329
output.c:2579:17: error: expected expression before ‘int’
 2579 |       var1229 = int var616 = var1228;
      |                 ^~~
output.c:2580:11: error: ‘var616’ undeclared (first use in this function); did you mean ‘var615’?
 2580 |       if (var616) {
      |           ^~~~~~
      |           var615
output.c:2591:3: error: ‘var1230’ undeclared (first use in this function); did you mean ‘var1330’?
 2591 |   var1230 = var193[0];
      |   ^~~~~~~
      |   var1330
output.c:2591:13: error: ‘var193’ undeclared (first use in this function); did you mean ‘var183’?
 2591 |   var1230 = var193[0];
      |             ^~~~~~
      |             var183
output.c:2592:3: error: ‘var1231’ undeclared (first use in this function); did you mean ‘var1031’?
 2592 |   var1231 = var1230[0];  int var194 [ 0 ] 2 ) ;
      |   ^~~~~~~
      |   var1031
output.c:2592:43: error: expected ‘=’, ‘,’, ‘;’, ‘asm’ or ‘__attribute__’ before numeric constant
 2592 |   var1231 = var1230[0];  int var194 [ 0 ] 2 ) ;
      |                                           ^
output.c:2592:44: error: expected ‘;’ before ‘)’ token
 2592 |   var1231 = var1230[0];  int var194 [ 0 ] 2 ) ;
      |                                            ^~
      |                                            ;
output.c:2592:45: error: expected statement before ‘)’ token
 2592 |   var1231 = var1230[0];  int var194 [ 0 ] 2 ) ;
      |                                             ^
output.c:2598:33: error: expected ‘;’ before ‘var195’
 2598 |       if (var617) { var193 [ 0 ] var195 ) = int var73 ;
      |                                 ^~~~~~~
      |                                 ;
output.c:2598:41: error: expected statement before ‘)’ token
 2598 |       if (var617) { var193 [ 0 ] var195 ) = int var73 ;
      |                                         ^
output.c:2598:43: error: expected expression before ‘=’ token
 2598 |       if (var617) { var193 [ 0 ] var195 ) = int var73 ;
      |                                           ^
output.c:2599:28: error: expected ‘;’ before ‘var195’
 2599 |       } else { var193 [ 0 ] var195 ) = int var169 ;
      |                            ^~~~~~~
      |                            ;
output.c:2599:36: error: expected statement before ‘)’ token
 2599 |       } else { var193 [ 0 ] var195 ) = int var169 ;
      |                                    ^
output.c:2599:38: error: expected expression before ‘=’ token
 2599 |       } else { var193 [ 0 ] var195 ) = int var169 ;
      |                                      ^
output.c:2619:24: error: ‘var198’ undeclared (first use in this function); did you mean ‘var196’?
 2619 |       fgets(var187, 5, var198);
      |                        ^~~~~~
      |                        var196
output.c:2620:21: error: expected ‘;’ before numeric constant
 2620 |       ; var187 [ 0 ] 4 ) = '\0' ;
      |                     ^~
      |                     ;
output.c:2620:24: error: expected statement before ‘)’ token
 2620 |       ; var187 [ 0 ] 4 ) = '\0' ;
      |                        ^
output.c:2620:26: error: expected expression before ‘=’ token
 2620 |       ; var187 [ 0 ] 4 ) = '\0' ;
      |                          ^
output.c:2623:7: error: ‘var1500’ undeclared (first use in this function); did you mean ‘var1000’?
 2623 |       var1500 = 0;
      |       ^~~~~~~
      |       var1000
output.c:2634:23: error: ‘var194’ undeclared (first use in this function); did you mean ‘var199’?
 2634 |         if (var620) { var194 [ 0 ] 0 ) = 0 ; var194 [ 0 ] 1 ) = 1 ;
      |                       ^~~~~~
      |                       var199
output.c:2634:35: error: expected ‘;’ before numeric constant
 2634 |         if (var620) { var194 [ 0 ] 0 ) = 0 ; var194 [ 0 ] 1 ) = 1 ;
      |                                   ^~
      |                                   ;
output.c:2634:38: error: expected statement before ‘)’ token
 2634 |         if (var620) { var194 [ 0 ] 0 ) = 0 ; var194 [ 0 ] 1 ) = 1 ;
      |                                      ^
output.c:2634:40: error: expected expression before ‘=’ token
 2634 |         if (var620) { var194 [ 0 ] 0 ) = 0 ; var194 [ 0 ] 1 ) = 1 ;
      |                                        ^
output.c:2634:58: error: expected ‘;’ before numeric constant
 2634 |         if (var620) { var194 [ 0 ] 0 ) = 0 ; var194 [ 0 ] 1 ) = 1 ;
      |                                                          ^~
      |                                                          ;
output.c:2634:61: error: expected statement before ‘)’ token
 2634 |         if (var620) { var194 [ 0 ] 0 ) = 0 ; var194 [ 0 ] 1 ) = 1 ;
      |                                                             ^
output.c:2634:63: error: expected expression before ‘=’ token
 2634 |         if (var620) { var194 [ 0 ] 0 ) = 0 ; var194 [ 0 ] 1 ) = 1 ;
      |                                                               ^
output.c:2637:37: error: expected ‘;’ before numeric constant
 2637 |           if (var621) { var194 [ 0 ] 0 ) = 1 ; var194 [ 0 ] 1 ) = 0 ;
      |                                     ^~
      |                                     ;
output.c:2637:40: error: expected statement before ‘)’ token
 2637 |           if (var621) { var194 [ 0 ] 0 ) = 1 ; var194 [ 0 ] 1 ) = 0 ;
      |                                        ^
output.c:2637:42: error: expected expression before ‘=’ token
 2637 |           if (var621) { var194 [ 0 ] 0 ) = 1 ; var194 [ 0 ] 1 ) = 0 ;
      |                                          ^
output.c:2637:60: error: expected ‘;’ before numeric constant
 2637 |           if (var621) { var194 [ 0 ] 0 ) = 1 ; var194 [ 0 ] 1 ) = 0 ;
      |                                                            ^~
      |                                                            ;
output.c:2637:63: error: expected statement before ‘)’ token
 2637 |           if (var621) { var194 [ 0 ] 0 ) = 1 ; var194 [ 0 ] 1 ) = 0 ;
      |                                                               ^
output.c:2637:65: error: expected expression before ‘=’ token
 2637 |           if (var621) { var194 [ 0 ] 0 ) = 1 ; var194 [ 0 ] 1 ) = 0 ;
      |                                                                 ^
output.c:2650:24: error: expected ‘;’ before numeric constant
 2650 |   } else { var194 [ 0 ] 0 ) = 0 ; var194 [ 0 ] 1 ) = 1 ;
      |                        ^~
      |                        ;
output.c:2650:27: error: expected statement before ‘)’ token
 2650 |   } else { var194 [ 0 ] 0 ) = 0 ; var194 [ 0 ] 1 ) = 1 ;
      |                           ^
output.c:2650:29: error: expected expression before ‘=’ token
 2650 |   } else { var194 [ 0 ] 0 ) = 0 ; var194 [ 0 ] 1 ) = 1 ;
      |                             ^
output.c:2650:47: error: expected ‘;’ before numeric constant
 2650 |   } else { var194 [ 0 ] 0 ) = 0 ; var194 [ 0 ] 1 ) = 1 ;
      |                                               ^~
      |                                               ;
output.c:2650:50: error: expected statement before ‘)’ token
 2650 |   } else { var194 [ 0 ] 0 ) = 0 ; var194 [ 0 ] 1 ) = 1 ;
      |                                                  ^
output.c:2650:52: error: expected expression before ‘=’ token
 2650 |   } else { var194 [ 0 ] 0 ) = 0 ; var194 [ 0 ] 1 ) = 1 ;
      |                                                    ^
output.c:2651:23: error: expected ‘=’, ‘,’, ‘;’, ‘asm’ or ‘__attribute__’ before numeric constant
 2651 |   } char var202 [ 0 ] 64 ) ;
      |                       ^~
output.c:2651:25: error: expected ‘;’ before ‘)’ token
 2651 |   } char var202 [ 0 ] 64 ) ;
      |                         ^~
      |                         ;
output.c:2651:26: error: expected statement before ‘)’ token
 2651 |   } char var202 [ 0 ] 64 ) ;
      |                          ^
output.c:2658:11: error: ‘var202’ undeclared (first use in this function); did you mean ‘var802’?
 2658 |     fgets(var202, 64, var204);
      |           ^~~~~~
      |           var802
output.c:2658:23: error: ‘var204’ undeclared (first use in this function); did you mean ‘var244’?
 2658 |     fgets(var202, 64, var204);
      |                       ^~~~~~
      |                       var244
output.c:2659:19: error: expected ‘;’ before numeric constant
 2659 |     ; var202 [ 0 ] 63 ) = '\0' ;
      |                   ^~~
      |                   ;
output.c:2659:23: error: expected statement before ‘)’ token
 2659 |     ; var202 [ 0 ] 63 ) = '\0' ;
      |                       ^
output.c:2659:25: error: expected expression before ‘=’ token
 2659 |     ; var202 [ 0 ] 63 ) = '\0' ;
      |                         ^
output.c:2662:5: error: ‘var1501’ undeclared (first use in this function); did you mean ‘var1001’?
 2662 |     var1501 = 0;
      |     ^~~~~~~
      |     var1001
output.c:2688:25: error: ‘var211’ undeclared (first use in this function); did you mean ‘var209’?
 2688 |       fgets(var202, 64, var211);
      |                         ^~~~~~
      |                         var209
output.c:2689:21: error: expected ‘;’ before numeric constant
 2689 |       ; var202 [ 0 ] 63 ) = '\0' ;
      |                     ^~~
      |                     ;
output.c:2689:25: error: expected statement before ‘)’ token
 2689 |       ; var202 [ 0 ] 63 ) = '\0' ;
      |                         ^
output.c:2689:27: error: expected expression before ‘=’ token
 2689 |       ; var202 [ 0 ] 63 ) = '\0' ;
      |                           ^
output.c:2692:7: error: ‘var1426’ undeclared (first use in this function); did you mean ‘var142’?
 2692 |       var1426 = var212 > 0;
      |       ^~~~~~~
      |       var142
output.c:2693:7: error: ‘var1502’ undeclared (first use in this function); did you mean ‘var1002’?
 2693 |       var1502 = 0;
      |       ^~~~~~~
      |       var1002
output.c:2698:7: error: ‘var1427’ undeclared (first use in this function); did you mean ‘var142’?
 2698 |       var1427 = var1502;
      |       ^~~~~~~
      |       var142
output.c:2699:7: error: ‘var1428’ undeclared (first use in this function); did you mean ‘var142’?
 2699 |       var1428 = int var624 = var1427;
      |       ^~~~~~~
      |       var142
output.c:2699:17: error: expected expression before ‘int’
 2699 |       var1428 = int var624 = var1427;
      |                 ^~~
output.c:2700:11: error: ‘var624’ undeclared (first use in this function); did you mean ‘var623’?
 2700 |       if (var624) {
      |           ^~~~~~
      |           var623
output.c:2708:9: error: ‘var2’ undeclared (first use in this function); did you mean ‘var92’?
 2708 |         var2 = var208;
      |         ^~~~
      |         var92
output.c:2719:25: error: ‘var215’ undeclared (first use in this function); did you mean ‘var1215’?
 2719 |       fgets(var202, 64, var215);
      |                         ^~~~~~
      |                         var1215
output.c:2720:21: error: expected ‘;’ before numeric constant
 2720 |       ; var202 [ 0 ] 63 ) = '\0' ;
      |                     ^~~
      |                     ;
output.c:2720:25: error: expected statement before ‘)’ token
 2720 |       ; var202 [ 0 ] 63 ) = '\0' ;
      |                         ^
output.c:2720:27: error: expected expression before ‘=’ token
 2720 |       ; var202 [ 0 ] 63 ) = '\0' ;
      |                           ^
output.c:2723:7: error: ‘var1429’ undeclared (first use in this function); did you mean ‘var142’?
 2723 |       var1429 = var216 > 0;
      |       ^~~~~~~
      |       var142
output.c:2724:7: error: ‘var1503’ undeclared (first use in this function); did you mean ‘var183’?
 2724 |       var1503 = 0;
      |       ^~~~~~~
      |       var183
output.c:2729:7: error: ‘var1430’ undeclared (first use in this function); did you mean ‘var1330’?
 2729 |       var1430 = var1503;
      |       ^~~~~~~
      |       var1330
output.c:2730:7: error: ‘var1431’ undeclared (first use in this function); did you mean ‘var1031’?
 2730 |       var1431 = int var625 = var1430;
      |       ^~~~~~~
      |       var1031
output.c:2730:17: error: expected expression before ‘int’
 2730 |       var1431 = int var625 = var1430;
      |                 ^~~
output.c:2731:11: error: ‘var625’ undeclared (first use in this function); did you mean ‘var623’?
 2731 |       if (var625) {
      |           ^~~~~~
      |           var623
output.c:2751:5: error: ‘var1233’ undeclared (first use in this function); did you mean ‘var1033’?
 2751 |     var1233 = var194[0];
      |     ^~~~~~~
      |     var1033
output.c:2752:5: error: ‘var1234’ undeclared (first use in this function); did you mean ‘var1214’?
 2752 |     var1234 = var1233 == 0;
      |     ^~~~~~~
      |     var1214
output.c:2753:5: error: ‘var1235’ undeclared (first use in this function); did you mean ‘var1215’?
 2753 |     var1235 = int var626 = var1234;
      |     ^~~~~~~
      |     var1215
output.c:2753:15: error: expected expression before ‘int’
 2753 |     var1235 = int var626 = var1234;
      |               ^~~
output.c:2754:9: error: ‘var626’ undeclared (first use in this function); did you mean ‘var623’?
 2754 |     if (var626) {
      |         ^~~~~~
      |         var623
output.c:2767:56: error: expected ‘)’ before ‘access’
 2767 |       int var222 = getValidMoves(var183, var184, var194 access(var196));
      |                                 ~                      ^~~~~~~
      |                                                        )
output.c:2789:7: error: ‘var1236’ undeclared (first use in this function); did you mean ‘var1216’?
 2789 |       var1236 = var194[0];
      |       ^~~~~~~
      |       var1216
output.c:2790:7: error: ‘var1238’ undeclared (first use in this function); did you mean ‘var1208’?
 2790 |       var1238 = var196[0];
      |       ^~~~~~~
      |       var1208
output.c:2790:23: error: subscripted value is neither array nor pointer nor vector
 2790 |       var1238 = var196[0];
      |                       ^
output.c:2791:7: error: ‘var1239’ undeclared (first use in this function); did you mean ‘var239’?
 2791 |       var1239 = var1240 = var221 < 0;
      |       ^~~~~~~
      |       var239
output.c:2791:17: error: ‘var1240’ undeclared (first use in this function); did you mean ‘var1140’?
 2791 |       var1239 = var1240 = var221 < 0;
      |                 ^~~~~~~
      |                 var1140
output.c:2792:7: error: ‘var1241’ undeclared (first use in this function); did you mean ‘var1214’?
 2792 |       var1241 = 8 * 8;
      |       ^~~~~~~
      |       var1214
output.c:2793:7: error: ‘var1432’ undeclared (first use in this function); did you mean ‘var142’?
 2793 |       var1432 = var221 < var1241;
      |       ^~~~~~~
      |       var142
output.c:2794:7: error: ‘var1504’ undeclared (first use in this function); did you mean ‘var1404’?
 2794 |       var1504 = 0;
      |       ^~~~~~~
      |       var1404
output.c:2799:7: error: ‘var1433’ undeclared (first use in this function); did you mean ‘var1033’?
 2799 |       var1433 = var1504;
      |       ^~~~~~~
      |       var1033
output.c:2800:7: error: ‘var1434’ undeclared (first use in this function); did you mean ‘var1334’?
 2800 |       var1434 = var1242 = var1433;
      |       ^~~~~~~
      |       var1334
output.c:2800:17: error: ‘var1242’ undeclared (first use in this function); did you mean ‘var142’?
 2800 |       var1434 = var1242 = var1433;
      |                 ^~~~~~~
      |                 var142
output.c:2801:7: error: ‘var1505’ undeclared (first use in this function); did you mean ‘var1405’?
 2801 |       var1505 = 0;
      |       ^~~~~~~
      |       var1405
output.c:2806:7: error: ‘var1291’ undeclared (first use in this function); did you mean ‘var221’?
 2806 |       var1291 = var1505;
      |       ^~~~~~~
      |       var221
output.c:2807:7: error: ‘var1506’ undeclared (first use in this function); did you mean ‘var1206’?
 2807 |       var1506 = 0;
      |       ^~~~~~~
      |       var1206
output.c:2812:7: error: ‘var1292’ undeclared (first use in this function); did you mean ‘var222’?
 2812 |       var1292 = var1506;
      |       ^~~~~~~
      |       var222
output.c:2813:7: error: ‘var1340’ undeclared (first use in this function); did you mean ‘var1140’?
 2813 |       var1340 = 0;
      |       ^~~~~~~
      |       var1140
output.c:2821:7: error: ‘var1293’ undeclared (first use in this function); did you mean ‘var219’?
 2821 |       var1293 = var1340;
      |       ^~~~~~~
      |       var219
output.c:2822:7: error: ‘var1507’ undeclared (first use in this function); did you mean ‘var1207’?
 2822 |       var1507 = 0;
      |       ^~~~~~~
      |       var1207
output.c:2827:7: error: ‘var1294’ undeclared (first use in this function); did you mean ‘var1214’?
 2827 |       var1294 = var1507;
      |       ^~~~~~~
      |       var1214
output.c:2828:7: error: ‘var1295’ undeclared (first use in this function); did you mean ‘var1215’?
 2828 |       var1295 = var1243 = var1294;
      |       ^~~~~~~
      |       var1215
output.c:2828:17: error: ‘var1243’ undeclared (first use in this function); did you mean ‘var623’?
 2828 |       var1295 = var1243 = var1294;
      |                 ^~~~~~~
      |                 var623
output.c:2829:7: error: ‘var1244’ undeclared (first use in this function); did you mean ‘var1214’?
 2829 |       var1244 = var184[0];
      |       ^~~~~~~
      |       var1214
output.c:2830:7: error: ‘var1245’ undeclared (first use in this function); did you mean ‘var1215’?
 2830 |       var1245 = var1244 == var223;
      |       ^~~~~~~
      |       var1215
output.c:2830:28: error: ‘var223’ undeclared (first use in this function); did you mean ‘var222’?
 2830 |       var1245 = var1244 == var223;
      |                            ^~~~~~
      |                            var222
output.c:2831:7: error: ‘var1508’ undeclared (first use in this function); did you mean ‘var1208’?
 2831 |       var1508 = 0;
      |       ^~~~~~~
      |       var1208
output.c:2836:7: error: ‘var1296’ undeclared (first use in this function); did you mean ‘var196’?
 2836 |       var1296 = var1508;
      |       ^~~~~~~
      |       var196
output.c:2837:7: error: ‘var1509’ undeclared (first use in this function); did you mean ‘var1009’?
 2837 |       var1509 = 0;
      |       ^~~~~~~
      |       var1009
output.c:2842:7: error: ‘var1297’ undeclared (first use in this function); did you mean ‘var1217’?
 2842 |       var1297 = var1509;
      |       ^~~~~~~
      |       var1217
output.c:2843:7: error: ‘var1341’ undeclared (first use in this function); did you mean ‘var1141’?
 2843 |       var1341 = 0;
      |       ^~~~~~~
      |       var1141
output.c:2851:7: error: ‘var1298’ undeclared (first use in this function); did you mean ‘var1208’?
 2851 |       var1298 = var1341;
      |       ^~~~~~~
      |       var1208
output.c:2852:7: error: ‘var1510’ undeclared (first use in this function); did you mean ‘var1010’?
 2852 |       var1510 = 0;
      |       ^~~~~~~
      |       var1010
output.c:2857:7: error: ‘var1299’ undeclared (first use in this function); did you mean ‘var219’?
 2857 |       var1299 = var1510;
      |       ^~~~~~~
      |       var219
output.c:2858:7: error: ‘var1300’ undeclared (first use in this function); did you mean ‘var1330’?
 2858 |       var1300 = var1246 = var1299;
      |       ^~~~~~~
      |       var1330
output.c:2858:17: error: ‘var1246’ undeclared (first use in this function); did you mean ‘var246’?
 2858 |       var1300 = var1246 = var1299;
      |                 ^~~~~~~
      |                 var246
output.c:2859:7: error: ‘var1247’ undeclared (first use in this function); did you mean ‘var1217’?
 2859 |       var1247 = int var629 = var1246;
      |       ^~~~~~~
      |       var1217
output.c:2859:17: error: expected expression before ‘int’
 2859 |       var1247 = int var629 = var1246;
      |                 ^~~
output.c:2860:11: error: ‘var629’ undeclared (first use in this function); did you mean ‘var627’?
 2860 |       if (var629) {
      |           ^~~~~~
      |           var627
output.c:2871:5: error: ‘var1511’ undeclared (first use in this function); did you mean ‘var1011’?
 2871 |     var1511 = 0;
      |     ^~~~~~~
      |     var1011
output.c:2881:5: error: ‘var1512’ undeclared (first use in this function); did you mean ‘var1012’?
 2881 |     var1512 = 0;
      |     ^~~~~~~
      |     var1012
output.c:2888:40: error: expected ‘)’ before ‘access’
 2888 |       placePiece(var183, var221, var194 access(var196));
      |                 ~                      ^~~~~~~
      |                                        )
output.c:2914:5: error: ‘var1248’ undeclared (first use in this function); did you mean ‘var248’?
 2914 |     var1248 = 8 * 8;
      |     ^~~~~~~
      |     var248
output.c:2915:5: error: ‘var1249’ undeclared (first use in this function); did you mean ‘var224’?
 2915 |     var1249 = var226 < var1248;
      |     ^~~~~~~
      |     var224
output.c:2916:5: error: ‘var1250’ undeclared (first use in this function); did you mean ‘var225’?
 2916 |     var1250 = var183[0];
      |     ^~~~~~~
      |     var225
output.c:2917:5: error: ‘var1251’ undeclared (first use in this function); did you mean ‘var1215’?
 2917 |     var1251 = var1250 == 0;
      |     ^~~~~~~
      |     var1215
output.c:2918:5: error: ‘var1252’ undeclared (first use in this function); did you mean ‘var1352’?
 2918 |     var1252 = int var634 = var1251;
      |     ^~~~~~~
      |     var1352
output.c:2918:15: error: expected expression before ‘int’
 2918 |     var1252 = int var634 = var1251;
      |               ^~~
output.c:2919:9: error: ‘var634’ undeclared (first use in this function); did you mean ‘var934’?
 2919 |     if (var634) {
      |         ^~~~~~
      |         var934
output.c:2923:7: error: ‘var1253’ undeclared (first use in this function); did you mean ‘var225’?
 2923 |       var1253 = var183[0];
      |       ^~~~~~~
      |       var225
output.c:2924:7: error: ‘var1254’ undeclared (first use in this function); did you mean ‘var1214’?
 2924 |       var1254 = var1253 == 1;
      |       ^~~~~~~
      |       var1214
output.c:2925:7: error: ‘var1255’ undeclared (first use in this function); did you mean ‘var1215’?
 2925 |       var1255 = int var635 = var1254;
      |       ^~~~~~~
      |       var1215
output.c:2925:17: error: expected expression before ‘int’
 2925 |       var1255 = int var635 = var1254;
      |                 ^~~
output.c:2926:11: error: ‘var635’ undeclared (first use in this function); did you mean ‘var935’?
 2926 |       if (var635) {
      |           ^~~~~~
      |           var935
output.c: At top level:
output.c:2938:8: error: expected declaration specifiers or ‘...’ before string constant
 2938 | printf("Black's Score: %d\n", var224);
      |        ^~~~~~~~~~~~~~~~~~~~~
output.c:2938:31: error: unknown type name ‘var224’
 2938 | printf("Black's Score: %d\n", var224);
      |                               ^~~~~~
output.c:2940:8: error: expected declaration specifiers or ‘...’ before string constant
 2940 | printf("White's Score: %d\n", var225);
      |        ^~~~~~~~~~~~~~~~~~~~~
output.c:2940:31: error: unknown type name ‘var225’
 2940 | printf("White's Score: %d\n", var225);
      |                               ^~~~~~
output.c:2942:14: error: ‘var224’ undeclared here (not in a function); did you mean ‘var244’?
 2942 | int var636 = var224 > var225;
      |              ^~~~~~
      |              var244
output.c:2942:23: error: ‘var225’ undeclared here (not in a function); did you mean ‘var245’?
 2942 | int var636 = var224 > var225;
      |                       ^~~~~~
      |                       var245
output.c:2943:1: error: expected identifier or ‘(’ before ‘if’
 2943 | if (var636) {
      | ^~
output.c:2946:3: error: expected identifier or ‘(’ before ‘else’
 2946 | } else {
      |   ^~~~
output.c:2956:14: error: ‘var188’ undeclared here (not in a function); did you mean ‘var988’?
 2956 | int var638 = var188 == 0;
      |              ^~~~~~
      |              var988
output.c:2957:1: error: expected identifier or ‘(’ before ‘if’
 2957 | if (var638) {
      | ^~
output.c:2964:3: error: expected identifier or ‘(’ before ‘else’
 2964 | } else {
      |   ^~~~
output.c:2967:1: error: expected identifier or ‘(’ before ‘return’
 2967 | return var249;
      | ^~~~~~
output.c:2968:1: error: expected identifier or ‘(’ before ‘}’ token
 2968 | }
      | ^
